C:/Raspberrypi_Pico/GP2040-CE-0.7.11_8BitDo5/8BitDoArcadeStickUSBConverter2/headers/drivers/mdmini/MDMiniDriver.h:16:18:virtual void MDMiniDriver::initializeAux()	0	static
C:/Raspberrypi_Pico/GP2040-CE-0.7.11_8BitDo5/8BitDoArcadeStickUSBConverter2/headers/drivers/mdmini/MDMiniDriver.h:17:18:virtual void MDMiniDriver::processAux()	0	static
C:/Raspberrypi_Pico/GP2040-CE-0.7.11_8BitDo5/8BitDoArcadeStickUSBConverter2/headers/drivers/mdmini/MDMiniDriver.h:27:27:virtual USBListener* MDMiniDriver::get_usb_auth_listener()	0	static
C:/Raspberrypi_Pico/GP2040-CE-0.7.11_8BitDo5/8BitDoArcadeStickUSBConverter2/src/drivers/mdmini/MDMiniDriver.cpp:4:6:virtual void MDMiniDriver::initialize()	8	static
C:/Raspberrypi_Pico/GP2040-CE-0.7.11_8BitDo5/8BitDoArcadeStickUSBConverter2/src/drivers/mdmini/MDMiniDriver.cpp:73:6:virtual void MDMiniDriver::set_report(uint8_t, hid_report_type_t, const uint8_t*, uint16_t)	0	static
C:/Raspberrypi_Pico/GP2040-CE-0.7.11_8BitDo5/8BitDoArcadeStickUSBConverter2/src/drivers/mdmini/MDMiniDriver.cpp:76:6:virtual bool MDMiniDriver::vendor_control_xfer_cb(uint8_t, uint8_t, const tusb_control_request_t*)	0	static
C:/Raspberrypi_Pico/GP2040-CE-0.7.11_8BitDo5/8BitDoArcadeStickUSBConverter2/src/drivers/mdmini/MDMiniDriver.cpp:85:17:virtual const uint8_t* MDMiniDriver::get_descriptor_device_cb()	0	static
C:/Raspberrypi_Pico/GP2040-CE-0.7.11_8BitDo5/8BitDoArcadeStickUSBConverter2/src/drivers/mdmini/MDMiniDriver.cpp:89:17:virtual const uint8_t* MDMiniDriver::get_hid_descriptor_report_cb(uint8_t)	0	static
C:/Raspberrypi_Pico/GP2040-CE-0.7.11_8BitDo5/8BitDoArcadeStickUSBConverter2/src/drivers/mdmini/MDMiniDriver.cpp:93:17:virtual const uint8_t* MDMiniDriver::get_descriptor_configuration_cb(uint8_t)	0	static
C:/Raspberrypi_Pico/GP2040-CE-0.7.11_8BitDo5/8BitDoArcadeStickUSBConverter2/src/drivers/mdmini/MDMiniDriver.cpp:97:17:virtual const uint8_t* MDMiniDriver::get_descriptor_device_qualifier_cb()	0	static
C:/Raspberrypi_Pico/GP2040-CE-0.7.11_8BitDo5/8BitDoArcadeStickUSBConverter2/src/drivers/mdmini/MDMiniDriver.cpp:101:10:virtual uint16_t MDMiniDriver::GetJoystickMidValue()	0	static
C:/Raspberrypi_Pico/GP2040-CE-0.7.11_8BitDo5/8BitDoArcadeStickUSBConverter2/src/drivers/mdmini/MDMiniDriver.cpp:67:10:virtual uint16_t MDMiniDriver::get_report(uint8_t, hid_report_type_t, uint8_t*, uint16_t)	8	static
C:/Raspberrypi_Pico/GP2040-CE-0.7.11_8BitDo5/8BitDoArcadeStickUSBConverter2/src/drivers/mdmini/MDMiniDriver.cpp:28:6:virtual bool MDMiniDriver::process(Gamepad*)	16	static
C:/Raspberrypi_Pico/GP2040-CE-0.7.11_8BitDo5/8BitDoArcadeStickUSBConverter2/headers/drivers/shared/driverhelper.h:4:19:uint16_t* getStringDescriptor(const char*, uint8_t)	16	static
C:/Raspberrypi_Pico/GP2040-CE-0.7.11_8BitDo5/8BitDoArcadeStickUSBConverter2/src/drivers/mdmini/MDMiniDriver.cpp:80:18:virtual const uint16_t* MDMiniDriver::get_descriptor_string_cb(uint8_t, uint16_t)	8	static
