C:/Raspberrypi_Pico/GP2040-CE-0.7.11_8BitDo5/8BitDoArcadeStickUSBConverter2/headers/drivers/psclassic/PSClassicDriver.h:16:18:virtual void PSClassicDriver::initializeAux()	0	static
C:/Raspberrypi_Pico/GP2040-CE-0.7.11_8BitDo5/8BitDoArcadeStickUSBConverter2/headers/drivers/psclassic/PSClassicDriver.h:17:18:virtual void PSClassicDriver::processAux()	0	static
C:/Raspberrypi_Pico/GP2040-CE-0.7.11_8BitDo5/8BitDoArcadeStickUSBConverter2/headers/drivers/psclassic/PSClassicDriver.h:27:27:virtual USBListener* PSClassicDriver::get_usb_auth_listener()	0	static
C:/Raspberrypi_Pico/GP2040-CE-0.7.11_8BitDo5/8BitDoArcadeStickUSBConverter2/src/drivers/psclassic/PSClassicDriver.cpp:4:6:virtual void PSClassicDriver::initialize()	8	static
C:/Raspberrypi_Pico/GP2040-CE-0.7.11_8BitDo5/8BitDoArcadeStickUSBConverter2/src/drivers/psclassic/PSClassicDriver.cpp:74:6:virtual void PSClassicDriver::set_report(uint8_t, hid_report_type_t, const uint8_t*, uint16_t)	0	static
C:/Raspberrypi_Pico/GP2040-CE-0.7.11_8BitDo5/8BitDoArcadeStickUSBConverter2/src/drivers/psclassic/PSClassicDriver.cpp:77:6:virtual bool PSClassicDriver::vendor_control_xfer_cb(uint8_t, uint8_t, const tusb_control_request_t*)	0	static
C:/Raspberrypi_Pico/GP2040-CE-0.7.11_8BitDo5/8BitDoArcadeStickUSBConverter2/src/drivers/psclassic/PSClassicDriver.cpp:86:17:virtual const uint8_t* PSClassicDriver::get_descriptor_device_cb()	0	static
C:/Raspberrypi_Pico/GP2040-CE-0.7.11_8BitDo5/8BitDoArcadeStickUSBConverter2/src/drivers/psclassic/PSClassicDriver.cpp:90:17:virtual const uint8_t* PSClassicDriver::get_hid_descriptor_report_cb(uint8_t)	0	static
C:/Raspberrypi_Pico/GP2040-CE-0.7.11_8BitDo5/8BitDoArcadeStickUSBConverter2/src/drivers/psclassic/PSClassicDriver.cpp:94:17:virtual const uint8_t* PSClassicDriver::get_descriptor_configuration_cb(uint8_t)	0	static
C:/Raspberrypi_Pico/GP2040-CE-0.7.11_8BitDo5/8BitDoArcadeStickUSBConverter2/src/drivers/psclassic/PSClassicDriver.cpp:98:17:virtual const uint8_t* PSClassicDriver::get_descriptor_device_qualifier_cb()	0	static
C:/Raspberrypi_Pico/GP2040-CE-0.7.11_8BitDo5/8BitDoArcadeStickUSBConverter2/src/drivers/psclassic/PSClassicDriver.cpp:102:10:virtual uint16_t PSClassicDriver::GetJoystickMidValue()	0	static
C:/Raspberrypi_Pico/GP2040-CE-0.7.11_8BitDo5/8BitDoArcadeStickUSBConverter2/src/drivers/psclassic/PSClassicDriver.cpp:68:10:virtual uint16_t PSClassicDriver::get_report(uint8_t, hid_report_type_t, uint8_t*, uint16_t)	8	static
C:/Raspberrypi_Pico/GP2040-CE-0.7.11_8BitDo5/8BitDoArcadeStickUSBConverter2/src/drivers/psclassic/PSClassicDriver.cpp:22:6:virtual bool PSClassicDriver::process(Gamepad*)	16	static
C:/Raspberrypi_Pico/GP2040-CE-0.7.11_8BitDo5/8BitDoArcadeStickUSBConverter2/headers/drivers/shared/driverhelper.h:4:19:uint16_t* getStringDescriptor(const char*, uint8_t)	16	static
C:/Raspberrypi_Pico/GP2040-CE-0.7.11_8BitDo5/8BitDoArcadeStickUSBConverter2/src/drivers/psclassic/PSClassicDriver.cpp:81:18:virtual const uint16_t* PSClassicDriver::get_descriptor_string_cb(uint8_t, uint16_t)	8	static
