C:/Raspberrypi_Pico/GP2040-CE-0.7.11_8BitDo5/8BitDoArcadeStickUSBConverter2/lib/tinyusb/src/tusb.c:432:13:dump_str_line	16	static
C:/Raspberrypi_Pico/GP2040-CE-0.7.11_8BitDo5/8BitDoArcadeStickUSBConverter2/lib/tinyusb/src/tusb.c:46:6:tusb_init	8	static
C:/Raspberrypi_Pico/GP2040-CE-0.7.11_8BitDo5/8BitDoArcadeStickUSBConverter2/lib/tinyusb/src/tusb.c:60:6:tusb_inited	8	static
C:/Raspberrypi_Pico/GP2040-CE-0.7.11_8BitDo5/8BitDoArcadeStickUSBConverter2/lib/tinyusb/src/tusb.c:78:16:tu_desc_find	0	static
C:/Raspberrypi_Pico/GP2040-CE-0.7.11_8BitDo5/8BitDoArcadeStickUSBConverter2/lib/tinyusb/src/tusb.c:86:16:tu_desc_find2	8	static
C:/Raspberrypi_Pico/GP2040-CE-0.7.11_8BitDo5/8BitDoArcadeStickUSBConverter2/lib/tinyusb/src/tusb.c:94:16:tu_desc_find3	12	static
C:/Raspberrypi_Pico/GP2040-CE-0.7.11_8BitDo5/8BitDoArcadeStickUSBConverter2/lib/tinyusb/src/tusb.c:106:6:tu_edpt_claim	16	static
C:/Raspberrypi_Pico/GP2040-CE-0.7.11_8BitDo5/8BitDoArcadeStickUSBConverter2/lib/tinyusb/src/tusb.c:123:6:tu_edpt_release	16	static
C:/Raspberrypi_Pico/GP2040-CE-0.7.11_8BitDo5/8BitDoArcadeStickUSBConverter2/lib/tinyusb/src/tusb.c:137:6:tu_edpt_validate	8	static
C:/Raspberrypi_Pico/GP2040-CE-0.7.11_8BitDo5/8BitDoArcadeStickUSBConverter2/lib/tinyusb/src/tusb.c:171:6:tu_edpt_bind_driver	12	static
C:/Raspberrypi_Pico/GP2040-CE-0.7.11_8BitDo5/8BitDoArcadeStickUSBConverter2/lib/tinyusb/src/tusb.c:186:10:tu_desc_get_interface_total_len	16	static
C:/Raspberrypi_Pico/GP2040-CE-0.7.11_8BitDo5/8BitDoArcadeStickUSBConverter2/lib/tinyusb/src/tusb.c:217:6:tu_edpt_stream_init	40	static
C:/Raspberrypi_Pico/GP2040-CE-0.7.11_8BitDo5/8BitDoArcadeStickUSBConverter2/lib/tinyusb/src/tusb.c:237:6:tu_edpt_stream_deinit	0	static
C:/Raspberrypi_Pico/GP2040-CE-0.7.11_8BitDo5/8BitDoArcadeStickUSBConverter2/lib/tinyusb/src/tusb.c:288:6:tu_edpt_stream_write_zlp_if_needed	32	static
C:/Raspberrypi_Pico/GP2040-CE-0.7.11_8BitDo5/8BitDoArcadeStickUSBConverter2/lib/tinyusb/src/tusb.c:297:10:tu_edpt_stream_write_xfer	24	static
C:/Raspberrypi_Pico/GP2040-CE-0.7.11_8BitDo5/8BitDoArcadeStickUSBConverter2/lib/tinyusb/src/tusb.c:317:10:tu_edpt_stream_write	40	static
C:/Raspberrypi_Pico/GP2040-CE-0.7.11_8BitDo5/8BitDoArcadeStickUSBConverter2/lib/tinyusb/src/tusb.c:340:10:tu_edpt_stream_write_available	8	static
C:/Raspberrypi_Pico/GP2040-CE-0.7.11_8BitDo5/8BitDoArcadeStickUSBConverter2/lib/tinyusb/src/tusb.c:361:10:tu_edpt_stream_read_xfer	32	static
C:/Raspberrypi_Pico/GP2040-CE-0.7.11_8BitDo5/8BitDoArcadeStickUSBConverter2/lib/tinyusb/src/tusb.c:396:10:tu_edpt_stream_read	16	static
C:/Raspberrypi_Pico/GP2040-CE-0.7.11_8BitDo5/8BitDoArcadeStickUSBConverter2/lib/tinyusb/src/tusb.c:447:6:tu_print_mem	40	static
