C:/Raspberrypi_Pico/GP2040-CE-0.7.11_8BitDo5/8BitDoArcadeStickUSBConverter2/headers/drivers/xboxog/XboxOriginalDriver.h:16:18:virtual void XboxOriginalDriver::initializeAux()	0	static
C:/Raspberrypi_Pico/GP2040-CE-0.7.11_8BitDo5/8BitDoArcadeStickUSBConverter2/headers/drivers/xboxog/XboxOriginalDriver.h:17:18:virtual void XboxOriginalDriver::processAux()	0	static
C:/Raspberrypi_Pico/GP2040-CE-0.7.11_8BitDo5/8BitDoArcadeStickUSBConverter2/headers/drivers/xboxog/XboxOriginalDriver.h:27:27:virtual USBListener* XboxOriginalDriver::get_usb_auth_listener()	0	static
C:/Raspberrypi_Pico/GP2040-CE-0.7.11_8BitDo5/8BitDoArcadeStickUSBConverter2/src/drivers/xboxog/XboxOriginalDriver.cpp:100:6:virtual void XboxOriginalDriver::set_report(uint8_t, hid_report_type_t, const uint8_t*, uint16_t)	0	static
C:/Raspberrypi_Pico/GP2040-CE-0.7.11_8BitDo5/8BitDoArcadeStickUSBConverter2/src/drivers/xboxog/XboxOriginalDriver.cpp:103:6:virtual bool XboxOriginalDriver::vendor_control_xfer_cb(uint8_t, uint8_t, const tusb_control_request_t*)	8	static
C:/Raspberrypi_Pico/GP2040-CE-0.7.11_8BitDo5/8BitDoArcadeStickUSBConverter2/src/drivers/xboxog/XboxOriginalDriver.cpp:112:17:virtual const uint8_t* XboxOriginalDriver::get_descriptor_device_cb()	0	static
C:/Raspberrypi_Pico/GP2040-CE-0.7.11_8BitDo5/8BitDoArcadeStickUSBConverter2/src/drivers/xboxog/XboxOriginalDriver.cpp:116:17:virtual const uint8_t* XboxOriginalDriver::get_hid_descriptor_report_cb(uint8_t)	0	static
C:/Raspberrypi_Pico/GP2040-CE-0.7.11_8BitDo5/8BitDoArcadeStickUSBConverter2/src/drivers/xboxog/XboxOriginalDriver.cpp:120:17:virtual const uint8_t* XboxOriginalDriver::get_descriptor_configuration_cb(uint8_t)	0	static
C:/Raspberrypi_Pico/GP2040-CE-0.7.11_8BitDo5/8BitDoArcadeStickUSBConverter2/src/drivers/xboxog/XboxOriginalDriver.cpp:124:17:virtual const uint8_t* XboxOriginalDriver::get_descriptor_device_qualifier_cb()	0	static
C:/Raspberrypi_Pico/GP2040-CE-0.7.11_8BitDo5/8BitDoArcadeStickUSBConverter2/src/drivers/xboxog/XboxOriginalDriver.cpp:128:10:virtual uint16_t XboxOriginalDriver::GetJoystickMidValue()	0	static
C:/Raspberrypi_Pico/GP2040-CE-0.7.11_8BitDo5/8BitDoArcadeStickUSBConverter2/src/drivers/xboxog/XboxOriginalDriver.cpp:5:6:virtual void XboxOriginalDriver::initialize()	8	static
C:/Raspberrypi_Pico/GP2040-CE-0.7.11_8BitDo5/8BitDoArcadeStickUSBConverter2/src/drivers/xboxog/XboxOriginalDriver.cpp:94:10:virtual uint16_t XboxOriginalDriver::get_report(uint8_t, hid_report_type_t, uint8_t*, uint16_t)	8	static
C:/Raspberrypi_Pico/GP2040-CE-0.7.11_8BitDo5/8BitDoArcadeStickUSBConverter2/src/drivers/xboxog/XboxOriginalDriver.cpp:26:6:virtual bool XboxOriginalDriver::process(Gamepad*)	32	static
C:/Raspberrypi_Pico/GP2040-CE-0.7.11_8BitDo5/8BitDoArcadeStickUSBConverter2/headers/drivers/shared/driverhelper.h:4:19:uint16_t* getStringDescriptor(const char*, uint8_t)	16	static
C:/Raspberrypi_Pico/GP2040-CE-0.7.11_8BitDo5/8BitDoArcadeStickUSBConverter2/src/drivers/xboxog/XboxOriginalDriver.cpp:107:18:virtual const uint16_t* XboxOriginalDriver::get_descriptor_string_cb(uint8_t, uint16_t)	8	static
