C:/Raspberrypi_Pico/GP2040-CE-0.7.11_8BitDo5/8BitDoArcadeStickUSBConverter2/src/drivers/xboxog/xid/xid.c:159:13:xid_xfer_cb	16	static
C:/Raspberrypi_Pico/GP2040-CE-0.7.11_8BitDo5/8BitDoArcadeStickUSBConverter2/src/drivers/xboxog/xid/xid.c:176:6:xid_control_xfer_cb	40	static
C:/Raspberrypi_Pico/GP2040-CE-0.7.11_8BitDo5/8BitDoArcadeStickUSBConverter2/src/drivers/xboxog/xid/xid.c:68:17:xid_open	32	static
C:/Raspberrypi_Pico/GP2040-CE-0.7.11_8BitDo5/8BitDoArcadeStickUSBConverter2/src/drivers/xboxog/xid/xid.c:50:13:xid_init	8	static
C:/Raspberrypi_Pico/GP2040-CE-0.7.11_8BitDo5/8BitDoArcadeStickUSBConverter2/src/drivers/xboxog/xid/xid.c:63:13:xid_reset	8	static
C:/Raspberrypi_Pico/GP2040-CE-0.7.11_8BitDo5/8BitDoArcadeStickUSBConverter2/src/drivers/xboxog/xid/xid.c:104:8:xid_get_index_by_type	12	static
C:/Raspberrypi_Pico/GP2040-CE-0.7.11_8BitDo5/8BitDoArcadeStickUSBConverter2/src/drivers/xboxog/xid/xid.c:119:6:xid_get_report	16	static
C:/Raspberrypi_Pico/GP2040-CE-0.7.11_8BitDo5/8BitDoArcadeStickUSBConverter2/src/drivers/xboxog/xid/xid.c:136:6:xid_send_report_ready	8	static
C:/Raspberrypi_Pico/GP2040-CE-0.7.11_8BitDo5/8BitDoArcadeStickUSBConverter2/src/drivers/xboxog/xid/xid.c:142:6:xid_send_report	24	static
C:/Raspberrypi_Pico/GP2040-CE-0.7.11_8BitDo5/8BitDoArcadeStickUSBConverter2/src/drivers/xboxog/xid/xid.c:254:28:xid_get_driver	0	static
