C:/Raspberrypi_Pico/GP2040-CE-0.7.11_8BitDo5/8BitDoArcadeStickUSBConverter2/src/config_utils.cpp:1899:5:bool isValidButtonLayout(int)	0	static
C:/Raspberrypi_Pico/GP2040-CE-0.7.11_8BitDo5/8BitDoArcadeStickUSBConverter2/src/config_utils.cpp:1899:5:bool isValidButtonLayoutRight(int)	0	static
C:/Raspberrypi_Pico/GP2040-CE-0.7.11_8BitDo5/8BitDoArcadeStickUSBConverter2/src/config_utils.cpp:1899:5:bool isValidSplashMode(int)	0	static
C:/Raspberrypi_Pico/GP2040-CE-0.7.11_8BitDo5/8BitDoArcadeStickUSBConverter2/src/config_utils.cpp:1899:5:bool isValidSplashChoice(int)	0	static
C:/Raspberrypi_Pico/GP2040-CE-0.7.11_8BitDo5/8BitDoArcadeStickUSBConverter2/src/config_utils.cpp:1899:5:bool isValidOnBoardLedMode(int)	0	static
C:/Raspberrypi_Pico/GP2040-CE-0.7.11_8BitDo5/8BitDoArcadeStickUSBConverter2/src/config_utils.cpp:1899:5:bool isValidInputMode(int)	0	static
C:/Raspberrypi_Pico/GP2040-CE-0.7.11_8BitDo5/8BitDoArcadeStickUSBConverter2/src/config_utils.cpp:1899:5:bool isValidInputModeAuthType(int)	0	static
C:/Raspberrypi_Pico/GP2040-CE-0.7.11_8BitDo5/8BitDoArcadeStickUSBConverter2/src/config_utils.cpp:1899:5:bool isValidDpadMode(int)	0	static
C:/Raspberrypi_Pico/GP2040-CE-0.7.11_8BitDo5/8BitDoArcadeStickUSBConverter2/src/config_utils.cpp:1899:5:bool isValidInvertMode(int)	0	static
C:/Raspberrypi_Pico/GP2040-CE-0.7.11_8BitDo5/8BitDoArcadeStickUSBConverter2/src/config_utils.cpp:1899:5:bool isValidSOCDMode(int)	0	static
C:/Raspberrypi_Pico/GP2040-CE-0.7.11_8BitDo5/8BitDoArcadeStickUSBConverter2/src/config_utils.cpp:1899:5:bool isValidGpioAction(int)	4	static
C:/Raspberrypi_Pico/GP2040-CE-0.7.11_8BitDo5/8BitDoArcadeStickUSBConverter2/src/config_utils.cpp:1899:5:bool isValidGpioDirection(int)	0	static
C:/Raspberrypi_Pico/GP2040-CE-0.7.11_8BitDo5/8BitDoArcadeStickUSBConverter2/src/config_utils.cpp:1899:5:bool isValidGamepadHotkey(int)	4	static
C:/Raspberrypi_Pico/GP2040-CE-0.7.11_8BitDo5/8BitDoArcadeStickUSBConverter2/src/config_utils.cpp:1899:5:bool isValidLEDFormat_Proto(int)	0	static
C:/Raspberrypi_Pico/GP2040-CE-0.7.11_8BitDo5/8BitDoArcadeStickUSBConverter2/src/config_utils.cpp:1899:5:bool isValidShmupMixMode(int)	0	static
C:/Raspberrypi_Pico/GP2040-CE-0.7.11_8BitDo5/8BitDoArcadeStickUSBConverter2/src/config_utils.cpp:1899:5:bool isValidPLEDType(int)	0	static
C:/Raspberrypi_Pico/GP2040-CE-0.7.11_8BitDo5/8BitDoArcadeStickUSBConverter2/src/config_utils.cpp:1899:5:bool isValidCaseRGBType(int)	0	static
C:/Raspberrypi_Pico/GP2040-CE-0.7.11_8BitDo5/8BitDoArcadeStickUSBConverter2/src/config_utils.cpp:1899:5:bool isValidForcedSetupMode(int)	0	static
C:/Raspberrypi_Pico/GP2040-CE-0.7.11_8BitDo5/8BitDoArcadeStickUSBConverter2/src/config_utils.cpp:1899:5:bool isValidDualDirectionalCombinationMode(int)	0	static
C:/Raspberrypi_Pico/GP2040-CE-0.7.11_8BitDo5/8BitDoArcadeStickUSBConverter2/src/config_utils.cpp:1899:5:bool isValidPS4ControllerType(int)	0	static
C:/Raspberrypi_Pico/GP2040-CE-0.7.11_8BitDo5/8BitDoArcadeStickUSBConverter2/src/config_utils.cpp:1899:5:bool isValidMacroType(int)	0	static
C:/Raspberrypi_Pico/GP2040-CE-0.7.11_8BitDo5/8BitDoArcadeStickUSBConverter2/src/config_utils.cpp:1899:5:bool isValidRotaryEncoderPinMode(int)	0	static
C:/Raspberrypi_Pico/GP2040-CE-0.7.11_8BitDo5/8BitDoArcadeStickUSBConverter2/src/config_utils.cpp:1899:5:bool isValidReactiveLEDMode(int)	0	static
C:/Raspberrypi_Pico/GP2040-CE-0.7.11_8BitDo5/8BitDoArcadeStickUSBConverter2/src/config_utils.cpp:1899:5:bool isValidPS4ControllerIDMode(int)	0	static
C:/Raspberrypi_Pico/GP2040-CE-0.7.11_8BitDo5/8BitDoArcadeStickUSBConverter2/src/config_utils.cpp:1899:5:bool isValidDisplaySaverMode(int)	0	static
C:/Raspberrypi_Pico/GP2040-CE-0.7.11_8BitDo5/8BitDoArcadeStickUSBConverter2/src/config_utils.cpp:1899:5:bool isValidButtonLayoutOrientation(int)	0	static
C:/Raspberrypi_Pico/GP2040-CE-0.7.11_8BitDo5/8BitDoArcadeStickUSBConverter2/src/config_utils.cpp:1576:13:bool loadConfigInner(Config&)	48	static
C:/Raspberrypi_Pico/GP2040-CE-0.7.11_8BitDo5/8BitDoArcadeStickUSBConverter2/src/config_utils.cpp:1656:13:void setHasFlags(const pb_msgdesc_t*, void*)	64	static
C:/Raspberrypi_Pico/GP2040-CE-0.7.11_8BitDo5/8BitDoArcadeStickUSBConverter2/src/config_utils.cpp:1766:13:void writeIndentation(std::string&, int)	16	static
C:/Raspberrypi_Pico/GP2040-CE-0.7.11_8BitDo5/8BitDoArcadeStickUSBConverter2/src/config_utils.cpp:2282:1:void __static_initialization_and_destruction_0(int, int)	112	static
C:/Raspberrypi_Pico/GP2040-CE-0.7.11_8BitDo5/8BitDoArcadeStickUSBConverter2/src/config_utils.cpp:1865:5:void toJSONXBOnePassthroughOptions(std::string&, const XBOnePassthroughOptions&, int)	32	static
C:/Raspberrypi_Pico/GP2040-CE-0.7.11_8BitDo5/8BitDoArcadeStickUSBConverter2/src/config_utils.cpp:1865:5:void toJSONMigrationHistory(std::string&, const MigrationHistory&, int)	32	static
C:/Raspberrypi_Pico/GP2040-CE-0.7.11_8BitDo5/8BitDoArcadeStickUSBConverter2/headers/base64.h:34:22:static std::string Base64::Encode(const char*, size_t)	24	static
C:/Raspberrypi_Pico/GP2040-CE-0.7.11_8BitDo5/8BitDoArcadeStickUSBConverter2/headers/base64.h:82:15:static bool Base64::Decode(const char*, size_t, std::string&)	40	static
C:/Raspberrypi_Pico/GP2040-CE-0.7.11_8BitDo5/8BitDoArcadeStickUSBConverter2/build/_deps/arduinojson-src/src/ArduinoJson/Collection/CollectionImpl.hpp:90:21:ArduinoJson::V6212HB::detail::VariantSlot* ArduinoJson::V6212HB::detail::CollectionData::getSlot(size_t) const	0	static
C:/Raspberrypi_Pico/GP2040-CE-0.7.11_8BitDo5/8BitDoArcadeStickUSBConverter2/build/_deps/arduinojson-src/src/ArduinoJson/Variant/ConverterImpl.hpp:126:22:static const char* ArduinoJson::V6212HB::Converter<const char*>::fromJson(ArduinoJson::V6212HB::JsonVariantConst)	16	static
C:/Raspberrypi_Pico/GP2040-CE-0.7.11_8BitDo5/8BitDoArcadeStickUSBConverter2/src/config_utils.cpp:281:6:void ConfigUtils::initUnsetPropertiesWithDefaults(Config&)	1096	static
C:/Raspberrypi_Pico/GP2040-CE-0.7.11_8BitDo5/8BitDoArcadeStickUSBConverter2/src/config_utils.cpp:864:6:void gpioMappingsMigrationCore(Config&)	80	static
C:/Raspberrypi_Pico/GP2040-CE-0.7.11_8BitDo5/8BitDoArcadeStickUSBConverter2/src/config_utils.cpp:1318:6:void migrateJSliderToCore(Config&)	0	static
C:/Raspberrypi_Pico/GP2040-CE-0.7.11_8BitDo5/8BitDoArcadeStickUSBConverter2/src/config_utils.cpp:1331:6:void gpioMappingsMigrationProfiles(Config&)	16	static
C:/Raspberrypi_Pico/GP2040-CE-0.7.11_8BitDo5/8BitDoArcadeStickUSBConverter2/src/config_utils.cpp:1370:6:void migrateTurboPinToGpio(Config&)	8	static
C:/Raspberrypi_Pico/GP2040-CE-0.7.11_8BitDo5/8BitDoArcadeStickUSBConverter2/src/config_utils.cpp:1391:6:void migrateAuthenticationMethods(Config&)	32	static
C:/Raspberrypi_Pico/GP2040-CE-0.7.11_8BitDo5/8BitDoArcadeStickUSBConverter2/src/config_utils.cpp:1430:6:void profileEnabledFlagsMigration(Config&)	20	static
C:/Raspberrypi_Pico/GP2040-CE-0.7.11_8BitDo5/8BitDoArcadeStickUSBConverter2/src/config_utils.cpp:1455:6:void migrateMacroPinsToGpio(Config&)	16	static
C:/Raspberrypi_Pico/GP2040-CE-0.7.11_8BitDo5/8BitDoArcadeStickUSBConverter2/src/config_utils.cpp:1490:6:void hotkeysMigration(Config&)	4	static
C:/Raspberrypi_Pico/GP2040-CE-0.7.11_8BitDo5/8BitDoArcadeStickUSBConverter2/src/config_utils.cpp:1714:6:bool ConfigUtils::save(Config&)	64	static
C:/Raspberrypi_Pico/GP2040-CE-0.7.11_8BitDo5/8BitDoArcadeStickUSBConverter2/src/config_utils.cpp:1608:6:void ConfigUtils::load(Config&)	16	static
c:\progra~2\gnuarm~1\102021~1.10\arm-none-eabi\include\c++\10.3.1\bits\charconv.h:72:5:void std::__detail::__to_chars_10_impl(char*, unsigned int, _Tp) [with _Tp = long unsigned int]	24	static
C:/Raspberrypi_Pico/GP2040-CE-0.7.11_8BitDo5/8BitDoArcadeStickUSBConverter2/src/config_utils.cpp:1784:39:void appendAsString(std::string&, int32_t)	48	static
C:/Raspberrypi_Pico/GP2040-CE-0.7.11_8BitDo5/8BitDoArcadeStickUSBConverter2/src/config_utils.cpp:1865:5:void toJSONPinMappings(std::string&, const PinMappings&, int)	24	static
C:/Raspberrypi_Pico/GP2040-CE-0.7.11_8BitDo5/8BitDoArcadeStickUSBConverter2/src/config_utils.cpp:1865:5:void toJSONButtonLayoutParamsCommon(std::string&, const ButtonLayoutParamsCommon&, int)	32	static
C:/Raspberrypi_Pico/GP2040-CE-0.7.11_8BitDo5/8BitDoArcadeStickUSBConverter2/src/config_utils.cpp:1865:5:void toJSONAnalogADS1219Options(std::string&, const AnalogADS1219Options&, int)	32	static
C:/Raspberrypi_Pico/GP2040-CE-0.7.11_8BitDo5/8BitDoArcadeStickUSBConverter2/src/config_utils.cpp:1865:5:void toJSONWiiOptions_AnalogAxis(std::string&, const WiiOptions_AnalogAxis&, int)	32	static
C:/Raspberrypi_Pico/GP2040-CE-0.7.11_8BitDo5/8BitDoArcadeStickUSBConverter2/src/config_utils.cpp:1865:5:void toJSONWiiOptions_StickOptions(std::string&, const WiiOptions_StickOptions&, int)	32	static
C:/Raspberrypi_Pico/GP2040-CE-0.7.11_8BitDo5/8BitDoArcadeStickUSBConverter2/src/config_utils.cpp:1865:5:void toJSONWiiOptions_NunchukOptions(std::string&, const WiiOptions_NunchukOptions&, int)	32	static
C:/Raspberrypi_Pico/GP2040-CE-0.7.11_8BitDo5/8BitDoArcadeStickUSBConverter2/src/config_utils.cpp:1865:5:void toJSONWiiOptions_ClassicOptions(std::string&, const WiiOptions_ClassicOptions&, int)	24	static
C:/Raspberrypi_Pico/GP2040-CE-0.7.11_8BitDo5/8BitDoArcadeStickUSBConverter2/src/config_utils.cpp:1865:5:void toJSONWiiOptions_TaikoOptions(std::string&, const WiiOptions_TaikoOptions&, int)	32	static
C:/Raspberrypi_Pico/GP2040-CE-0.7.11_8BitDo5/8BitDoArcadeStickUSBConverter2/src/config_utils.cpp:1865:5:void toJSONWiiOptions_GuitarOptions(std::string&, const WiiOptions_GuitarOptions&, int)	32	static
C:/Raspberrypi_Pico/GP2040-CE-0.7.11_8BitDo5/8BitDoArcadeStickUSBConverter2/src/config_utils.cpp:1865:5:void toJSONWiiOptions_DrumOptions(std::string&, const WiiOptions_DrumOptions&, int)	32	static
C:/Raspberrypi_Pico/GP2040-CE-0.7.11_8BitDo5/8BitDoArcadeStickUSBConverter2/src/config_utils.cpp:1865:5:void toJSONWiiOptions_TurntableOptions(std::string&, const WiiOptions_TurntableOptions&, int)	24	static
C:/Raspberrypi_Pico/GP2040-CE-0.7.11_8BitDo5/8BitDoArcadeStickUSBConverter2/src/config_utils.cpp:1865:5:void toJSONWiiOptions_ControllerOptions(std::string&, const WiiOptions_ControllerOptions&, int)	32	static
C:/Raspberrypi_Pico/GP2040-CE-0.7.11_8BitDo5/8BitDoArcadeStickUSBConverter2/src/config_utils.cpp:1865:5:void toJSONWiiOptions(std::string&, const WiiOptions&, int)	32	static
C:/Raspberrypi_Pico/GP2040-CE-0.7.11_8BitDo5/8BitDoArcadeStickUSBConverter2/src/config_utils.cpp:1865:5:void toJSONSNESOptions(std::string&, const SNESOptions&, int)	32	static
C:/Raspberrypi_Pico/GP2040-CE-0.7.11_8BitDo5/8BitDoArcadeStickUSBConverter2/src/config_utils.cpp:1865:5:void toJSONFocusModeOptions(std::string&, const FocusModeOptions&, int)	32	static
C:/Raspberrypi_Pico/GP2040-CE-0.7.11_8BitDo5/8BitDoArcadeStickUSBConverter2/src/config_utils.cpp:1865:5:void toJSONPSPassthroughOptions(std::string&, const PSPassthroughOptions&, int)	32	static
C:/Raspberrypi_Pico/GP2040-CE-0.7.11_8BitDo5/8BitDoArcadeStickUSBConverter2/src/config_utils.cpp:1865:5:void toJSONAlternativePinMappings(std::string&, const AlternativePinMappings&, int)	32	static
C:/Raspberrypi_Pico/GP2040-CE-0.7.11_8BitDo5/8BitDoArcadeStickUSBConverter2/src/config_utils.cpp:1865:5:void toJSONPeripheralOptions_SPIOptions(std::string&, const PeripheralOptions_SPIOptions&, int)	32	static
C:/Raspberrypi_Pico/GP2040-CE-0.7.11_8BitDo5/8BitDoArcadeStickUSBConverter2/src/config_utils.cpp:1790:39:void appendAsString(std::string&, uint32_t)	56	static
C:/Raspberrypi_Pico/GP2040-CE-0.7.11_8BitDo5/8BitDoArcadeStickUSBConverter2/src/config_utils.cpp:1865:5:void toJSONGamepadOptions(std::string&, const GamepadOptions&, int)	24	static
C:/Raspberrypi_Pico/GP2040-CE-0.7.11_8BitDo5/8BitDoArcadeStickUSBConverter2/src/config_utils.cpp:1865:5:void toJSONHotkeyEntry(std::string&, const HotkeyEntry&, int)	32	static
C:/Raspberrypi_Pico/GP2040-CE-0.7.11_8BitDo5/8BitDoArcadeStickUSBConverter2/src/config_utils.cpp:1865:5:void toJSONHotkeyOptions(std::string&, const HotkeyOptions&, int)	24	static
C:/Raspberrypi_Pico/GP2040-CE-0.7.11_8BitDo5/8BitDoArcadeStickUSBConverter2/src/config_utils.cpp:1865:5:void toJSONKeyboardMapping(std::string&, const KeyboardMapping&, int)	24	static
C:/Raspberrypi_Pico/GP2040-CE-0.7.11_8BitDo5/8BitDoArcadeStickUSBConverter2/src/config_utils.cpp:1865:5:void toJSONButtonLayoutParamsLeft(std::string&, const ButtonLayoutParamsLeft&, int)	32	static
C:/Raspberrypi_Pico/GP2040-CE-0.7.11_8BitDo5/8BitDoArcadeStickUSBConverter2/src/config_utils.cpp:1865:5:void toJSONButtonLayoutParamsRight(std::string&, const ButtonLayoutParamsRight&, int)	32	static
C:/Raspberrypi_Pico/GP2040-CE-0.7.11_8BitDo5/8BitDoArcadeStickUSBConverter2/src/config_utils.cpp:1865:5:void toJSONButtonLayoutCustomOptions(std::string&, const ButtonLayoutCustomOptions&, int)	32	static
C:/Raspberrypi_Pico/GP2040-CE-0.7.11_8BitDo5/8BitDoArcadeStickUSBConverter2/src/config_utils.cpp:1865:5:void toJSONDisplayOptions(std::string&, const DisplayOptions&, int)	48	static
C:/Raspberrypi_Pico/GP2040-CE-0.7.11_8BitDo5/8BitDoArcadeStickUSBConverter2/src/config_utils.cpp:1865:5:void toJSONLEDOptions(std::string&, const LEDOptions&, int)	24	static
C:/Raspberrypi_Pico/GP2040-CE-0.7.11_8BitDo5/8BitDoArcadeStickUSBConverter2/src/config_utils.cpp:1865:5:void toJSONBootselButtonOptions(std::string&, const BootselButtonOptions&, int)	32	static
C:/Raspberrypi_Pico/GP2040-CE-0.7.11_8BitDo5/8BitDoArcadeStickUSBConverter2/src/config_utils.cpp:1865:5:void toJSONOnBoardLedOptions(std::string&, const OnBoardLedOptions&, int)	32	static
C:/Raspberrypi_Pico/GP2040-CE-0.7.11_8BitDo5/8BitDoArcadeStickUSBConverter2/src/config_utils.cpp:1865:5:void toJSONTurboOptions(std::string&, const TurboOptions&, int)	24	static
C:/Raspberrypi_Pico/GP2040-CE-0.7.11_8BitDo5/8BitDoArcadeStickUSBConverter2/src/config_utils.cpp:1865:5:void toJSONSliderOptions(std::string&, const SliderOptions&, int)	32	static
C:/Raspberrypi_Pico/GP2040-CE-0.7.11_8BitDo5/8BitDoArcadeStickUSBConverter2/src/config_utils.cpp:1865:5:void toJSONReverseOptions(std::string&, const ReverseOptions&, int)	32	static
C:/Raspberrypi_Pico/GP2040-CE-0.7.11_8BitDo5/8BitDoArcadeStickUSBConverter2/src/config_utils.cpp:1865:5:void toJSONDualDirectionalOptions(std::string&, const DualDirectionalOptions&, int)	32	static
C:/Raspberrypi_Pico/GP2040-CE-0.7.11_8BitDo5/8BitDoArcadeStickUSBConverter2/src/config_utils.cpp:1865:5:void toJSONBuzzerOptions(std::string&, const BuzzerOptions&, int)	32	static
C:/Raspberrypi_Pico/GP2040-CE-0.7.11_8BitDo5/8BitDoArcadeStickUSBConverter2/src/config_utils.cpp:1865:5:void toJSONExtraButtonOptions(std::string&, const ExtraButtonOptions&, int)	32	static
C:/Raspberrypi_Pico/GP2040-CE-0.7.11_8BitDo5/8BitDoArcadeStickUSBConverter2/src/config_utils.cpp:1865:5:void toJSONPlayerNumberOptions(std::string&, const PlayerNumberOptions&, int)	32	static
C:/Raspberrypi_Pico/GP2040-CE-0.7.11_8BitDo5/8BitDoArcadeStickUSBConverter2/src/config_utils.cpp:1865:5:void toJSONSOCDSliderOptions(std::string&, const SOCDSliderOptions&, int)	32	static
C:/Raspberrypi_Pico/GP2040-CE-0.7.11_8BitDo5/8BitDoArcadeStickUSBConverter2/src/config_utils.cpp:1865:5:void toJSONKeyboardHostOptions(std::string&, const KeyboardHostOptions&, int)	32	static
C:/Raspberrypi_Pico/GP2040-CE-0.7.11_8BitDo5/8BitDoArcadeStickUSBConverter2/src/config_utils.cpp:1865:5:void toJSONTiltOptions(std::string&, const TiltOptions&, int)	24	static
C:/Raspberrypi_Pico/GP2040-CE-0.7.11_8BitDo5/8BitDoArcadeStickUSBConverter2/src/config_utils.cpp:1865:5:void toJSONMacroInput(std::string&, const MacroInput&, int)	32	static
C:/Raspberrypi_Pico/GP2040-CE-0.7.11_8BitDo5/8BitDoArcadeStickUSBConverter2/src/config_utils.cpp:1865:5:void toJSONMacro(std::string&, const Macro&, int)	24	static
C:/Raspberrypi_Pico/GP2040-CE-0.7.11_8BitDo5/8BitDoArcadeStickUSBConverter2/src/config_utils.cpp:1865:5:void toJSONMacroOptions(std::string&, const MacroOptions&, int)	32	static
C:/Raspberrypi_Pico/GP2040-CE-0.7.11_8BitDo5/8BitDoArcadeStickUSBConverter2/src/config_utils.cpp:1865:5:void toJSONInputHistoryOptions(std::string&, const InputHistoryOptions&, int)	32	static
C:/Raspberrypi_Pico/GP2040-CE-0.7.11_8BitDo5/8BitDoArcadeStickUSBConverter2/src/config_utils.cpp:1865:5:void toJSONGpioMappingInfo(std::string&, const GpioMappingInfo&, int)	32	static
C:/Raspberrypi_Pico/GP2040-CE-0.7.11_8BitDo5/8BitDoArcadeStickUSBConverter2/src/config_utils.cpp:1865:5:void toJSONPCF8575Options(std::string&, const PCF8575Options&, int)	32	static
C:/Raspberrypi_Pico/GP2040-CE-0.7.11_8BitDo5/8BitDoArcadeStickUSBConverter2/src/config_utils.cpp:1865:5:void toJSONGpioMappings(std::string&, const GpioMappings&, int)	32	static
C:/Raspberrypi_Pico/GP2040-CE-0.7.11_8BitDo5/8BitDoArcadeStickUSBConverter2/src/config_utils.cpp:1865:5:void toJSONProfileOptions(std::string&, const ProfileOptions&, int)	32	static
C:/Raspberrypi_Pico/GP2040-CE-0.7.11_8BitDo5/8BitDoArcadeStickUSBConverter2/src/config_utils.cpp:1865:5:void toJSONReactiveLEDInfo(std::string&, const ReactiveLEDInfo&, int)	32	static
C:/Raspberrypi_Pico/GP2040-CE-0.7.11_8BitDo5/8BitDoArcadeStickUSBConverter2/src/config_utils.cpp:1865:5:void toJSONReactiveLEDOptions(std::string&, const ReactiveLEDOptions&, int)	32	static
C:/Raspberrypi_Pico/GP2040-CE-0.7.11_8BitDo5/8BitDoArcadeStickUSBConverter2/src/config_utils.cpp:1865:5:void toJSONGamepadUSBHostOptions(std::string&, const GamepadUSBHostOptions&, int)	32	static
C:/Raspberrypi_Pico/GP2040-CE-0.7.11_8BitDo5/8BitDoArcadeStickUSBConverter2/src/config_utils.cpp:1865:5:void toJSONForcedSetupOptions(std::string&, const ForcedSetupOptions&, int)	32	static
C:/Raspberrypi_Pico/GP2040-CE-0.7.11_8BitDo5/8BitDoArcadeStickUSBConverter2/src/config_utils.cpp:1865:5:void toJSONPeripheralOptions_I2COptions(std::string&, const PeripheralOptions_I2COptions&, int)	32	static
C:/Raspberrypi_Pico/GP2040-CE-0.7.11_8BitDo5/8BitDoArcadeStickUSBConverter2/src/config_utils.cpp:1865:5:void toJSONPeripheralOptions_USBOptions(std::string&, const PeripheralOptions_USBOptions&, int)	32	static
C:/Raspberrypi_Pico/GP2040-CE-0.7.11_8BitDo5/8BitDoArcadeStickUSBConverter2/src/config_utils.cpp:1865:5:void toJSONPeripheralOptions(std::string&, const PeripheralOptions&, int)	32	static
C:/Raspberrypi_Pico/GP2040-CE-0.7.11_8BitDo5/8BitDoArcadeStickUSBConverter2/build/_deps/arduinojson-src/src/ArduinoJson/Strings/StringAdapter.hpp:26:52:typename ArduinoJson::V6212HB::detail::SizedStringAdapter<TChar*>::AdaptedString ArduinoJson::V6212HB::detail::adaptString(TChar*, size_t) [with TChar = char]	0	static
C:/Raspberrypi_Pico/GP2040-CE-0.7.11_8BitDo5/8BitDoArcadeStickUSBConverter2/build/_deps/arduinojson-src/src/ArduinoJson/Strings/StringAdapter.hpp:21:47:typename ArduinoJson::V6212HB::detail::StringAdapter<TChar*>::AdaptedString ArduinoJson::V6212HB::detail::adaptString(TChar*) [with TChar = const char]	0	static
C:/Raspberrypi_Pico/GP2040-CE-0.7.11_8BitDo5/8BitDoArcadeStickUSBConverter2/build/_deps/arduinojson-src/src/ArduinoJson/Strings/StringAdapters.hpp:48:1:typename ArduinoJson::V6212HB::detail::enable_if<(TAdaptedString1::typeSortKey <= TAdaptedString2::typeSortKey), bool>::type ArduinoJson::V6212HB::detail::stringEquals(TAdaptedString1, TAdaptedString2) [with TAdaptedString1 = ArduinoJson::V6212HB::detail::SizedRamString; TAdaptedString2 = ArduinoJson::V6212HB::detail::SizedRamString]	24	static
C:/Raspberrypi_Pico/GP2040-CE-0.7.11_8BitDo5/8BitDoArcadeStickUSBConverter2/build/_deps/arduinojson-src/src/ArduinoJson/StringStorage/StringCopier.hpp:22:14:ArduinoJson::V6212HB::JsonString ArduinoJson::V6212HB::detail::StringCopier::save()	48	static
C:/Raspberrypi_Pico/GP2040-CE-0.7.11_8BitDo5/8BitDoArcadeStickUSBConverter2/build/_deps/arduinojson-src/src/ArduinoJson/Polyfills/utility.hpp:12:5:T&& ArduinoJson::V6212HB::detail::forward(typename ArduinoJson::V6212HB::detail::remove_reference<T>::type&) [with T = unsigned int&]	0	static
C:/Raspberrypi_Pico/GP2040-CE-0.7.11_8BitDo5/8BitDoArcadeStickUSBConverter2/build/_deps/arduinojson-src/src/ArduinoJson/Polyfills/alias_cast.hpp:24:3:T ArduinoJson::V6212HB::detail::alias_cast(F) [with T = double; F = long long unsigned int]	0	static
C:/Raspberrypi_Pico/GP2040-CE-0.7.11_8BitDo5/8BitDoArcadeStickUSBConverter2/build/_deps/arduinojson-src/src/ArduinoJson/Numbers/parseNumber.hpp:21:13:bool ArduinoJson::V6212HB::detail::parseNumber(const char*, ArduinoJson::V6212HB::detail::VariantData&)	64	static
C:/Raspberrypi_Pico/GP2040-CE-0.7.11_8BitDo5/8BitDoArcadeStickUSBConverter2/build/_deps/arduinojson-src/src/ArduinoJson/Deserialization/Reader.hpp:69:23:ArduinoJson::V6212HB::detail::BoundedReader<TChar*> ArduinoJson::V6212HB::detail::makeReader(TChar*, size_t) [with TChar = const char]	0	static
C:/Raspberrypi_Pico/GP2040-CE-0.7.11_8BitDo5/8BitDoArcadeStickUSBConverter2/build/_deps/arduinojson-src/src/ArduinoJson/StringStorage/StringStorage.hpp:13:14:ArduinoJson::V6212HB::detail::StringCopier ArduinoJson::V6212HB::detail::makeStringStorage(TInput&, ArduinoJson::V6212HB::detail::MemoryPool*) [with TInput = const char*]	8	static
C:/Raspberrypi_Pico/GP2040-CE-0.7.11_8BitDo5/8BitDoArcadeStickUSBConverter2/build/_deps/arduinojson-src/src/ArduinoJson/Deserialization/deserialize.hpp:28:33:TDeserializer<TReader, TWriter> ArduinoJson::V6212HB::detail::makeDeserializer(ArduinoJson::V6212HB::detail::MemoryPool*, TReader, TWriter) [with TDeserializer = ArduinoJson::V6212HB::detail::JsonDeserializer; TReader = ArduinoJson::V6212HB::detail::BoundedReader<const char*, void>; TWriter = ArduinoJson::V6212HB::detail::StringCopier]	64	static
C:/Raspberrypi_Pico/GP2040-CE-0.7.11_8BitDo5/8BitDoArcadeStickUSBConverter2/build/_deps/arduinojson-src/src/ArduinoJson/Numbers/parseNumber.hpp:147:10:T ArduinoJson::V6212HB::detail::parseNumber(const char*) [with T = float]	24	static
C:/Raspberrypi_Pico/GP2040-CE-0.7.11_8BitDo5/8BitDoArcadeStickUSBConverter2/build/_deps/arduinojson-src/src/ArduinoJson/Numbers/convertNumber.hpp:28:1:typename ArduinoJson::V6212HB::detail::enable_if<(((ArduinoJson::V6212HB::detail::is_integral<TIn>::value && ArduinoJson::V6212HB::detail::is_unsigned<TIn>::value) && ArduinoJson::V6212HB::detail::is_integral<T>::value) && (sizeof (TOut) <= sizeof (TIn))), bool>::type ArduinoJson::V6212HB::detail::canConvertNumber(TIn) [with TOut = int; TIn = long long unsigned int]	0	static
C:/Raspberrypi_Pico/GP2040-CE-0.7.11_8BitDo5/8BitDoArcadeStickUSBConverter2/build/_deps/arduinojson-src/src/ArduinoJson/Numbers/convertNumber.hpp:56:1:typename ArduinoJson::V6212HB::detail::enable_if<((((ArduinoJson::V6212HB::detail::is_integral<TIn>::value && ArduinoJson::V6212HB::detail::is_signed<TIn>::value) && ArduinoJson::V6212HB::detail::is_integral<T>::value) && ArduinoJson::V6212HB::detail::is_signed<T>::value) && (sizeof (TOut) < sizeof (TIn))), bool>::type ArduinoJson::V6212HB::detail::canConvertNumber(TIn) [with TOut = int; TIn = long long int]	0	static
C:/Raspberrypi_Pico/GP2040-CE-0.7.11_8BitDo5/8BitDoArcadeStickUSBConverter2/build/_deps/arduinojson-src/src/ArduinoJson/Variant/ConverterImpl.hpp:56:15:static bool ArduinoJson::V6212HB::Converter<T, typename ArduinoJson::V6212HB::detail::enable_if<((ArduinoJson::V6212HB::detail::is_integral<T>::value && (! ArduinoJson::V6212HB::detail::is_same<bool, T>::value)) && (! ArduinoJson::V6212HB::detail::is_same<char, T>::value))>::type>::checkJson(ArduinoJson::V6212HB::JsonVariantConst) [with T = int]	8	static
C:/Raspberrypi_Pico/GP2040-CE-0.7.11_8BitDo5/8BitDoArcadeStickUSBConverter2/build/_deps/arduinojson-src/src/ArduinoJson/Numbers/convertNumber.hpp:126:6:TOut ArduinoJson::V6212HB::detail::convertNumber(TIn) [with TOut = int; TIn = long long unsigned int]	8	static
C:/Raspberrypi_Pico/GP2040-CE-0.7.11_8BitDo5/8BitDoArcadeStickUSBConverter2/build/_deps/arduinojson-src/src/ArduinoJson/Numbers/convertNumber.hpp:126:6:TOut ArduinoJson::V6212HB::detail::convertNumber(TIn) [with TOut = int; TIn = long long int]	8	static
C:/Raspberrypi_Pico/GP2040-CE-0.7.11_8BitDo5/8BitDoArcadeStickUSBConverter2/build/_deps/arduinojson-src/src/ArduinoJson/Numbers/convertNumber.hpp:28:1:typename ArduinoJson::V6212HB::detail::enable_if<(((ArduinoJson::V6212HB::detail::is_integral<TIn>::value && ArduinoJson::V6212HB::detail::is_unsigned<TIn>::value) && ArduinoJson::V6212HB::detail::is_integral<T>::value) && (sizeof (TOut) <= sizeof (TIn))), bool>::type ArduinoJson::V6212HB::detail::canConvertNumber(TIn) [with TOut = unsigned int; TIn = long long unsigned int]	0	static
C:/Raspberrypi_Pico/GP2040-CE-0.7.11_8BitDo5/8BitDoArcadeStickUSBConverter2/build/_deps/arduinojson-src/src/ArduinoJson/Numbers/convertNumber.hpp:91:1:typename ArduinoJson::V6212HB::detail::enable_if<((((ArduinoJson::V6212HB::detail::is_integral<TIn>::value && ArduinoJson::V6212HB::detail::is_signed<TIn>::value) && ArduinoJson::V6212HB::detail::is_integral<T>::value) && ArduinoJson::V6212HB::detail::is_unsigned<T>::value) && (sizeof (TOut) < sizeof (TIn))), bool>::type ArduinoJson::V6212HB::detail::canConvertNumber(TIn) [with TOut = unsigned int; TIn = long long int]	0	static
C:/Raspberrypi_Pico/GP2040-CE-0.7.11_8BitDo5/8BitDoArcadeStickUSBConverter2/build/_deps/arduinojson-src/src/ArduinoJson/Variant/ConverterImpl.hpp:56:15:static bool ArduinoJson::V6212HB::Converter<T, typename ArduinoJson::V6212HB::detail::enable_if<((ArduinoJson::V6212HB::detail::is_integral<T>::value && (! ArduinoJson::V6212HB::detail::is_same<bool, T>::value)) && (! ArduinoJson::V6212HB::detail::is_same<char, T>::value))>::type>::checkJson(ArduinoJson::V6212HB::JsonVariantConst) [with T = unsigned int]	8	static
C:/Raspberrypi_Pico/GP2040-CE-0.7.11_8BitDo5/8BitDoArcadeStickUSBConverter2/build/_deps/arduinojson-src/src/ArduinoJson/Numbers/convertNumber.hpp:126:6:TOut ArduinoJson::V6212HB::detail::convertNumber(TIn) [with TOut = unsigned int; TIn = long long unsigned int]	8	static
C:/Raspberrypi_Pico/GP2040-CE-0.7.11_8BitDo5/8BitDoArcadeStickUSBConverter2/build/_deps/arduinojson-src/src/ArduinoJson/Numbers/convertNumber.hpp:126:6:TOut ArduinoJson::V6212HB::detail::convertNumber(TIn) [with TOut = unsigned int; TIn = long long int]	8	static
c:\progra~2\gnuarm~1\102021~1.10\arm-none-eabi\include\c++\10.3.1\bits\basic_string.tcc:206:7:void std::__cxx11::basic_string<_CharT, _Traits, _Alloc>::_M_construct(_InIterator, _InIterator, std::forward_iterator_tag) [with _FwdIterator = char*; _CharT = char; _Traits = std::char_traits<char>; _Alloc = std::allocator<char>]	24	static
c:\progra~2\gnuarm~1\102021~1.10\arm-none-eabi\include\c++\10.3.1\ext\string_conversions.h:99:5:) [with _String = std::__cxx11::basic_string<char>; _CharT = char]	28	dynamic
C:/Raspberrypi_Pico/GP2040-CE-0.7.11_8BitDo5/8BitDoArcadeStickUSBConverter2/src/config_utils.cpp:1778:39:void appendAsString(std::string&, float)	40	static
C:/Raspberrypi_Pico/GP2040-CE-0.7.11_8BitDo5/8BitDoArcadeStickUSBConverter2/src/config_utils.cpp:1865:5:void toJSONAnimationOptions(std::string&, const AnimationOptions&, int)	24	static
C:/Raspberrypi_Pico/GP2040-CE-0.7.11_8BitDo5/8BitDoArcadeStickUSBConverter2/src/config_utils.cpp:1865:5:void toJSONAnalogOptions(std::string&, const AnalogOptions&, int)	24	static
C:/Raspberrypi_Pico/GP2040-CE-0.7.11_8BitDo5/8BitDoArcadeStickUSBConverter2/src/config_utils.cpp:1865:5:void toJSONAnalogADS1256Options(std::string&, const AnalogADS1256Options&, int)	32	static
C:/Raspberrypi_Pico/GP2040-CE-0.7.11_8BitDo5/8BitDoArcadeStickUSBConverter2/src/config_utils.cpp:1865:5:void toJSONRotaryPinOptions(std::string&, const RotaryPinOptions&, int)	32	static
C:/Raspberrypi_Pico/GP2040-CE-0.7.11_8BitDo5/8BitDoArcadeStickUSBConverter2/src/config_utils.cpp:1865:5:void toJSONRotaryOptions(std::string&, const RotaryOptions&, int)	32	static
C:/Raspberrypi_Pico/GP2040-CE-0.7.11_8BitDo5/8BitDoArcadeStickUSBConverter2/src/config_utils.cpp:1865:5:void toJSONDRV8833RumbleOptions(std::string&, const DRV8833RumbleOptions&, int)	32	static
C:/Raspberrypi_Pico/GP2040-CE-0.7.11_8BitDo5/8BitDoArcadeStickUSBConverter2/src/config_utils.cpp:1865:5:void toJSONAddonOptions(std::string&, const AddonOptions&, int)	24	static
C:/Raspberrypi_Pico/GP2040-CE-0.7.11_8BitDo5/8BitDoArcadeStickUSBConverter2/src/config_utils.cpp:1865:5:void toJSONConfig(std::string&, const Config&, int)	24	static
C:/Raspberrypi_Pico/GP2040-CE-0.7.11_8BitDo5/8BitDoArcadeStickUSBConverter2/src/config_utils.cpp:1872:13:std::string ConfigUtils::toJSON(const Config&)	32	static
C:/Raspberrypi_Pico/GP2040-CE-0.7.11_8BitDo5/8BitDoArcadeStickUSBConverter2/build/_deps/arduinojson-src/src/ArduinoJson/Strings/StringAdapters.hpp:48:1:typename ArduinoJson::V6212HB::detail::enable_if<(TAdaptedString1::typeSortKey <= TAdaptedString2::typeSortKey), bool>::type ArduinoJson::V6212HB::detail::stringEquals(TAdaptedString1, TAdaptedString2) [with TAdaptedString1 = ArduinoJson::V6212HB::detail::StaticStringAdapter; TAdaptedString2 = ArduinoJson::V6212HB::detail::StaticStringAdapter]	24	static
C:/Raspberrypi_Pico/GP2040-CE-0.7.11_8BitDo5/8BitDoArcadeStickUSBConverter2/build/_deps/arduinojson-src/src/ArduinoJson/Object/JsonObjectConst.hpp:130:30:const ArduinoJson::V6212HB::detail::VariantData* ArduinoJson::V6212HB::JsonObjectConst::getMember(TAdaptedString) const [with TAdaptedString = ArduinoJson::V6212HB::detail::StaticStringAdapter]	16	static
C:/Raspberrypi_Pico/GP2040-CE-0.7.11_8BitDo5/8BitDoArcadeStickUSBConverter2/src/config_utils.cpp:2036:13:bool fromJsonBool(ArduinoJson::V6212HB::JsonObjectConst, const char*, bool&, bool&)	32	static
C:/Raspberrypi_Pico/GP2040-CE-0.7.11_8BitDo5/8BitDoArcadeStickUSBConverter2/src/config_utils.cpp:2250:5:bool fromJSONXBOnePassthroughOptions(ArduinoJson::V6212HB::JsonObjectConst, XBOnePassthroughOptions&)	8	static
C:/Raspberrypi_Pico/GP2040-CE-0.7.11_8BitDo5/8BitDoArcadeStickUSBConverter2/src/config_utils.cpp:2250:5:bool fromJSONMigrationHistory(ArduinoJson::V6212HB::JsonObjectConst, MigrationHistory&)	16	static
C:/Raspberrypi_Pico/GP2040-CE-0.7.11_8BitDo5/8BitDoArcadeStickUSBConverter2/src/config_utils.cpp:2074:13:bool fromJsonBytes(ArduinoJson::V6212HB::JsonObjectConst, const char*, uint8_t*, uint16_t&, size_t)	80	static
C:/Raspberrypi_Pico/GP2040-CE-0.7.11_8BitDo5/8BitDoArcadeStickUSBConverter2/src/config_utils.cpp:2250:5:bool fromJSONPS4Options(ArduinoJson::V6212HB::JsonObjectConst, PS4Options&)	24	static
C:/Raspberrypi_Pico/GP2040-CE-0.7.11_8BitDo5/8BitDoArcadeStickUSBConverter2/src/config_utils.cpp:1970:13:bool fromJsonFloat(ArduinoJson::V6212HB::JsonObjectConst, const char*, float&, bool&)	64	static
C:/Raspberrypi_Pico/GP2040-CE-0.7.11_8BitDo5/8BitDoArcadeStickUSBConverter2/build/_deps/arduinojson-src/src/ArduinoJson/Numbers/convertNumber.hpp:103:1:typename ArduinoJson::V6212HB::detail::enable_if<((ArduinoJson::V6212HB::detail::is_floating_point<TIn>::value && ArduinoJson::V6212HB::detail::is_integral<T>::value) && (sizeof (TOut) < sizeof (TIn))), bool>::type ArduinoJson::V6212HB::detail::canConvertNumber(TIn) [with TOut = int; TIn = double]	16	static
C:/Raspberrypi_Pico/GP2040-CE-0.7.11_8BitDo5/8BitDoArcadeStickUSBConverter2/build/_deps/arduinojson-src/src/ArduinoJson/Numbers/convertNumber.hpp:126:6:TOut ArduinoJson::V6212HB::detail::convertNumber(TIn) [with TOut = int; TIn = double]	16	static
C:/Raspberrypi_Pico/GP2040-CE-0.7.11_8BitDo5/8BitDoArcadeStickUSBConverter2/build/_deps/arduinojson-src/src/ArduinoJson/Variant/VariantImpl.hpp:19:10:T ArduinoJson::V6212HB::detail::VariantData::asIntegral() const [with T = int]	24	static
C:/Raspberrypi_Pico/GP2040-CE-0.7.11_8BitDo5/8BitDoArcadeStickUSBConverter2/build/_deps/arduinojson-src/src/ArduinoJson/Variant/ConverterImpl.hpp:50:12:static T ArduinoJson::V6212HB::Converter<T, typename ArduinoJson::V6212HB::detail::enable_if<((ArduinoJson::V6212HB::detail::is_integral<T>::value && (! ArduinoJson::V6212HB::detail::is_same<bool, T>::value)) && (! ArduinoJson::V6212HB::detail::is_same<char, T>::value))>::type>::fromJson(ArduinoJson::V6212HB::JsonVariantConst) [with T = int]	40	static
C:/Raspberrypi_Pico/GP2040-CE-0.7.11_8BitDo5/8BitDoArcadeStickUSBConverter2/src/config_utils.cpp:1992:13:bool fromJsonInt32(ArduinoJson::V6212HB::JsonObjectConst, const char*, int32_t&, bool&)	48	static
C:/Raspberrypi_Pico/GP2040-CE-0.7.11_8BitDo5/8BitDoArcadeStickUSBConverter2/src/config_utils.cpp:2250:5:bool fromJSONPinMappings(ArduinoJson::V6212HB::JsonObjectConst, PinMappings&)	16	static
C:/Raspberrypi_Pico/GP2040-CE-0.7.11_8BitDo5/8BitDoArcadeStickUSBConverter2/src/config_utils.cpp:2250:5:bool fromJSONButtonLayoutParamsCommon(ArduinoJson::V6212HB::JsonObjectConst, ButtonLayoutParamsCommon&)	16	static
C:/Raspberrypi_Pico/GP2040-CE-0.7.11_8BitDo5/8BitDoArcadeStickUSBConverter2/src/config_utils.cpp:2250:5:bool fromJSONWiiOptions_AnalogAxis(ArduinoJson::V6212HB::JsonObjectConst, WiiOptions_AnalogAxis&)	16	static
C:/Raspberrypi_Pico/GP2040-CE-0.7.11_8BitDo5/8BitDoArcadeStickUSBConverter2/src/config_utils.cpp:2250:5:bool fromJSONWiiOptions_StickOptions(ArduinoJson::V6212HB::JsonObjectConst, WiiOptions_StickOptions&)	24	static
C:/Raspberrypi_Pico/GP2040-CE-0.7.11_8BitDo5/8BitDoArcadeStickUSBConverter2/src/config_utils.cpp:2250:5:bool fromJSONWiiOptions_TaikoOptions(ArduinoJson::V6212HB::JsonObjectConst, WiiOptions_TaikoOptions&)	16	static
C:/Raspberrypi_Pico/GP2040-CE-0.7.11_8BitDo5/8BitDoArcadeStickUSBConverter2/src/config_utils.cpp:2250:5:bool fromJSONAlternativePinMappings(ArduinoJson::V6212HB::JsonObjectConst, AlternativePinMappings&)	16	static
C:/Raspberrypi_Pico/GP2040-CE-0.7.11_8BitDo5/8BitDoArcadeStickUSBConverter2/src/config_utils.cpp:2250:5:bool fromJSONAnalogADS1219Options(ArduinoJson::V6212HB::JsonObjectConst, AnalogADS1219Options&)	16	static
C:/Raspberrypi_Pico/GP2040-CE-0.7.11_8BitDo5/8BitDoArcadeStickUSBConverter2/src/config_utils.cpp:2250:5:bool fromJSONSNESOptions(ArduinoJson::V6212HB::JsonObjectConst, SNESOptions&)	16	static
C:/Raspberrypi_Pico/GP2040-CE-0.7.11_8BitDo5/8BitDoArcadeStickUSBConverter2/src/config_utils.cpp:2250:5:bool fromJSONFocusModeOptions(ArduinoJson::V6212HB::JsonObjectConst, FocusModeOptions&)	16	static
C:/Raspberrypi_Pico/GP2040-CE-0.7.11_8BitDo5/8BitDoArcadeStickUSBConverter2/src/config_utils.cpp:2250:5:bool fromJSONPSPassthroughOptions(ArduinoJson::V6212HB::JsonObjectConst, PSPassthroughOptions&)	16	static
C:/Raspberrypi_Pico/GP2040-CE-0.7.11_8BitDo5/8BitDoArcadeStickUSBConverter2/src/config_utils.cpp:2250:5:bool fromJSONAnalogADS1256Options(ArduinoJson::V6212HB::JsonObjectConst, AnalogADS1256Options&)	16	static
C:/Raspberrypi_Pico/GP2040-CE-0.7.11_8BitDo5/8BitDoArcadeStickUSBConverter2/src/config_utils.cpp:2250:5:bool fromJSONPeripheralOptions_SPIOptions(ArduinoJson::V6212HB::JsonObjectConst, PeripheralOptions_SPIOptions&)	16	static
C:/Raspberrypi_Pico/GP2040-CE-0.7.11_8BitDo5/8BitDoArcadeStickUSBConverter2/src/config_utils.cpp:2250:5:bool fromJSONWiiOptions_NunchukOptions(ArduinoJson::V6212HB::JsonObjectConst, WiiOptions_NunchukOptions&)	24	static
C:/Raspberrypi_Pico/GP2040-CE-0.7.11_8BitDo5/8BitDoArcadeStickUSBConverter2/src/config_utils.cpp:2250:5:bool fromJSONWiiOptions_ClassicOptions(ArduinoJson::V6212HB::JsonObjectConst, WiiOptions_ClassicOptions&)	24	static
C:/Raspberrypi_Pico/GP2040-CE-0.7.11_8BitDo5/8BitDoArcadeStickUSBConverter2/src/config_utils.cpp:2250:5:bool fromJSONWiiOptions_GuitarOptions(ArduinoJson::V6212HB::JsonObjectConst, WiiOptions_GuitarOptions&)	24	static
C:/Raspberrypi_Pico/GP2040-CE-0.7.11_8BitDo5/8BitDoArcadeStickUSBConverter2/src/config_utils.cpp:2250:5:bool fromJSONWiiOptions_DrumOptions(ArduinoJson::V6212HB::JsonObjectConst, WiiOptions_DrumOptions&)	24	static
C:/Raspberrypi_Pico/GP2040-CE-0.7.11_8BitDo5/8BitDoArcadeStickUSBConverter2/src/config_utils.cpp:2250:5:bool fromJSONWiiOptions_TurntableOptions(ArduinoJson::V6212HB::JsonObjectConst, WiiOptions_TurntableOptions&)	24	static
C:/Raspberrypi_Pico/GP2040-CE-0.7.11_8BitDo5/8BitDoArcadeStickUSBConverter2/src/config_utils.cpp:2250:5:bool fromJSONWiiOptions_ControllerOptions(ArduinoJson::V6212HB::JsonObjectConst, WiiOptions_ControllerOptions&)	24	static
C:/Raspberrypi_Pico/GP2040-CE-0.7.11_8BitDo5/8BitDoArcadeStickUSBConverter2/src/config_utils.cpp:2250:5:bool fromJSONWiiOptions(ArduinoJson::V6212HB::JsonObjectConst, WiiOptions&)	24	static
C:/Raspberrypi_Pico/GP2040-CE-0.7.11_8BitDo5/8BitDoArcadeStickUSBConverter2/build/_deps/arduinojson-src/src/ArduinoJson/Numbers/convertNumber.hpp:103:1:typename ArduinoJson::V6212HB::detail::enable_if<((ArduinoJson::V6212HB::detail::is_floating_point<TIn>::value && ArduinoJson::V6212HB::detail::is_integral<T>::value) && (sizeof (TOut) < sizeof (TIn))), bool>::type ArduinoJson::V6212HB::detail::canConvertNumber(TIn) [with TOut = unsigned int; TIn = double]	16	static
C:/Raspberrypi_Pico/GP2040-CE-0.7.11_8BitDo5/8BitDoArcadeStickUSBConverter2/build/_deps/arduinojson-src/src/ArduinoJson/Numbers/convertNumber.hpp:126:6:TOut ArduinoJson::V6212HB::detail::convertNumber(TIn) [with TOut = unsigned int; TIn = double]	16	static
C:/Raspberrypi_Pico/GP2040-CE-0.7.11_8BitDo5/8BitDoArcadeStickUSBConverter2/build/_deps/arduinojson-src/src/ArduinoJson/Variant/VariantImpl.hpp:19:10:T ArduinoJson::V6212HB::detail::VariantData::asIntegral() const [with T = unsigned int]	24	static
C:/Raspberrypi_Pico/GP2040-CE-0.7.11_8BitDo5/8BitDoArcadeStickUSBConverter2/src/config_utils.cpp:2250:5:bool fromJSONOnBoardLedOptions(ArduinoJson::V6212HB::JsonObjectConst, OnBoardLedOptions&)	40	static
C:/Raspberrypi_Pico/GP2040-CE-0.7.11_8BitDo5/8BitDoArcadeStickUSBConverter2/build/_deps/arduinojson-src/src/ArduinoJson/Variant/ConverterImpl.hpp:50:12:static T ArduinoJson::V6212HB::Converter<T, typename ArduinoJson::V6212HB::detail::enable_if<((ArduinoJson::V6212HB::detail::is_integral<T>::value && (! ArduinoJson::V6212HB::detail::is_same<bool, T>::value)) && (! ArduinoJson::V6212HB::detail::is_same<char, T>::value))>::type>::fromJson(ArduinoJson::V6212HB::JsonVariantConst) [with T = unsigned int]	40	static
C:/Raspberrypi_Pico/GP2040-CE-0.7.11_8BitDo5/8BitDoArcadeStickUSBConverter2/src/config_utils.cpp:2250:5:bool fromJSONReactiveLEDInfo(ArduinoJson::V6212HB::JsonObjectConst, ReactiveLEDInfo&)	40	static
C:/Raspberrypi_Pico/GP2040-CE-0.7.11_8BitDo5/8BitDoArcadeStickUSBConverter2/src/config_utils.cpp:2250:5:bool fromJSONReactiveLEDOptions(ArduinoJson::V6212HB::JsonObjectConst, ReactiveLEDOptions&)	32	static
C:/Raspberrypi_Pico/GP2040-CE-0.7.11_8BitDo5/8BitDoArcadeStickUSBConverter2/src/config_utils.cpp:2250:5:bool fromJSONSliderOptions(ArduinoJson::V6212HB::JsonObjectConst, SliderOptions&)	24	static
C:/Raspberrypi_Pico/GP2040-CE-0.7.11_8BitDo5/8BitDoArcadeStickUSBConverter2/src/config_utils.cpp:2250:5:bool fromJSONDualDirectionalOptions(ArduinoJson::V6212HB::JsonObjectConst, DualDirectionalOptions&)	24	static
C:/Raspberrypi_Pico/GP2040-CE-0.7.11_8BitDo5/8BitDoArcadeStickUSBConverter2/src/config_utils.cpp:2250:5:bool fromJSONSOCDSliderOptions(ArduinoJson::V6212HB::JsonObjectConst, SOCDSliderOptions&)	24	static
C:/Raspberrypi_Pico/GP2040-CE-0.7.11_8BitDo5/8BitDoArcadeStickUSBConverter2/src/config_utils.cpp:2250:5:bool fromJSONTiltOptions(ArduinoJson::V6212HB::JsonObjectConst, TiltOptions&)	24	static
C:/Raspberrypi_Pico/GP2040-CE-0.7.11_8BitDo5/8BitDoArcadeStickUSBConverter2/src/config_utils.cpp:2250:5:bool fromJSONForcedSetupOptions(ArduinoJson::V6212HB::JsonObjectConst, ForcedSetupOptions&)	40	static
C:/Raspberrypi_Pico/GP2040-CE-0.7.11_8BitDo5/8BitDoArcadeStickUSBConverter2/src/config_utils.cpp:2250:5:bool fromJSONButtonLayoutParamsLeft(ArduinoJson::V6212HB::JsonObjectConst, ButtonLayoutParamsLeft&)	40	static
C:/Raspberrypi_Pico/GP2040-CE-0.7.11_8BitDo5/8BitDoArcadeStickUSBConverter2/src/config_utils.cpp:2250:5:bool fromJSONButtonLayoutParamsRight(ArduinoJson::V6212HB::JsonObjectConst, ButtonLayoutParamsRight&)	40	static
C:/Raspberrypi_Pico/GP2040-CE-0.7.11_8BitDo5/8BitDoArcadeStickUSBConverter2/src/config_utils.cpp:2250:5:bool fromJSONButtonLayoutCustomOptions(ArduinoJson::V6212HB::JsonObjectConst, ButtonLayoutCustomOptions&)	24	static
C:/Raspberrypi_Pico/GP2040-CE-0.7.11_8BitDo5/8BitDoArcadeStickUSBConverter2/src/config_utils.cpp:2014:13:bool fromJsonUint32(ArduinoJson::V6212HB::JsonObjectConst, const char*, uint32_t&, bool&)	48	static
C:/Raspberrypi_Pico/GP2040-CE-0.7.11_8BitDo5/8BitDoArcadeStickUSBConverter2/src/config_utils.cpp:2250:5:bool fromJSONKeyboardMapping(ArduinoJson::V6212HB::JsonObjectConst, KeyboardMapping&)	16	static
C:/Raspberrypi_Pico/GP2040-CE-0.7.11_8BitDo5/8BitDoArcadeStickUSBConverter2/src/config_utils.cpp:2250:5:bool fromJSONMacroInput(ArduinoJson::V6212HB::JsonObjectConst, MacroInput&)	16	static
C:/Raspberrypi_Pico/GP2040-CE-0.7.11_8BitDo5/8BitDoArcadeStickUSBConverter2/src/config_utils.cpp:2250:5:bool fromJSONLEDOptions(ArduinoJson::V6212HB::JsonObjectConst, LEDOptions&)	24	static
C:/Raspberrypi_Pico/GP2040-CE-0.7.11_8BitDo5/8BitDoArcadeStickUSBConverter2/src/config_utils.cpp:2250:5:bool fromJSONAnimationOptions(ArduinoJson::V6212HB::JsonObjectConst, AnimationOptions&)	16	static
C:/Raspberrypi_Pico/GP2040-CE-0.7.11_8BitDo5/8BitDoArcadeStickUSBConverter2/src/config_utils.cpp:2250:5:bool fromJSONBootselButtonOptions(ArduinoJson::V6212HB::JsonObjectConst, BootselButtonOptions&)	16	static
C:/Raspberrypi_Pico/GP2040-CE-0.7.11_8BitDo5/8BitDoArcadeStickUSBConverter2/src/config_utils.cpp:2250:5:bool fromJSONAnalogOptions(ArduinoJson::V6212HB::JsonObjectConst, AnalogOptions&)	24	static
C:/Raspberrypi_Pico/GP2040-CE-0.7.11_8BitDo5/8BitDoArcadeStickUSBConverter2/src/config_utils.cpp:2250:5:bool fromJSONTurboOptions(ArduinoJson::V6212HB::JsonObjectConst, TurboOptions&)	24	static
C:/Raspberrypi_Pico/GP2040-CE-0.7.11_8BitDo5/8BitDoArcadeStickUSBConverter2/src/config_utils.cpp:2250:5:bool fromJSONReverseOptions(ArduinoJson::V6212HB::JsonObjectConst, ReverseOptions&)	16	static
C:/Raspberrypi_Pico/GP2040-CE-0.7.11_8BitDo5/8BitDoArcadeStickUSBConverter2/src/config_utils.cpp:2250:5:bool fromJSONBuzzerOptions(ArduinoJson::V6212HB::JsonObjectConst, BuzzerOptions&)	16	static
C:/Raspberrypi_Pico/GP2040-CE-0.7.11_8BitDo5/8BitDoArcadeStickUSBConverter2/src/config_utils.cpp:2250:5:bool fromJSONExtraButtonOptions(ArduinoJson::V6212HB::JsonObjectConst, ExtraButtonOptions&)	16	static
C:/Raspberrypi_Pico/GP2040-CE-0.7.11_8BitDo5/8BitDoArcadeStickUSBConverter2/src/config_utils.cpp:2250:5:bool fromJSONPlayerNumberOptions(ArduinoJson::V6212HB::JsonObjectConst, PlayerNumberOptions&)	16	static
C:/Raspberrypi_Pico/GP2040-CE-0.7.11_8BitDo5/8BitDoArcadeStickUSBConverter2/src/config_utils.cpp:2250:5:bool fromJSONInputHistoryOptions(ArduinoJson::V6212HB::JsonObjectConst, InputHistoryOptions&)	16	static
C:/Raspberrypi_Pico/GP2040-CE-0.7.11_8BitDo5/8BitDoArcadeStickUSBConverter2/src/config_utils.cpp:2250:5:bool fromJSONRotaryPinOptions(ArduinoJson::V6212HB::JsonObjectConst, RotaryPinOptions&)	24	static
C:/Raspberrypi_Pico/GP2040-CE-0.7.11_8BitDo5/8BitDoArcadeStickUSBConverter2/src/config_utils.cpp:2250:5:bool fromJSONRotaryOptions(ArduinoJson::V6212HB::JsonObjectConst, RotaryOptions&)	32	static
C:/Raspberrypi_Pico/GP2040-CE-0.7.11_8BitDo5/8BitDoArcadeStickUSBConverter2/src/config_utils.cpp:2250:5:bool fromJSONDRV8833RumbleOptions(ArduinoJson::V6212HB::JsonObjectConst, DRV8833RumbleOptions&)	16	static
C:/Raspberrypi_Pico/GP2040-CE-0.7.11_8BitDo5/8BitDoArcadeStickUSBConverter2/src/config_utils.cpp:2250:5:bool fromJSONGamepadUSBHostOptions(ArduinoJson::V6212HB::JsonObjectConst, GamepadUSBHostOptions&)	16	static
C:/Raspberrypi_Pico/GP2040-CE-0.7.11_8BitDo5/8BitDoArcadeStickUSBConverter2/src/config_utils.cpp:2250:5:bool fromJSONPeripheralOptions_I2COptions(ArduinoJson::V6212HB::JsonObjectConst, PeripheralOptions_I2COptions&)	16	static
C:/Raspberrypi_Pico/GP2040-CE-0.7.11_8BitDo5/8BitDoArcadeStickUSBConverter2/src/config_utils.cpp:2250:5:bool fromJSONPeripheralOptions_USBOptions(ArduinoJson::V6212HB::JsonObjectConst, PeripheralOptions_USBOptions&)	16	static
C:/Raspberrypi_Pico/GP2040-CE-0.7.11_8BitDo5/8BitDoArcadeStickUSBConverter2/src/config_utils.cpp:2250:5:bool fromJSONPeripheralOptions(ArduinoJson::V6212HB::JsonObjectConst, PeripheralOptions&)	24	static
C:/Raspberrypi_Pico/GP2040-CE-0.7.11_8BitDo5/8BitDoArcadeStickUSBConverter2/src/config_utils.cpp:2250:5:bool fromJSONGamepadOptions(ArduinoJson::V6212HB::JsonObjectConst, GamepadOptions&)	24	static
C:/Raspberrypi_Pico/GP2040-CE-0.7.11_8BitDo5/8BitDoArcadeStickUSBConverter2/src/config_utils.cpp:2250:5:bool fromJSONKeyboardHostOptions(ArduinoJson::V6212HB::JsonObjectConst, KeyboardHostOptions&)	16	static
C:/Raspberrypi_Pico/GP2040-CE-0.7.11_8BitDo5/8BitDoArcadeStickUSBConverter2/src/config_utils.cpp:2250:5:bool fromJSONDisplayOptions(ArduinoJson::V6212HB::JsonObjectConst, DisplayOptions&)	32	static
C:/Raspberrypi_Pico/GP2040-CE-0.7.11_8BitDo5/8BitDoArcadeStickUSBConverter2/src/config_utils.cpp:2250:5:bool fromJSONHotkeyEntry(ArduinoJson::V6212HB::JsonObjectConst, HotkeyEntry&)	40	static
C:/Raspberrypi_Pico/GP2040-CE-0.7.11_8BitDo5/8BitDoArcadeStickUSBConverter2/src/config_utils.cpp:2250:5:bool fromJSONHotkeyOptions(ArduinoJson::V6212HB::JsonObjectConst, HotkeyOptions&)	16	static
C:/Raspberrypi_Pico/GP2040-CE-0.7.11_8BitDo5/8BitDoArcadeStickUSBConverter2/src/config_utils.cpp:2250:5:bool fromJSONMacro(ArduinoJson::V6212HB::JsonObjectConst, Macro&)	64	static
C:/Raspberrypi_Pico/GP2040-CE-0.7.11_8BitDo5/8BitDoArcadeStickUSBConverter2/src/config_utils.cpp:2250:5:bool fromJSONMacroOptions(ArduinoJson::V6212HB::JsonObjectConst, MacroOptions&)	32	static
C:/Raspberrypi_Pico/GP2040-CE-0.7.11_8BitDo5/8BitDoArcadeStickUSBConverter2/src/config_utils.cpp:2250:5:bool fromJSONGpioMappingInfo(ArduinoJson::V6212HB::JsonObjectConst, GpioMappingInfo&)	40	static
C:/Raspberrypi_Pico/GP2040-CE-0.7.11_8BitDo5/8BitDoArcadeStickUSBConverter2/src/config_utils.cpp:2250:5:bool fromJSONPCF8575Options(ArduinoJson::V6212HB::JsonObjectConst, PCF8575Options&)	32	static
C:/Raspberrypi_Pico/GP2040-CE-0.7.11_8BitDo5/8BitDoArcadeStickUSBConverter2/src/config_utils.cpp:2250:5:bool fromJSONAddonOptions(ArduinoJson::V6212HB::JsonObjectConst, AddonOptions&)	16	static
C:/Raspberrypi_Pico/GP2040-CE-0.7.11_8BitDo5/8BitDoArcadeStickUSBConverter2/src/config_utils.cpp:2250:5:bool fromJSONGpioMappings(ArduinoJson::V6212HB::JsonObjectConst, GpioMappings&)	48	static
C:/Raspberrypi_Pico/GP2040-CE-0.7.11_8BitDo5/8BitDoArcadeStickUSBConverter2/src/config_utils.cpp:2250:5:bool fromJSONProfileOptions(ArduinoJson::V6212HB::JsonObjectConst, ProfileOptions&)	32	static
C:/Raspberrypi_Pico/GP2040-CE-0.7.11_8BitDo5/8BitDoArcadeStickUSBConverter2/src/config_utils.cpp:2250:5:bool fromJSONConfig(ArduinoJson::V6212HB::JsonObjectConst, Config&)	40	static
C:/Raspberrypi_Pico/GP2040-CE-0.7.11_8BitDo5/8BitDoArcadeStickUSBConverter2/build/_deps/arduinojson-src/src/ArduinoJson/Json/Latch.hpp:36:8:void ArduinoJson::V6212HB::detail::Latch<TReader>::load() [with TReader = ArduinoJson::V6212HB::detail::BoundedReader<const char*, void>]	8	static
C:/Raspberrypi_Pico/GP2040-CE-0.7.11_8BitDo5/8BitDoArcadeStickUSBConverter2/build/_deps/arduinojson-src/src/ArduinoJson/Json/JsonDeserializer.hpp:402:30:ArduinoJson::V6212HB::DeserializationError::Code ArduinoJson::V6212HB::detail::JsonDeserializer<TReader, TStringStorage>::parseQuotedString() [with TReader = ArduinoJson::V6212HB::detail::BoundedReader<const char*, void>; TStringStorage = ArduinoJson::V6212HB::detail::StringCopier]	40	static
C:/Raspberrypi_Pico/GP2040-CE-0.7.11_8BitDo5/8BitDoArcadeStickUSBConverter2/build/_deps/arduinojson-src/src/ArduinoJson/Json/JsonDeserializer.hpp:63:30:ArduinoJson::V6212HB::DeserializationError::Code ArduinoJson::V6212HB::detail::JsonDeserializer<TReader, TStringStorage>::parseVariant(ArduinoJson::V6212HB::detail::VariantData&, TFilter, ArduinoJson::V6212HB::DeserializationOption::NestingLimit) [with TFilter = ArduinoJson::V6212HB::detail::AllowAllFilter; TReader = ArduinoJson::V6212HB::detail::BoundedReader<const char*, void>; TStringStorage = ArduinoJson::V6212HB::detail::StringCopier]	48	static
C:/Raspberrypi_Pico/GP2040-CE-0.7.11_8BitDo5/8BitDoArcadeStickUSBConverter2/build/_deps/arduinojson-src/src/ArduinoJson/Deserialization/deserialize.hpp:54:22:) [with TDeserializer = ArduinoJson::V6212HB::detail::JsonDeserializer; TChar = const char; Size = unsigned int; Args = {}; <template-parameter-1-5> = void]	184	static
C:/Raspberrypi_Pico/GP2040-CE-0.7.11_8BitDo5/8BitDoArcadeStickUSBConverter2/build/_deps/arduinojson-src/src/ArduinoJson/Json/JsonDeserializer.hpp:686:22:) [with TChar = const char; Args = {unsigned int&}]	16	static
C:/Raspberrypi_Pico/GP2040-CE-0.7.11_8BitDo5/8BitDoArcadeStickUSBConverter2/src/config_utils.cpp:2259:6:bool ConfigUtils::fromJSON(Config&, const char*, size_t)	152	static
C:/Raspberrypi_Pico/GP2040-CE-0.7.11_8BitDo5/8BitDoArcadeStickUSBConverter2/build/_deps/arduinojson-src/src/ArduinoJson/Json/JsonDeserializer.hpp:149:30:ArduinoJson::V6212HB::DeserializationError::Code ArduinoJson::V6212HB::detail::JsonDeserializer<TReader, TStringStorage>::parseArray(ArduinoJson::V6212HB::detail::CollectionData&, TFilter, ArduinoJson::V6212HB::DeserializationOption::NestingLimit) [with TFilter = ArduinoJson::V6212HB::detail::AllowAllFilter; TReader = ArduinoJson::V6212HB::detail::BoundedReader<const char*, void>; TStringStorage = ArduinoJson::V6212HB::detail::StringCopier]	32	static
C:/Raspberrypi_Pico/GP2040-CE-0.7.11_8BitDo5/8BitDoArcadeStickUSBConverter2/build/_deps/arduinojson-src/src/ArduinoJson/Json/JsonDeserializer.hpp:235:30:ArduinoJson::V6212HB::DeserializationError::Code ArduinoJson::V6212HB::detail::JsonDeserializer<TReader, TStringStorage>::parseObject(ArduinoJson::V6212HB::detail::CollectionData&, TFilter, ArduinoJson::V6212HB::DeserializationOption::NestingLimit) [with TFilter = ArduinoJson::V6212HB::detail::AllowAllFilter; TReader = ArduinoJson::V6212HB::detail::BoundedReader<const char*, void>; TStringStorage = ArduinoJson::V6212HB::detail::StringCopier]	80	static
C:/Raspberrypi_Pico/GP2040-CE-0.7.11_8BitDo5/8BitDoArcadeStickUSBConverter2/src/config_utils.cpp:2282:1:cpp)	8	static
C:/Raspberrypi_Pico/GP2040-CE-0.7.11_8BitDo5/8BitDoArcadeStickUSBConverter2/src/config_utils.cpp:2282:1:cpp)	8	static
