C:/Raspberrypi_Pico/GP2040-CE-0.7.11_8BitDo5/8BitDoArcadeStickUSBConverter2/src/usbdriver.cpp:15:6:bool get_usb_mounted()	0	static
C:/Raspberrypi_Pico/GP2040-CE-0.7.11_8BitDo5/8BitDoArcadeStickUSBConverter2/src/usbdriver.cpp:19:6:bool get_usb_suspended()	0	static
C:/Raspberrypi_Pico/GP2040-CE-0.7.11_8BitDo5/8BitDoArcadeStickUSBConverter2/src/usbdriver.cpp:23:28:const usbd_class_driver_t* usbd_app_driver_get_cb(uint8_t*)	8	static
C:/Raspberrypi_Pico/GP2040-CE-0.7.11_8BitDo5/8BitDoArcadeStickUSBConverter2/src/usbdriver.cpp:28:10:uint16_t tud_hid_get_report_cb(uint8_t, uint8_t, hid_report_type_t, uint8_t*, uint16_t)	32	static
C:/Raspberrypi_Pico/GP2040-CE-0.7.11_8BitDo5/8BitDoArcadeStickUSBConverter2/src/usbdriver.cpp:34:6:void tud_hid_set_report_cb(uint8_t, uint8_t, hid_report_type_t, const uint8_t*, uint16_t)	32	static
C:/Raspberrypi_Pico/GP2040-CE-0.7.11_8BitDo5/8BitDoArcadeStickUSBConverter2/src/usbdriver.cpp:39:6:void tud_mount_cb()	0	static
C:/Raspberrypi_Pico/GP2040-CE-0.7.11_8BitDo5/8BitDoArcadeStickUSBConverter2/src/usbdriver.cpp:46:6:void tud_umount_cb()	0	static
C:/Raspberrypi_Pico/GP2040-CE-0.7.11_8BitDo5/8BitDoArcadeStickUSBConverter2/src/usbdriver.cpp:55:6:void tud_suspend_cb(bool)	0	static
C:/Raspberrypi_Pico/GP2040-CE-0.7.11_8BitDo5/8BitDoArcadeStickUSBConverter2/src/usbdriver.cpp:61:6:void tud_resume_cb()	0	static
C:/Raspberrypi_Pico/GP2040-CE-0.7.11_8BitDo5/8BitDoArcadeStickUSBConverter2/src/usbdriver.cpp:66:6:bool tud_vendor_control_xfer_cb(uint8_t, uint8_t, const tusb_control_request_t*)	24	static
C:/Raspberrypi_Pico/GP2040-CE-0.7.11_8BitDo5/8BitDoArcadeStickUSBConverter2/src/usbdriver.cpp:74:17:const uint16_t* tud_descriptor_string_cb(uint8_t, uint16_t)	16	static
C:/Raspberrypi_Pico/GP2040-CE-0.7.11_8BitDo5/8BitDoArcadeStickUSBConverter2/src/usbdriver.cpp:80:16:const uint8_t* tud_descriptor_device_cb()	8	static
C:/Raspberrypi_Pico/GP2040-CE-0.7.11_8BitDo5/8BitDoArcadeStickUSBConverter2/src/usbdriver.cpp:87:16:const uint8_t* tud_hid_descriptor_report_cb(uint8_t)	8	static
C:/Raspberrypi_Pico/GP2040-CE-0.7.11_8BitDo5/8BitDoArcadeStickUSBConverter2/src/usbdriver.cpp:94:16:const uint8_t* tud_descriptor_configuration_cb(uint8_t)	8	static
C:/Raspberrypi_Pico/GP2040-CE-0.7.11_8BitDo5/8BitDoArcadeStickUSBConverter2/src/usbdriver.cpp:98:16:const uint8_t* tud_descriptor_device_qualifier_cb()	8	static
