C:/Raspberrypi_Pico/GP2040-CE-0.7.11_8BitDo5/8BitDoArcadeStickUSBConverter2/headers/events/GPEvent.h:9:17:GPEvent::~GPEvent()	0	static
C:/Raspberrypi_Pico/GP2040-CE-0.7.11_8BitDo5/8BitDoArcadeStickUSBConverter2/headers/events/GPEvent.h:11:29:virtual GPEventType GPEvent::eventType()	0	static
C:/Raspberrypi_Pico/GP2040-CE-0.7.11_8BitDo5/8BitDoArcadeStickUSBConverter2/headers/events/GPRestartEvent.h:12:17:GPRestartEvent::~GPRestartEvent()	0	static
C:/Raspberrypi_Pico/GP2040-CE-0.7.11_8BitDo5/8BitDoArcadeStickUSBConverter2/headers/events/GPRestartEvent.h:14:21:virtual GPEventType GPRestartEvent::eventType()	0	static
C:/Raspberrypi_Pico/GP2040-CE-0.7.11_8BitDo5/8BitDoArcadeStickUSBConverter2/headers/events/GPStorageSaveEvent.h:13:17:GPStorageSaveEvent::~GPStorageSaveEvent()	0	static
C:/Raspberrypi_Pico/GP2040-CE-0.7.11_8BitDo5/8BitDoArcadeStickUSBConverter2/headers/events/GPStorageSaveEvent.h:15:21:virtual GPEventType GPStorageSaveEvent::eventType()	0	static
C:/Raspberrypi_Pico/GP2040-CE-0.7.11_8BitDo5/8BitDoArcadeStickUSBConverter2/src/webconfig.cpp:209:16:int32_t cleanPin(int32_t)	0	static
C:/Raspberrypi_Pico/GP2040-CE-0.7.11_8BitDo5/8BitDoArcadeStickUSBConverter2/src/webconfig.cpp:2278:13:std::string abortGetHeldPins()	0	static
C:/Raspberrypi_Pico/GP2040-CE-0.7.11_8BitDo5/8BitDoArcadeStickUSBConverter2/headers/events/GPStorageSaveEvent.h:13:17:virtual GPStorageSaveEvent::~GPStorageSaveEvent()	8	static
C:/Raspberrypi_Pico/GP2040-CE-0.7.11_8BitDo5/8BitDoArcadeStickUSBConverter2/headers/events/GPEvent.h:9:17:virtual GPEvent::~GPEvent()	8	static
C:/Raspberrypi_Pico/GP2040-CE-0.7.11_8BitDo5/8BitDoArcadeStickUSBConverter2/headers/events/GPRestartEvent.h:12:17:virtual GPRestartEvent::~GPRestartEvent()	8	static
C:/Raspberrypi_Pico/GP2040-CE-0.7.11_8BitDo5/8BitDoArcadeStickUSBConverter2/headers/eventmanager.h:35:33:void __tcf_0()	24	static
C:/Raspberrypi_Pico/GP2040-CE-0.7.11_8BitDo5/8BitDoArcadeStickUSBConverter2/headers/peripheralmanager.h:22:28:void __tcf_1()	8	static
C:/Raspberrypi_Pico/GP2040-CE-0.7.11_8BitDo5/8BitDoArcadeStickUSBConverter2/src/webconfig.cpp:2455:1:void __static_initialization_and_destruction_0(int, int)	112	static
C:/Raspberrypi_Pico/GP2040-CE-0.7.11_8BitDo5/8BitDoArcadeStickUSBConverter2/build/_deps/arduinojson-src/src/ArduinoJson/Strings/StringAdapters.hpp:70:13:void ArduinoJson::V6212HB::detail::stringGetChars(TAdaptedString, char*, size_t) [with TAdaptedString = ArduinoJson::V6212HB::detail::JsonStringAdapter]	32	static
C:/Raspberrypi_Pico/GP2040-CE-0.7.11_8BitDo5/8BitDoArcadeStickUSBConverter2/build/_deps/arduinojson-src/src/ArduinoJson/Strings/StringAdapters.hpp:70:13:void ArduinoJson::V6212HB::detail::stringGetChars(TAdaptedString, char*, size_t) [with TAdaptedString = ArduinoJson::V6212HB::detail::SizedRamString]	24	static
C:/Raspberrypi_Pico/GP2040-CE-0.7.11_8BitDo5/8BitDoArcadeStickUSBConverter2/build/_deps/arduinojson-src/src/ArduinoJson/Strings/StringAdapters.hpp:70:13:void ArduinoJson::V6212HB::detail::stringGetChars(TAdaptedString, char*, size_t) [with TAdaptedString = ArduinoJson::V6212HB::detail::ZeroTerminatedRamString]	24	static
C:/Raspberrypi_Pico/GP2040-CE-0.7.11_8BitDo5/8BitDoArcadeStickUSBConverter2/src/webconfig.cpp:232:19:void __tcf_2()	8	static
C:/Raspberrypi_Pico/GP2040-CE-0.7.11_8BitDo5/8BitDoArcadeStickUSBConverter2/src/webconfig.cpp:2284:13:std::string getConfig()	8	static
C:/Raspberrypi_Pico/GP2040-CE-0.7.11_8BitDo5/8BitDoArcadeStickUSBConverter2/src/webconfig.cpp:105:39:void cleanAddonGpioMappings(int32_t&, int32_t)	16	static
C:/Raspberrypi_Pico/GP2040-CE-0.7.11_8BitDo5/8BitDoArcadeStickUSBConverter2/headers/base64.h:82:15:static bool Base64::Decode(const char*, size_t, std::string&)	40	static
C:/Raspberrypi_Pico/GP2040-CE-0.7.11_8BitDo5/8BitDoArcadeStickUSBConverter2/headers/eventmanager.h:33:30:static EventManager& EventManager::getInstance()	8	static
C:/Raspberrypi_Pico/GP2040-CE-0.7.11_8BitDo5/8BitDoArcadeStickUSBConverter2/headers/storagemanager.h:30:18:static Storage& Storage::getInstance()	8	static
C:/Raspberrypi_Pico/GP2040-CE-0.7.11_8BitDo5/8BitDoArcadeStickUSBConverter2/build/_deps/arduinojson-src/src/ArduinoJson/Memory/MemoryPool.hpp:170:8:void ArduinoJson::V6212HB::detail::MemoryPool::checkInvariants()	8	static
C:/Raspberrypi_Pico/GP2040-CE-0.7.11_8BitDo5/8BitDoArcadeStickUSBConverter2/build/_deps/arduinojson-src/src/ArduinoJson/Variant/VariantFunctions.hpp:71:31:ArduinoJson::V6212HB::detail::VariantData* ArduinoJson::V6212HB::detail::variantGetOrAddElement(ArduinoJson::V6212HB::detail::VariantData*, size_t, ArduinoJson::V6212HB::detail::MemoryPool*)	24	static
C:/Raspberrypi_Pico/GP2040-CE-0.7.11_8BitDo5/8BitDoArcadeStickUSBConverter2/build/_deps/arduinojson-src/src/ArduinoJson/Collection/CollectionImpl.hpp:14:21:ArduinoJson::V6212HB::detail::VariantSlot* ArduinoJson::V6212HB::detail::CollectionData::addSlot(ArduinoJson::V6212HB::detail::MemoryPool*)	16	static
C:/Raspberrypi_Pico/GP2040-CE-0.7.11_8BitDo5/8BitDoArcadeStickUSBConverter2/src/webconfig.cpp:323:7:err_t httpd_post_begin(void*, const char*, const char*, uint16_t, int, char*, uint16_t, uint8_t*)	24	static
C:/Raspberrypi_Pico/GP2040-CE-0.7.11_8BitDo5/8BitDoArcadeStickUSBConverter2/src/webconfig.cpp:345:7:err_t httpd_post_receive_data(void*, pbuf*)	8	static
C:/Raspberrypi_Pico/GP2040-CE-0.7.11_8BitDo5/8BitDoArcadeStickUSBConverter2/src/webconfig.cpp:378:6:void httpd_post_finished(void*, char*, uint16_t)	16	static
C:/Raspberrypi_Pico/GP2040-CE-0.7.11_8BitDo5/8BitDoArcadeStickUSBConverter2/src/webconfig.cpp:2448:6:void fs_close_custom(fs_file*)	8	static
c:\progra~2\gnuarm~1\102021~1.10\arm-none-eabi\include\c++\10.3.1\bits\charconv.h:72:5:void std::__detail::__to_chars_10_impl(char*, unsigned int, _Tp) [with _Tp = unsigned int]	24	static
C:/Raspberrypi_Pico/GP2040-CE-0.7.11_8BitDo5/8BitDoArcadeStickUSBConverter2/src/webconfig.cpp:230:5:int set_file_data(fs_file*, const DataAndStatusCode&)	56	static
C:/Raspberrypi_Pico/GP2040-CE-0.7.11_8BitDo5/8BitDoArcadeStickUSBConverter2/src/webconfig.cpp:265:5:int set_file_data(fs_file*, std::string&&)	48	static
C:/Raspberrypi_Pico/GP2040-CE-0.7.11_8BitDo5/8BitDoArcadeStickUSBConverter2/src/webconfig.cpp:2409:5:int fs_open_custom(fs_file*, const char*)	80	static
C:/Raspberrypi_Pico/GP2040-CE-0.7.11_8BitDo5/8BitDoArcadeStickUSBConverter2/build/_deps/arduinojson-src/src/ArduinoJson/Strings/StringAdapter.hpp:26:52:typename ArduinoJson::V6212HB::detail::SizedStringAdapter<TChar*>::AdaptedString ArduinoJson::V6212HB::detail::adaptString(TChar*, size_t) [with TChar = char]	0	static
C:/Raspberrypi_Pico/GP2040-CE-0.7.11_8BitDo5/8BitDoArcadeStickUSBConverter2/build/_deps/arduinojson-src/src/ArduinoJson/Variant/VariantImpl.hpp:133:1:typename ArduinoJson::V6212HB::detail::enable_if<ArduinoJson::V6212HB::detail::is_same<T, ArduinoJson::V6212HB::JsonObject>::value, ArduinoJson::V6212HB::JsonObject>::type ArduinoJson::V6212HB::detail::VariantRefBase<TDerived>::to() const [with T = ArduinoJson::V6212HB::JsonObject; TDerived = ArduinoJson::V6212HB::JsonVariant]	8	static
C:/Raspberrypi_Pico/GP2040-CE-0.7.11_8BitDo5/8BitDoArcadeStickUSBConverter2/build/_deps/arduinojson-src/src/ArduinoJson/Strings/StringAdapter.hpp:16:48:typename ArduinoJson::V6212HB::detail::StringAdapter<TString>::AdaptedString ArduinoJson::V6212HB::detail::adaptString(const TString&) [with TString = ArduinoJson::V6212HB::JsonString]	0	static
C:/Raspberrypi_Pico/GP2040-CE-0.7.11_8BitDo5/8BitDoArcadeStickUSBConverter2/build/_deps/arduinojson-src/src/ArduinoJson/Strings/StringAdapter.hpp:21:47:typename ArduinoJson::V6212HB::detail::StringAdapter<TChar*>::AdaptedString ArduinoJson::V6212HB::detail::adaptString(TChar*) [with TChar = const char]	0	static
C:/Raspberrypi_Pico/GP2040-CE-0.7.11_8BitDo5/8BitDoArcadeStickUSBConverter2/build/_deps/arduinojson-src/src/ArduinoJson/Document/BasicJsonDocument.hpp:45:12:ArduinoJson::V6212HB::BasicJsonDocument<TAllocator>::BasicJsonDocument(size_t, TAllocator) [with TAllocator = ArduinoJson::V6212HB::DefaultAllocator]	56	static
C:/Raspberrypi_Pico/GP2040-CE-0.7.11_8BitDo5/8BitDoArcadeStickUSBConverter2/build/_deps/arduinojson-src/src/ArduinoJson/Strings/StringAdapters.hpp:48:1:typename ArduinoJson::V6212HB::detail::enable_if<(TAdaptedString1::typeSortKey <= TAdaptedString2::typeSortKey), bool>::type ArduinoJson::V6212HB::detail::stringEquals(TAdaptedString1, TAdaptedString2) [with TAdaptedString1 = ArduinoJson::V6212HB::detail::SizedRamString; TAdaptedString2 = ArduinoJson::V6212HB::detail::SizedRamString]	24	static
C:/Raspberrypi_Pico/GP2040-CE-0.7.11_8BitDo5/8BitDoArcadeStickUSBConverter2/build/_deps/arduinojson-src/src/ArduinoJson/Strings/StringAdapter.hpp:26:52:typename ArduinoJson::V6212HB::detail::SizedStringAdapter<TChar*>::AdaptedString ArduinoJson::V6212HB::detail::adaptString(TChar*, size_t) [with TChar = const char]	0	static
c:\progra~2\gnuarm~1\102021~1.10\arm-none-eabi\include\c++\10.3.1\bits\basic_string.tcc:206:7:void std::__cxx11::basic_string<_CharT, _Traits, _Alloc>::_M_construct(_InIterator, _InIterator, std::forward_iterator_tag) [with _FwdIterator = const char*; _CharT = char; _Traits = std::char_traits<char>; _Alloc = std::allocator<char>]	24	static
C:/Raspberrypi_Pico/GP2040-CE-0.7.11_8BitDo5/8BitDoArcadeStickUSBConverter2/src/webconfig.cpp:2289:19:DataAndStatusCode setConfig()	96	static
C:/Raspberrypi_Pico/GP2040-CE-0.7.11_8BitDo5/8BitDoArcadeStickUSBConverter2/build/_deps/arduinojson-src/src/ArduinoJson/Variant/VariantCompare.hpp:202:15:ArduinoJson::V6212HB::detail::CompareResult ArduinoJson::V6212HB::detail::compare(ArduinoJson::V6212HB::JsonVariantConst, const T&) [with T = std::nullptr_t]	0	static
C:/Raspberrypi_Pico/GP2040-CE-0.7.11_8BitDo5/8BitDoArcadeStickUSBConverter2/build/_deps/arduinojson-src/src/ArduinoJson/Polyfills/utility.hpp:12:5:T&& ArduinoJson::V6212HB::detail::forward(typename ArduinoJson::V6212HB::detail::remove_reference<T>::type&) [with T = short unsigned int&]	0	static
C:/Raspberrypi_Pico/GP2040-CE-0.7.11_8BitDo5/8BitDoArcadeStickUSBConverter2/build/_deps/arduinojson-src/src/ArduinoJson/Strings/StringAdapter.hpp:16:48:typename ArduinoJson::V6212HB::detail::StringAdapter<TString>::AdaptedString ArduinoJson::V6212HB::detail::adaptString(const TString&) [with TString = std::__cxx11::basic_string<char>]	0	static
c:\progra~2\gnuarm~1\102021~1.10\arm-none-eabi\include\c++\10.3.1\bits\stl_tree.h:1915:5:void std::_Rb_tree<_Key, _Val, _KeyOfValue, _Compare, _Alloc>::_M_erase(std::_Rb_tree<_Key, _Val, _KeyOfValue, _Compare, _Alloc>::_Link_type) [with _Key = unsigned char; _Val = std::pair<const unsigned char, bool>; _KeyOfValue = std::_Select1st<std::pair<const unsigned char, bool> >; _Compare = std::less<unsigned char>; _Alloc = std::allocator<std::pair<const unsigned char, bool> >]	16	static
c:\progra~2\gnuarm~1\102021~1.10\arm-none-eabi\include\c++\10.3.1\bits\stl_tree.h:1915:5:void std::_Rb_tree<_Key, _Val, _KeyOfValue, _Compare, _Alloc>::_M_erase(std::_Rb_tree<_Key, _Val, _KeyOfValue, _Compare, _Alloc>::_Link_type) [with _Key = unsigned int; _Val = unsigned int; _KeyOfValue = std::_Identity<unsigned int>; _Compare = std::less<unsigned int>; _Alloc = std::allocator<unsigned int>]	16	static
C:/Raspberrypi_Pico/GP2040-CE-0.7.11_8BitDo5/8BitDoArcadeStickUSBConverter2/build/_deps/arduinojson-src/src/ArduinoJson/Polyfills/alias_cast.hpp:24:3:T ArduinoJson::V6212HB::detail::alias_cast(F) [with T = double; F = long long unsigned int]	0	static
C:/Raspberrypi_Pico/GP2040-CE-0.7.11_8BitDo5/8BitDoArcadeStickUSBConverter2/build/_deps/arduinojson-src/src/ArduinoJson/Numbers/parseNumber.hpp:21:13:bool ArduinoJson::V6212HB::detail::parseNumber(const char*, ArduinoJson::V6212HB::detail::VariantData&)	64	static
C:/Raspberrypi_Pico/GP2040-CE-0.7.11_8BitDo5/8BitDoArcadeStickUSBConverter2/build/_deps/arduinojson-src/src/ArduinoJson/Deserialization/Reader.hpp:69:23:ArduinoJson::V6212HB::detail::BoundedReader<TChar*> ArduinoJson::V6212HB::detail::makeReader(TChar*, size_t) [with TChar = char]	0	static
C:/Raspberrypi_Pico/GP2040-CE-0.7.11_8BitDo5/8BitDoArcadeStickUSBConverter2/build/_deps/arduinojson-src/src/ArduinoJson/StringStorage/StringStorage.hpp:19:13:ArduinoJson::V6212HB::detail::StringMover ArduinoJson::V6212HB::detail::makeStringStorage(TChar*, ArduinoJson::V6212HB::detail::MemoryPool*, typename ArduinoJson::V6212HB::detail::enable_if<(! ArduinoJson::V6212HB::detail::is_const<TChar>::value)>::type*) [with TChar = char]	0	static
C:/Raspberrypi_Pico/GP2040-CE-0.7.11_8BitDo5/8BitDoArcadeStickUSBConverter2/build/_deps/arduinojson-src/src/ArduinoJson/Deserialization/deserialize.hpp:28:33:TDeserializer<TReader, TWriter> ArduinoJson::V6212HB::detail::makeDeserializer(ArduinoJson::V6212HB::detail::MemoryPool*, TReader, TWriter) [with TDeserializer = ArduinoJson::V6212HB::detail::JsonDeserializer; TReader = ArduinoJson::V6212HB::detail::BoundedReader<char*, void>; TWriter = ArduinoJson::V6212HB::detail::StringMover]	56	static
c:\progra~2\gnuarm~1\102021~1.10\arm-none-eabi\include\c++\10.3.1\bits\vector.tcc:426:7:) [with _Args = {unsigned int}; _Tp = unsigned int; _Alloc = std::allocator<unsigned int>]	48	static
c:\progra~2\gnuarm~1\102021~1.10\arm-none-eabi\include\c++\10.3.1\bits\vector.tcc:109:7:) [with _Args = {unsigned int}; _Tp = unsigned int; _Alloc = std::allocator<unsigned int>]	8	static
c:\progra~2\gnuarm~1\102021~1.10\arm-none-eabi\include\c++\10.3.1\bits\stl_tree.h:2093:5:std::pair<std::_Rb_tree_node_base*, std::_Rb_tree_node_base*> std::_Rb_tree<_Key, _Val, _KeyOfValue, _Compare, _Alloc>::_M_get_insert_unique_pos(const key_type&) [with _Key = unsigned int; _Val = unsigned int; _KeyOfValue = std::_Identity<unsigned int>; _Compare = std::less<unsigned int>; _Alloc = std::allocator<unsigned int>]	24	static
c:\progra~2\gnuarm~1\102021~1.10\arm-none-eabi\include\c++\10.3.1\bits\stl_tree.h:1805:7:std::_Rb_tree<_Key, _Val, _KeyOfValue, _Compare, _Alloc>::iterator std::_Rb_tree<_Key, _Val, _KeyOfValue, _Compare, _Alloc>::_M_insert_(std::_Rb_tree<_Key, _Val, _KeyOfValue, _Compare, _Alloc>::_Base_ptr, std::_Rb_tree<_Key, _Val, _KeyOfValue, _Compare, _Alloc>::_Base_ptr, _Arg&&, _NodeGen&) [with _Arg = unsigned int; _NodeGen = std::_Rb_tree<unsigned int, unsigned int, std::_Identity<unsigned int>, std::less<unsigned int>, std::allocator<unsigned int> >::_Alloc_node; _Key = unsigned int; _Val = unsigned int; _KeyOfValue = std::_Identity<unsigned int>; _Compare = std::less<unsigned int>; _Alloc = std::allocator<unsigned int>]	24	static
c:\progra~2\gnuarm~1\102021~1.10\arm-none-eabi\include\c++\10.3.1\bits\stl_tree.h:2147:5:std::pair<std::_Rb_tree_iterator<_Val>, bool> std::_Rb_tree<_Key, _Val, _KeyOfValue, _Compare, _Alloc>::_M_insert_unique(_Arg&&) [with _Arg = unsigned int; _Key = unsigned int; _Val = unsigned int; _KeyOfValue = std::_Identity<unsigned int>; _Compare = std::less<unsigned int>; _Alloc = std::allocator<unsigned int>]	40	static
C:/Raspberrypi_Pico/GP2040-CE-0.7.11_8BitDo5/8BitDoArcadeStickUSBConverter2/build/_deps/arduinojson-src/src/ArduinoJson/Memory/MemoryPool.hpp:232:6:bool ArduinoJson::V6212HB::detail::storeString(ArduinoJson::V6212HB::detail::MemoryPool*, TAdaptedString, ArduinoJson::V6212HB::detail::StringStoragePolicy::Link, TCallback) [with TAdaptedString = ArduinoJson::V6212HB::detail::StaticStringAdapter; TCallback = ArduinoJson::V6212HB::detail::VariantData::VariantStringSetter]	56	static
C:/Raspberrypi_Pico/GP2040-CE-0.7.11_8BitDo5/8BitDoArcadeStickUSBConverter2/build/_deps/arduinojson-src/src/ArduinoJson/Memory/MemoryPool.hpp:249:6:bool ArduinoJson::V6212HB::detail::storeString(ArduinoJson::V6212HB::detail::MemoryPool*, TAdaptedString, TCallback) [with TAdaptedString = ArduinoJson::V6212HB::detail::StaticStringAdapter; TCallback = ArduinoJson::V6212HB::detail::VariantData::VariantStringSetter]	8	static
C:/Raspberrypi_Pico/GP2040-CE-0.7.11_8BitDo5/8BitDoArcadeStickUSBConverter2/build/_deps/arduinojson-src/src/ArduinoJson/Memory/MemoryPool.hpp:232:6:bool ArduinoJson::V6212HB::detail::storeString(ArduinoJson::V6212HB::detail::MemoryPool*, TAdaptedString, ArduinoJson::V6212HB::detail::StringStoragePolicy::Link, TCallback) [with TAdaptedString = ArduinoJson::V6212HB::detail::JsonStringAdapter; TCallback = ArduinoJson::V6212HB::detail::VariantData::VariantStringSetter]	72	static
c:\progra~2\gnuarm~1\102021~1.10\arm-none-eabi\include\c++\10.3.1\bits\basic_string.tcc:206:7:void std::__cxx11::basic_string<_CharT, _Traits, _Alloc>::_M_construct(_InIterator, _InIterator, std::forward_iterator_tag) [with _FwdIterator = char*; _CharT = char; _Traits = std::char_traits<char>; _Alloc = std::allocator<char>]	24	static
C:/Raspberrypi_Pico/GP2040-CE-0.7.11_8BitDo5/8BitDoArcadeStickUSBConverter2/build/_deps/arduinojson-src/src/ArduinoJson/Memory/MemoryPool.hpp:232:6:bool ArduinoJson::V6212HB::detail::storeString(ArduinoJson::V6212HB::detail::MemoryPool*, TAdaptedString, ArduinoJson::V6212HB::detail::StringStoragePolicy::Link, TCallback) [with TAdaptedString = ArduinoJson::V6212HB::detail::JsonStringAdapter; TCallback = ArduinoJson::V6212HB::detail::SlotKeySetter]	72	static
C:/Raspberrypi_Pico/GP2040-CE-0.7.11_8BitDo5/8BitDoArcadeStickUSBConverter2/build/_deps/arduinojson-src/src/ArduinoJson/Numbers/arithmeticCompare.hpp:23:15:ArduinoJson::V6212HB::detail::CompareResult ArduinoJson::V6212HB::detail::arithmeticCompare(const T&, const T&) [with T = double]	24	static
C:/Raspberrypi_Pico/GP2040-CE-0.7.11_8BitDo5/8BitDoArcadeStickUSBConverter2/build/_deps/arduinojson-src/src/ArduinoJson/Numbers/arithmeticCompare.hpp:23:15:ArduinoJson::V6212HB::detail::CompareResult ArduinoJson::V6212HB::detail::arithmeticCompare(const T&, const T&) [with T = long long int]	8	static
C:/Raspberrypi_Pico/GP2040-CE-0.7.11_8BitDo5/8BitDoArcadeStickUSBConverter2/build/_deps/arduinojson-src/src/ArduinoJson/Numbers/arithmeticCompare.hpp:23:15:ArduinoJson::V6212HB::detail::CompareResult ArduinoJson::V6212HB::detail::arithmeticCompare(const T&, const T&) [with T = long long unsigned int]	8	static
C:/Raspberrypi_Pico/GP2040-CE-0.7.11_8BitDo5/8BitDoArcadeStickUSBConverter2/build/_deps/arduinojson-src/src/ArduinoJson/Numbers/arithmeticCompare.hpp:80:15:ArduinoJson::V6212HB::detail::CompareResult ArduinoJson::V6212HB::detail::arithmeticCompare(const T1&, const T2&, typename ArduinoJson::V6212HB::detail::enable_if<(ArduinoJson::V6212HB::detail::is_floating_point<T>::value || ArduinoJson::V6212HB::detail::is_floating_point<TIn>::value)>::type*) [with T1 = double; T2 = bool]	24	static
C:/Raspberrypi_Pico/GP2040-CE-0.7.11_8BitDo5/8BitDoArcadeStickUSBConverter2/build/_deps/arduinojson-src/src/ArduinoJson/Numbers/arithmeticCompare.hpp:41:15:ArduinoJson::V6212HB::detail::CompareResult ArduinoJson::V6212HB::detail::arithmeticCompare(const T1&, const T2&, typename ArduinoJson::V6212HB::detail::enable_if<((ArduinoJson::V6212HB::detail::is_integral<T>::value && ArduinoJson::V6212HB::detail::is_integral<TIn>::value) && (sizeof (T2) < sizeof (T1)))>::type*) [with T1 = long long int; T2 = bool]	16	static
C:/Raspberrypi_Pico/GP2040-CE-0.7.11_8BitDo5/8BitDoArcadeStickUSBConverter2/build/_deps/arduinojson-src/src/ArduinoJson/Numbers/arithmeticCompare.hpp:41:15:ArduinoJson::V6212HB::detail::CompareResult ArduinoJson::V6212HB::detail::arithmeticCompare(const T1&, const T2&, typename ArduinoJson::V6212HB::detail::enable_if<((ArduinoJson::V6212HB::detail::is_integral<T>::value && ArduinoJson::V6212HB::detail::is_integral<TIn>::value) && (sizeof (T2) < sizeof (T1)))>::type*) [with T1 = long long unsigned int; T2 = bool]	16	static
C:/Raspberrypi_Pico/GP2040-CE-0.7.11_8BitDo5/8BitDoArcadeStickUSBConverter2/build/_deps/arduinojson-src/src/ArduinoJson/Variant/VariantCompare.hpp:202:15:ArduinoJson::V6212HB::detail::CompareResult ArduinoJson::V6212HB::detail::compare(ArduinoJson::V6212HB::JsonVariantConst, const T&) [with T = bool]	24	static
C:/Raspberrypi_Pico/GP2040-CE-0.7.11_8BitDo5/8BitDoArcadeStickUSBConverter2/build/_deps/arduinojson-src/src/ArduinoJson/Strings/StringAdapters.hpp:48:1:typename ArduinoJson::V6212HB::detail::enable_if<(TAdaptedString1::typeSortKey <= TAdaptedString2::typeSortKey), bool>::type ArduinoJson::V6212HB::detail::stringEquals(TAdaptedString1, TAdaptedString2) [with TAdaptedString1 = ArduinoJson::V6212HB::detail::StaticStringAdapter; TAdaptedString2 = ArduinoJson::V6212HB::detail::StaticStringAdapter]	24	static
C:/Raspberrypi_Pico/GP2040-CE-0.7.11_8BitDo5/8BitDoArcadeStickUSBConverter2/build/_deps/arduinojson-src/src/ArduinoJson/Variant/VariantData.hpp:266:16:ArduinoJson::V6212HB::detail::VariantData* ArduinoJson::V6212HB::detail::VariantData::getMember(TAdaptedString) const [with TAdaptedString = ArduinoJson::V6212HB::detail::StaticStringAdapter]	16	static
C:/Raspberrypi_Pico/GP2040-CE-0.7.11_8BitDo5/8BitDoArcadeStickUSBConverter2/build/_deps/arduinojson-src/src/ArduinoJson/Variant/VariantFunctions.hpp:78:14:ArduinoJson::V6212HB::detail::VariantData* ArduinoJson::V6212HB::detail::variantGetMember(const ArduinoJson::V6212HB::detail::VariantData*, TAdaptedString) [with TAdaptedString = ArduinoJson::V6212HB::detail::StaticStringAdapter]	16	static
C:/Raspberrypi_Pico/GP2040-CE-0.7.11_8BitDo5/8BitDoArcadeStickUSBConverter2/src/webconfig.cpp:49:39:void readDoc(T&, const DynamicJsonDocument&, const K&) [with T = const char*; K = const char*]	40	static
C:/Raspberrypi_Pico/GP2040-CE-0.7.11_8BitDo5/8BitDoArcadeStickUSBConverter2/src/webconfig.cpp:69:39:bool hasValue(const DynamicJsonDocument&, const char*, const char*)	32	static
C:/Raspberrypi_Pico/GP2040-CE-0.7.11_8BitDo5/8BitDoArcadeStickUSBConverter2/src/webconfig.cpp:49:39:void readDoc(T&, const DynamicJsonDocument&, const K&) [with T = bool; K = char [20]]	24	static
C:/Raspberrypi_Pico/GP2040-CE-0.7.11_8BitDo5/8BitDoArcadeStickUSBConverter2/src/webconfig.cpp:49:39:void readDoc(T&, const DynamicJsonDocument&, const K&) [with T = bool; K = char [12]]	24	static
C:/Raspberrypi_Pico/GP2040-CE-0.7.11_8BitDo5/8BitDoArcadeStickUSBConverter2/src/webconfig.cpp:49:39:void readDoc(T&, const DynamicJsonDocument&, const K&) [with T = bool; K = char [8]]	24	static
C:/Raspberrypi_Pico/GP2040-CE-0.7.11_8BitDo5/8BitDoArcadeStickUSBConverter2/src/webconfig.cpp:49:39:void readDoc(T&, const DynamicJsonDocument&, const K&) [with T = bool; K = char [14]]	24	static
C:/Raspberrypi_Pico/GP2040-CE-0.7.11_8BitDo5/8BitDoArcadeStickUSBConverter2/src/webconfig.cpp:49:39:void readDoc(T&, const DynamicJsonDocument&, const K&) [with T = bool; K = char [16]]	24	static
C:/Raspberrypi_Pico/GP2040-CE-0.7.11_8BitDo5/8BitDoArcadeStickUSBConverter2/src/webconfig.cpp:49:39:void readDoc(T&, const DynamicJsonDocument&, const K&) [with T = bool; K = char [10]]	24	static
C:/Raspberrypi_Pico/GP2040-CE-0.7.11_8BitDo5/8BitDoArcadeStickUSBConverter2/src/webconfig.cpp:49:39:void readDoc(T&, const DynamicJsonDocument&, const K&) [with T = bool; K = char [9]]	24	static
C:/Raspberrypi_Pico/GP2040-CE-0.7.11_8BitDo5/8BitDoArcadeStickUSBConverter2/src/webconfig.cpp:49:39:void readDoc(T&, const DynamicJsonDocument&, const K&) [with T = bool; K = char [21]]	24	static
C:/Raspberrypi_Pico/GP2040-CE-0.7.11_8BitDo5/8BitDoArcadeStickUSBConverter2/src/webconfig.cpp:76:39:void docToValue(T&, const DynamicJsonDocument&, const char*) [with T = bool]	40	static
C:/Raspberrypi_Pico/GP2040-CE-0.7.11_8BitDo5/8BitDoArcadeStickUSBConverter2/src/webconfig.cpp:96:39:void docToValue(T&, const DynamicJsonDocument&, const char*, const char*, const char*) [with T = bool]	48	static
C:/Raspberrypi_Pico/GP2040-CE-0.7.11_8BitDo5/8BitDoArcadeStickUSBConverter2/build/_deps/arduinojson-src/src/ArduinoJson/Strings/StringAdapters.hpp:48:1:typename ArduinoJson::V6212HB::detail::enable_if<(TAdaptedString1::typeSortKey <= TAdaptedString2::typeSortKey), bool>::type ArduinoJson::V6212HB::detail::stringEquals(TAdaptedString1, TAdaptedString2) [with TAdaptedString1 = ArduinoJson::V6212HB::detail::SizedRamString; TAdaptedString2 = ArduinoJson::V6212HB::detail::StaticStringAdapter]	32	static
C:/Raspberrypi_Pico/GP2040-CE-0.7.11_8BitDo5/8BitDoArcadeStickUSBConverter2/build/_deps/arduinojson-src/src/ArduinoJson/Numbers/convertNumber.hpp:28:1:typename ArduinoJson::V6212HB::detail::enable_if<(((ArduinoJson::V6212HB::detail::is_integral<TIn>::value && ArduinoJson::V6212HB::detail::is_unsigned<TIn>::value) && ArduinoJson::V6212HB::detail::is_integral<T>::value) && (sizeof (TOut) <= sizeof (TIn))), bool>::type ArduinoJson::V6212HB::detail::canConvertNumber(TIn) [with TOut = int; TIn = long long unsigned int]	0	static
C:/Raspberrypi_Pico/GP2040-CE-0.7.11_8BitDo5/8BitDoArcadeStickUSBConverter2/build/_deps/arduinojson-src/src/ArduinoJson/Numbers/convertNumber.hpp:126:6:TOut ArduinoJson::V6212HB::detail::convertNumber(TIn) [with TOut = int; TIn = long long unsigned int]	8	static
C:/Raspberrypi_Pico/GP2040-CE-0.7.11_8BitDo5/8BitDoArcadeStickUSBConverter2/build/_deps/arduinojson-src/src/ArduinoJson/Numbers/convertNumber.hpp:56:1:typename ArduinoJson::V6212HB::detail::enable_if<((((ArduinoJson::V6212HB::detail::is_integral<TIn>::value && ArduinoJson::V6212HB::detail::is_signed<TIn>::value) && ArduinoJson::V6212HB::detail::is_integral<T>::value) && ArduinoJson::V6212HB::detail::is_signed<T>::value) && (sizeof (TOut) < sizeof (TIn))), bool>::type ArduinoJson::V6212HB::detail::canConvertNumber(TIn) [with TOut = int; TIn = long long int]	0	static
C:/Raspberrypi_Pico/GP2040-CE-0.7.11_8BitDo5/8BitDoArcadeStickUSBConverter2/build/_deps/arduinojson-src/src/ArduinoJson/Numbers/convertNumber.hpp:126:6:TOut ArduinoJson::V6212HB::detail::convertNumber(TIn) [with TOut = int; TIn = long long int]	8	static
C:/Raspberrypi_Pico/GP2040-CE-0.7.11_8BitDo5/8BitDoArcadeStickUSBConverter2/build/_deps/arduinojson-src/src/ArduinoJson/Numbers/convertNumber.hpp:103:1:typename ArduinoJson::V6212HB::detail::enable_if<((ArduinoJson::V6212HB::detail::is_floating_point<TIn>::value && ArduinoJson::V6212HB::detail::is_integral<T>::value) && (sizeof (TOut) < sizeof (TIn))), bool>::type ArduinoJson::V6212HB::detail::canConvertNumber(TIn) [with TOut = int; TIn = double]	16	static
C:/Raspberrypi_Pico/GP2040-CE-0.7.11_8BitDo5/8BitDoArcadeStickUSBConverter2/build/_deps/arduinojson-src/src/ArduinoJson/Numbers/convertNumber.hpp:126:6:TOut ArduinoJson::V6212HB::detail::convertNumber(TIn) [with TOut = int; TIn = double]	16	static
C:/Raspberrypi_Pico/GP2040-CE-0.7.11_8BitDo5/8BitDoArcadeStickUSBConverter2/build/_deps/arduinojson-src/src/ArduinoJson/Variant/VariantImpl.hpp:19:10:T ArduinoJson::V6212HB::detail::VariantData::asIntegral() const [with T = int]	24	static
C:/Raspberrypi_Pico/GP2040-CE-0.7.11_8BitDo5/8BitDoArcadeStickUSBConverter2/src/webconfig.cpp:56:39:void readDoc(T&, const DynamicJsonDocument&, const K0&, const K1&) [with T = _GamepadHotkey; K0 = std::__cxx11::basic_string<char>; K1 = char [7]]	56	static
C:/Raspberrypi_Pico/GP2040-CE-0.7.11_8BitDo5/8BitDoArcadeStickUSBConverter2/src/webconfig.cpp:63:39:void readDoc(T&, const DynamicJsonDocument&, const K0&, const K1&, const K2&) [with T = _ButtonLayout; K0 = char [26]; K1 = char [7]; K2 = char [7]]	24	static
C:/Raspberrypi_Pico/GP2040-CE-0.7.11_8BitDo5/8BitDoArcadeStickUSBConverter2/src/webconfig.cpp:63:39:void readDoc(T&, const DynamicJsonDocument&, const K0&, const K1&, const K2&) [with T = _ButtonLayoutRight; K0 = char [26]; K1 = char [12]; K2 = char [7]]	24	static
C:/Raspberrypi_Pico/GP2040-CE-0.7.11_8BitDo5/8BitDoArcadeStickUSBConverter2/src/webconfig.cpp:49:39:void readDoc(T&, const DynamicJsonDocument&, const K&) [with T = _SplashMode; K = char [11]]	24	static
C:/Raspberrypi_Pico/GP2040-CE-0.7.11_8BitDo5/8BitDoArcadeStickUSBConverter2/src/webconfig.cpp:49:39:void readDoc(T&, const DynamicJsonDocument&, const K&) [with T = _SplashChoice; K = char [13]]	24	static
C:/Raspberrypi_Pico/GP2040-CE-0.7.11_8BitDo5/8BitDoArcadeStickUSBConverter2/src/webconfig.cpp:49:39:void readDoc(T&, const DynamicJsonDocument&, const K&) [with T = _DisplaySaverMode; K = char [17]]	24	static
C:/Raspberrypi_Pico/GP2040-CE-0.7.11_8BitDo5/8BitDoArcadeStickUSBConverter2/src/webconfig.cpp:49:39:void readDoc(T&, const DynamicJsonDocument&, const K&) [with T = _ButtonLayoutOrientation; K = char [24]]	24	static
C:/Raspberrypi_Pico/GP2040-CE-0.7.11_8BitDo5/8BitDoArcadeStickUSBConverter2/src/webconfig.cpp:76:39:void docToValue(T&, const DynamicJsonDocument&, const char*) [with T = _DpadMode]	40	static
C:/Raspberrypi_Pico/GP2040-CE-0.7.11_8BitDo5/8BitDoArcadeStickUSBConverter2/src/webconfig.cpp:49:39:void readDoc(T&, const DynamicJsonDocument&, const K&) [with T = _InputMode; K = char [10]]	24	static
C:/Raspberrypi_Pico/GP2040-CE-0.7.11_8BitDo5/8BitDoArcadeStickUSBConverter2/src/webconfig.cpp:76:39:void docToValue(T&, const DynamicJsonDocument&, const char*) [with T = _SOCDMode]	40	static
C:/Raspberrypi_Pico/GP2040-CE-0.7.11_8BitDo5/8BitDoArcadeStickUSBConverter2/src/webconfig.cpp:49:39:void readDoc(T&, const DynamicJsonDocument&, const K&) [with T = _InputModeAuthType; K = char [15]]	24	static
C:/Raspberrypi_Pico/GP2040-CE-0.7.11_8BitDo5/8BitDoArcadeStickUSBConverter2/src/webconfig.cpp:49:39:void readDoc(T&, const DynamicJsonDocument&, const K&) [with T = _PS4ControllerIDMode; K = char [20]]	24	static
C:/Raspberrypi_Pico/GP2040-CE-0.7.11_8BitDo5/8BitDoArcadeStickUSBConverter2/src/webconfig.cpp:49:39:void readDoc(T&, const DynamicJsonDocument&, const K&) [with T = _ForcedSetupMode; K = char [16]]	24	static
C:/Raspberrypi_Pico/GP2040-CE-0.7.11_8BitDo5/8BitDoArcadeStickUSBConverter2/src/webconfig.cpp:49:39:void readDoc(T&, const DynamicJsonDocument&, const K&) [with T = _LEDFormat_Proto; K = char [10]]	24	static
C:/Raspberrypi_Pico/GP2040-CE-0.7.11_8BitDo5/8BitDoArcadeStickUSBConverter2/src/webconfig.cpp:76:39:void docToValue(T&, const DynamicJsonDocument&, const char*) [with T = _PLEDType]	40	static
C:/Raspberrypi_Pico/GP2040-CE-0.7.11_8BitDo5/8BitDoArcadeStickUSBConverter2/src/webconfig.cpp:49:39:void readDoc(T&, const DynamicJsonDocument&, const K&) [with T = _CaseRGBType; K = char [12]]	24	static
C:/Raspberrypi_Pico/GP2040-CE-0.7.11_8BitDo5/8BitDoArcadeStickUSBConverter2/src/webconfig.cpp:76:39:void docToValue(T&, const DynamicJsonDocument&, const char*) [with T = _InvertMode]	40	static
C:/Raspberrypi_Pico/GP2040-CE-0.7.11_8BitDo5/8BitDoArcadeStickUSBConverter2/src/webconfig.cpp:76:39:void docToValue(T&, const DynamicJsonDocument&, const char*) [with T = _DualDirectionalCombinationMode]	40	static
C:/Raspberrypi_Pico/GP2040-CE-0.7.11_8BitDo5/8BitDoArcadeStickUSBConverter2/src/webconfig.cpp:76:39:void docToValue(T&, const DynamicJsonDocument&, const char*) [with T = _OnBoardLedMode]	40	static
C:/Raspberrypi_Pico/GP2040-CE-0.7.11_8BitDo5/8BitDoArcadeStickUSBConverter2/src/webconfig.cpp:76:39:void docToValue(T&, const DynamicJsonDocument&, const char*) [with T = _ShmupMixMode]	40	static
C:/Raspberrypi_Pico/GP2040-CE-0.7.11_8BitDo5/8BitDoArcadeStickUSBConverter2/src/webconfig.cpp:76:39:void docToValue(T&, const DynamicJsonDocument&, const char*) [with T = _RotaryEncoderPinMode]	40	static
C:/Raspberrypi_Pico/GP2040-CE-0.7.11_8BitDo5/8BitDoArcadeStickUSBConverter2/src/webconfig.cpp:49:39:void readDoc(T&, const DynamicJsonDocument&, const K&) [with T = _DpadMode; K = char [9]]	24	static
C:/Raspberrypi_Pico/GP2040-CE-0.7.11_8BitDo5/8BitDoArcadeStickUSBConverter2/src/webconfig.cpp:49:39:void readDoc(T&, const DynamicJsonDocument&, const K&) [with T = _ButtonLayout; K = char [13]]	24	static
C:/Raspberrypi_Pico/GP2040-CE-0.7.11_8BitDo5/8BitDoArcadeStickUSBConverter2/src/webconfig.cpp:49:39:void readDoc(T&, const DynamicJsonDocument&, const K&) [with T = _ButtonLayoutRight; K = char [18]]	24	static
C:/Raspberrypi_Pico/GP2040-CE-0.7.11_8BitDo5/8BitDoArcadeStickUSBConverter2/src/webconfig.cpp:49:39:void readDoc(T&, const DynamicJsonDocument&, const K&) [with T = _InputModeAuthType; K = char [12]]	24	static
C:/Raspberrypi_Pico/GP2040-CE-0.7.11_8BitDo5/8BitDoArcadeStickUSBConverter2/src/webconfig.cpp:49:39:void readDoc(T&, const DynamicJsonDocument&, const K&) [with T = _SOCDMode; K = char [9]]	24	static
C:/Raspberrypi_Pico/GP2040-CE-0.7.11_8BitDo5/8BitDoArcadeStickUSBConverter2/src/webconfig.cpp:49:39:void readDoc(T&, const DynamicJsonDocument&, const K&) [with T = _PLEDType; K = char [9]]	24	static
C:/Raspberrypi_Pico/GP2040-CE-0.7.11_8BitDo5/8BitDoArcadeStickUSBConverter2/src/webconfig.cpp:49:39:void readDoc(T&, const DynamicJsonDocument&, const K&) [with T = _ButtonLayout; K = char [10]]	24	static
C:/Raspberrypi_Pico/GP2040-CE-0.7.11_8BitDo5/8BitDoArcadeStickUSBConverter2/build/_deps/arduinojson-src/src/ArduinoJson/Numbers/convertNumber.hpp:28:1:typename ArduinoJson::V6212HB::detail::enable_if<(((ArduinoJson::V6212HB::detail::is_integral<TIn>::value && ArduinoJson::V6212HB::detail::is_unsigned<TIn>::value) && ArduinoJson::V6212HB::detail::is_integral<T>::value) && (sizeof (TOut) <= sizeof (TIn))), bool>::type ArduinoJson::V6212HB::detail::canConvertNumber(TIn) [with TOut = long unsigned int; TIn = long long unsigned int]	0	static
C:/Raspberrypi_Pico/GP2040-CE-0.7.11_8BitDo5/8BitDoArcadeStickUSBConverter2/build/_deps/arduinojson-src/src/ArduinoJson/Numbers/convertNumber.hpp:126:6:TOut ArduinoJson::V6212HB::detail::convertNumber(TIn) [with TOut = long unsigned int; TIn = long long unsigned int]	8	static
C:/Raspberrypi_Pico/GP2040-CE-0.7.11_8BitDo5/8BitDoArcadeStickUSBConverter2/build/_deps/arduinojson-src/src/ArduinoJson/Numbers/convertNumber.hpp:91:1:typename ArduinoJson::V6212HB::detail::enable_if<((((ArduinoJson::V6212HB::detail::is_integral<TIn>::value && ArduinoJson::V6212HB::detail::is_signed<TIn>::value) && ArduinoJson::V6212HB::detail::is_integral<T>::value) && ArduinoJson::V6212HB::detail::is_unsigned<T>::value) && (sizeof (TOut) < sizeof (TIn))), bool>::type ArduinoJson::V6212HB::detail::canConvertNumber(TIn) [with TOut = long unsigned int; TIn = long long int]	0	static
C:/Raspberrypi_Pico/GP2040-CE-0.7.11_8BitDo5/8BitDoArcadeStickUSBConverter2/build/_deps/arduinojson-src/src/ArduinoJson/Numbers/convertNumber.hpp:126:6:TOut ArduinoJson::V6212HB::detail::convertNumber(TIn) [with TOut = long unsigned int; TIn = long long int]	8	static
C:/Raspberrypi_Pico/GP2040-CE-0.7.11_8BitDo5/8BitDoArcadeStickUSBConverter2/build/_deps/arduinojson-src/src/ArduinoJson/Numbers/convertNumber.hpp:103:1:typename ArduinoJson::V6212HB::detail::enable_if<((ArduinoJson::V6212HB::detail::is_floating_point<TIn>::value && ArduinoJson::V6212HB::detail::is_integral<T>::value) && (sizeof (TOut) < sizeof (TIn))), bool>::type ArduinoJson::V6212HB::detail::canConvertNumber(TIn) [with TOut = long unsigned int; TIn = double]	16	static
C:/Raspberrypi_Pico/GP2040-CE-0.7.11_8BitDo5/8BitDoArcadeStickUSBConverter2/build/_deps/arduinojson-src/src/ArduinoJson/Numbers/convertNumber.hpp:126:6:TOut ArduinoJson::V6212HB::detail::convertNumber(TIn) [with TOut = long unsigned int; TIn = double]	16	static
C:/Raspberrypi_Pico/GP2040-CE-0.7.11_8BitDo5/8BitDoArcadeStickUSBConverter2/build/_deps/arduinojson-src/src/ArduinoJson/Variant/VariantImpl.hpp:19:10:T ArduinoJson::V6212HB::detail::VariantData::asIntegral() const [with T = long unsigned int]	24	static
C:/Raspberrypi_Pico/GP2040-CE-0.7.11_8BitDo5/8BitDoArcadeStickUSBConverter2/src/webconfig.cpp:96:39:void docToValue(T&, const DynamicJsonDocument&, const char*, const char*, const char*) [with T = long unsigned int]	40	static
C:/Raspberrypi_Pico/GP2040-CE-0.7.11_8BitDo5/8BitDoArcadeStickUSBConverter2/src/webconfig.cpp:49:39:void readDoc(T&, const DynamicJsonDocument&, const K&) [with T = long unsigned int; K = char [18]]	24	static
C:/Raspberrypi_Pico/GP2040-CE-0.7.11_8BitDo5/8BitDoArcadeStickUSBConverter2/src/webconfig.cpp:49:39:void readDoc(T&, const DynamicJsonDocument&, const K&) [with T = long unsigned int; K = char [16]]	24	static
C:/Raspberrypi_Pico/GP2040-CE-0.7.11_8BitDo5/8BitDoArcadeStickUSBConverter2/src/webconfig.cpp:49:39:void readDoc(T&, const DynamicJsonDocument&, const K&) [with T = long unsigned int; K = char [21]]	24	static
C:/Raspberrypi_Pico/GP2040-CE-0.7.11_8BitDo5/8BitDoArcadeStickUSBConverter2/src/webconfig.cpp:49:39:void readDoc(T&, const DynamicJsonDocument&, const K&) [with T = long unsigned int; K = char [19]]	24	static
C:/Raspberrypi_Pico/GP2040-CE-0.7.11_8BitDo5/8BitDoArcadeStickUSBConverter2/src/webconfig.cpp:49:39:void readDoc(T&, const DynamicJsonDocument&, const K&) [with T = long unsigned int; K = char [12]]	24	static
C:/Raspberrypi_Pico/GP2040-CE-0.7.11_8BitDo5/8BitDoArcadeStickUSBConverter2/src/webconfig.cpp:49:39:void readDoc(T&, const DynamicJsonDocument&, const K&) [with T = long unsigned int; K = char [13]]	24	static
C:/Raspberrypi_Pico/GP2040-CE-0.7.11_8BitDo5/8BitDoArcadeStickUSBConverter2/src/webconfig.cpp:49:39:void readDoc(T&, const DynamicJsonDocument&, const K&) [with T = long unsigned int; K = char [10]]	24	static
C:/Raspberrypi_Pico/GP2040-CE-0.7.11_8BitDo5/8BitDoArcadeStickUSBConverter2/src/webconfig.cpp:49:39:void readDoc(T&, const DynamicJsonDocument&, const K&) [with T = long unsigned int; K = char [3]]	24	static
C:/Raspberrypi_Pico/GP2040-CE-0.7.11_8BitDo5/8BitDoArcadeStickUSBConverter2/src/webconfig.cpp:49:39:void readDoc(T&, const DynamicJsonDocument&, const K&) [with T = long unsigned int; K = char [14]]	24	static
C:/Raspberrypi_Pico/GP2040-CE-0.7.11_8BitDo5/8BitDoArcadeStickUSBConverter2/src/webconfig.cpp:49:39:void readDoc(T&, const DynamicJsonDocument&, const K&) [with T = long unsigned int; K = char [33]]	24	static
C:/Raspberrypi_Pico/GP2040-CE-0.7.11_8BitDo5/8BitDoArcadeStickUSBConverter2/src/webconfig.cpp:49:39:void readDoc(T&, const DynamicJsonDocument&, const K&) [with T = long unsigned int; K = char [6]]	24	static
C:/Raspberrypi_Pico/GP2040-CE-0.7.11_8BitDo5/8BitDoArcadeStickUSBConverter2/src/webconfig.cpp:49:39:void readDoc(T&, const DynamicJsonDocument&, const K&) [with T = long unsigned int; K = char [5]]	24	static
C:/Raspberrypi_Pico/GP2040-CE-0.7.11_8BitDo5/8BitDoArcadeStickUSBConverter2/src/webconfig.cpp:49:39:void readDoc(T&, const DynamicJsonDocument&, const K&) [with T = long unsigned int; K = char [4]]	24	static
C:/Raspberrypi_Pico/GP2040-CE-0.7.11_8BitDo5/8BitDoArcadeStickUSBConverter2/src/webconfig.cpp:56:39:void readDoc(T&, const DynamicJsonDocument&, const K0&, const K1&) [with T = long unsigned int; K0 = std::__cxx11::basic_string<char>; K1 = char [8]]	56	static
C:/Raspberrypi_Pico/GP2040-CE-0.7.11_8BitDo5/8BitDoArcadeStickUSBConverter2/src/webconfig.cpp:56:39:void readDoc(T&, const DynamicJsonDocument&, const K0&, const K1&) [with T = long unsigned int; K0 = const char*; K1 = const char*]	24	static
C:/Raspberrypi_Pico/GP2040-CE-0.7.11_8BitDo5/8BitDoArcadeStickUSBConverter2/src/webconfig.cpp:1002:39:setCustomTheme()::<lambda(const char*, const char*)>	24	static
C:/Raspberrypi_Pico/GP2040-CE-0.7.11_8BitDo5/8BitDoArcadeStickUSBConverter2/src/webconfig.cpp:279:6:void save_hotkey(HotkeyEntry*, const DynamicJsonDocument&, std::string)	56	static
C:/Raspberrypi_Pico/GP2040-CE-0.7.11_8BitDo5/8BitDoArcadeStickUSBConverter2/src/webconfig.cpp:76:39:void docToValue(T&, const DynamicJsonDocument&, const char*) [with T = long unsigned int]	40	static
C:/Raspberrypi_Pico/GP2040-CE-0.7.11_8BitDo5/8BitDoArcadeStickUSBConverter2/src/webconfig.cpp:86:39:void docToValue(T&, const DynamicJsonDocument&, const char*, const char*) [with T = long unsigned int]	40	static
C:/Raspberrypi_Pico/GP2040-CE-0.7.11_8BitDo5/8BitDoArcadeStickUSBConverter2/build/_deps/arduinojson-src/src/ArduinoJson/Strings/StringAdapter.hpp:21:47:typename ArduinoJson::V6212HB::detail::StringAdapter<TChar*>::AdaptedString ArduinoJson::V6212HB::detail::adaptString(TChar*) [with TChar = char]	0	static
C:/Raspberrypi_Pico/GP2040-CE-0.7.11_8BitDo5/8BitDoArcadeStickUSBConverter2/build/_deps/arduinojson-src/src/ArduinoJson/Polyfills/math.hpp:16:6:bool ArduinoJson::V6212HB::detail::isnan(T) [with T = double]	8	static
C:/Raspberrypi_Pico/GP2040-CE-0.7.11_8BitDo5/8BitDoArcadeStickUSBConverter2/build/_deps/arduinojson-src/src/ArduinoJson/Polyfills/math.hpp:23:6:bool ArduinoJson::V6212HB::detail::isinf(T) [with T = double]	16	static
C:/Raspberrypi_Pico/GP2040-CE-0.7.11_8BitDo5/8BitDoArcadeStickUSBConverter2/build/_deps/arduinojson-src/src/ArduinoJson/Numbers/convertNumber.hpp:28:1:typename ArduinoJson::V6212HB::detail::enable_if<(((ArduinoJson::V6212HB::detail::is_integral<TIn>::value && ArduinoJson::V6212HB::detail::is_unsigned<TIn>::value) && ArduinoJson::V6212HB::detail::is_integral<T>::value) && (sizeof (TOut) <= sizeof (TIn))), bool>::type ArduinoJson::V6212HB::detail::canConvertNumber(TIn) [with TOut = long int; TIn = long long unsigned int]	0	static
C:/Raspberrypi_Pico/GP2040-CE-0.7.11_8BitDo5/8BitDoArcadeStickUSBConverter2/build/_deps/arduinojson-src/src/ArduinoJson/Numbers/convertNumber.hpp:126:6:TOut ArduinoJson::V6212HB::detail::convertNumber(TIn) [with TOut = long int; TIn = long long unsigned int]	8	static
C:/Raspberrypi_Pico/GP2040-CE-0.7.11_8BitDo5/8BitDoArcadeStickUSBConverter2/build/_deps/arduinojson-src/src/ArduinoJson/Numbers/convertNumber.hpp:56:1:typename ArduinoJson::V6212HB::detail::enable_if<((((ArduinoJson::V6212HB::detail::is_integral<TIn>::value && ArduinoJson::V6212HB::detail::is_signed<TIn>::value) && ArduinoJson::V6212HB::detail::is_integral<T>::value) && ArduinoJson::V6212HB::detail::is_signed<T>::value) && (sizeof (TOut) < sizeof (TIn))), bool>::type ArduinoJson::V6212HB::detail::canConvertNumber(TIn) [with TOut = long int; TIn = long long int]	0	static
C:/Raspberrypi_Pico/GP2040-CE-0.7.11_8BitDo5/8BitDoArcadeStickUSBConverter2/build/_deps/arduinojson-src/src/ArduinoJson/Numbers/convertNumber.hpp:126:6:TOut ArduinoJson::V6212HB::detail::convertNumber(TIn) [with TOut = long int; TIn = long long int]	8	static
C:/Raspberrypi_Pico/GP2040-CE-0.7.11_8BitDo5/8BitDoArcadeStickUSBConverter2/build/_deps/arduinojson-src/src/ArduinoJson/Numbers/convertNumber.hpp:103:1:typename ArduinoJson::V6212HB::detail::enable_if<((ArduinoJson::V6212HB::detail::is_floating_point<TIn>::value && ArduinoJson::V6212HB::detail::is_integral<T>::value) && (sizeof (TOut) < sizeof (TIn))), bool>::type ArduinoJson::V6212HB::detail::canConvertNumber(TIn) [with TOut = long int; TIn = double]	16	static
C:/Raspberrypi_Pico/GP2040-CE-0.7.11_8BitDo5/8BitDoArcadeStickUSBConverter2/build/_deps/arduinojson-src/src/ArduinoJson/Numbers/convertNumber.hpp:126:6:TOut ArduinoJson::V6212HB::detail::convertNumber(TIn) [with TOut = long int; TIn = double]	16	static
C:/Raspberrypi_Pico/GP2040-CE-0.7.11_8BitDo5/8BitDoArcadeStickUSBConverter2/build/_deps/arduinojson-src/src/ArduinoJson/Variant/VariantImpl.hpp:19:10:T ArduinoJson::V6212HB::detail::VariantData::asIntegral() const [with T = long int]	24	static
C:/Raspberrypi_Pico/GP2040-CE-0.7.11_8BitDo5/8BitDoArcadeStickUSBConverter2/src/webconfig.cpp:156:39:void docToPin(int32_t&, const DynamicJsonDocument&, const char*, const char*, const char*)	40	static
C:/Raspberrypi_Pico/GP2040-CE-0.7.11_8BitDo5/8BitDoArcadeStickUSBConverter2/src/webconfig.cpp:49:39:void readDoc(T&, const DynamicJsonDocument&, const K&) [with T = long int; K = char [20]]	40	static
C:/Raspberrypi_Pico/GP2040-CE-0.7.11_8BitDo5/8BitDoArcadeStickUSBConverter2/src/webconfig.cpp:49:39:void readDoc(T&, const DynamicJsonDocument&, const K&) [with T = long int; K = char [19]]	40	static
C:/Raspberrypi_Pico/GP2040-CE-0.7.11_8BitDo5/8BitDoArcadeStickUSBConverter2/src/webconfig.cpp:49:39:void readDoc(T&, const DynamicJsonDocument&, const K&) [with T = long int; K = char [12]]	40	static
C:/Raspberrypi_Pico/GP2040-CE-0.7.11_8BitDo5/8BitDoArcadeStickUSBConverter2/src/webconfig.cpp:49:39:void readDoc(T&, const DynamicJsonDocument&, const K&) [with T = long int; K = char [11]]	40	static
C:/Raspberrypi_Pico/GP2040-CE-0.7.11_8BitDo5/8BitDoArcadeStickUSBConverter2/src/webconfig.cpp:49:39:void readDoc(T&, const DynamicJsonDocument&, const K&) [with T = long int; K = char [15]]	40	static
C:/Raspberrypi_Pico/GP2040-CE-0.7.11_8BitDo5/8BitDoArcadeStickUSBConverter2/src/webconfig.cpp:49:39:void readDoc(T&, const DynamicJsonDocument&, const K&) [with T = long int; K = char [13]]	40	static
C:/Raspberrypi_Pico/GP2040-CE-0.7.11_8BitDo5/8BitDoArcadeStickUSBConverter2/src/webconfig.cpp:49:39:void readDoc(T&, const DynamicJsonDocument&, const K&) [with T = long int; K = char [39]]	40	static
C:/Raspberrypi_Pico/GP2040-CE-0.7.11_8BitDo5/8BitDoArcadeStickUSBConverter2/src/webconfig.cpp:49:39:void readDoc(T&, const DynamicJsonDocument&, const K&) [with T = long int; K = char [40]]	40	static
C:/Raspberrypi_Pico/GP2040-CE-0.7.11_8BitDo5/8BitDoArcadeStickUSBConverter2/src/webconfig.cpp:49:39:void readDoc(T&, const DynamicJsonDocument&, const K&) [with T = long int; K = char [28]]	40	static
C:/Raspberrypi_Pico/GP2040-CE-0.7.11_8BitDo5/8BitDoArcadeStickUSBConverter2/src/webconfig.cpp:49:39:void readDoc(T&, const DynamicJsonDocument&, const K&) [with T = long int; K = char [31]]	40	static
C:/Raspberrypi_Pico/GP2040-CE-0.7.11_8BitDo5/8BitDoArcadeStickUSBConverter2/src/webconfig.cpp:49:39:void readDoc(T&, const DynamicJsonDocument&, const K&) [with T = long int; K = char [18]]	40	static
C:/Raspberrypi_Pico/GP2040-CE-0.7.11_8BitDo5/8BitDoArcadeStickUSBConverter2/src/webconfig.cpp:49:39:void readDoc(T&, const DynamicJsonDocument&, const K&) [with T = long int; K = char [16]]	40	static
C:/Raspberrypi_Pico/GP2040-CE-0.7.11_8BitDo5/8BitDoArcadeStickUSBConverter2/src/webconfig.cpp:49:39:void readDoc(T&, const DynamicJsonDocument&, const K&) [with T = long int; K = char [17]]	40	static
C:/Raspberrypi_Pico/GP2040-CE-0.7.11_8BitDo5/8BitDoArcadeStickUSBConverter2/src/webconfig.cpp:49:39:void readDoc(T&, const DynamicJsonDocument&, const K&) [with T = long int; K = char [27]]	40	static
C:/Raspberrypi_Pico/GP2040-CE-0.7.11_8BitDo5/8BitDoArcadeStickUSBConverter2/src/webconfig.cpp:49:39:void readDoc(T&, const DynamicJsonDocument&, const K&) [with T = long int; K = char [36]]	40	static
C:/Raspberrypi_Pico/GP2040-CE-0.7.11_8BitDo5/8BitDoArcadeStickUSBConverter2/src/webconfig.cpp:49:39:void readDoc(T&, const DynamicJsonDocument&, const K&) [with T = long int; K = char [26]]	40	static
C:/Raspberrypi_Pico/GP2040-CE-0.7.11_8BitDo5/8BitDoArcadeStickUSBConverter2/src/webconfig.cpp:49:39:void readDoc(T&, const DynamicJsonDocument&, const K&) [with T = long int; K = char [30]]	40	static
C:/Raspberrypi_Pico/GP2040-CE-0.7.11_8BitDo5/8BitDoArcadeStickUSBConverter2/src/webconfig.cpp:49:39:void readDoc(T&, const DynamicJsonDocument&, const K&) [with T = long int; K = char [33]]	40	static
C:/Raspberrypi_Pico/GP2040-CE-0.7.11_8BitDo5/8BitDoArcadeStickUSBConverter2/src/webconfig.cpp:49:39:void readDoc(T&, const DynamicJsonDocument&, const K&) [with T = long int; K = char [35]]	40	static
C:/Raspberrypi_Pico/GP2040-CE-0.7.11_8BitDo5/8BitDoArcadeStickUSBConverter2/src/webconfig.cpp:49:39:void readDoc(T&, const DynamicJsonDocument&, const K&) [with T = long int; K = char [24]]	40	static
C:/Raspberrypi_Pico/GP2040-CE-0.7.11_8BitDo5/8BitDoArcadeStickUSBConverter2/src/webconfig.cpp:49:39:void readDoc(T&, const DynamicJsonDocument&, const K&) [with T = long int; K = char [23]]	40	static
C:/Raspberrypi_Pico/GP2040-CE-0.7.11_8BitDo5/8BitDoArcadeStickUSBConverter2/src/webconfig.cpp:49:39:void readDoc(T&, const DynamicJsonDocument&, const K&) [with T = long int; K = char [22]]	40	static
C:/Raspberrypi_Pico/GP2040-CE-0.7.11_8BitDo5/8BitDoArcadeStickUSBConverter2/src/webconfig.cpp:49:39:void readDoc(T&, const DynamicJsonDocument&, const K&) [with T = long int; K = char [21]]	40	static
C:/Raspberrypi_Pico/GP2040-CE-0.7.11_8BitDo5/8BitDoArcadeStickUSBConverter2/src/webconfig.cpp:49:39:void readDoc(T&, const DynamicJsonDocument&, const K&) [with T = long int; K = char [25]]	40	static
C:/Raspberrypi_Pico/GP2040-CE-0.7.11_8BitDo5/8BitDoArcadeStickUSBConverter2/src/webconfig.cpp:49:39:void readDoc(T&, const DynamicJsonDocument&, const K&) [with T = long int; K = char [32]]	40	static
C:/Raspberrypi_Pico/GP2040-CE-0.7.11_8BitDo5/8BitDoArcadeStickUSBConverter2/src/webconfig.cpp:56:39:void readDoc(T&, const DynamicJsonDocument&, const K0&, const K1&) [with T = long int; K0 = const char*; K1 = const char*]	40	static
C:/Raspberrypi_Pico/GP2040-CE-0.7.11_8BitDo5/8BitDoArcadeStickUSBConverter2/src/webconfig.cpp:63:39:void readDoc(T&, const DynamicJsonDocument&, const K0&, const K1&, const K2&) [with T = long int; K0 = char [26]; K1 = char [12]; K2 = char [7]]	40	static
C:/Raspberrypi_Pico/GP2040-CE-0.7.11_8BitDo5/8BitDoArcadeStickUSBConverter2/src/webconfig.cpp:63:39:void readDoc(T&, const DynamicJsonDocument&, const K0&, const K1&, const K2&) [with T = long int; K0 = char [26]; K1 = char [7]; K2 = char [14]]	40	static
C:/Raspberrypi_Pico/GP2040-CE-0.7.11_8BitDo5/8BitDoArcadeStickUSBConverter2/src/webconfig.cpp:63:39:void readDoc(T&, const DynamicJsonDocument&, const K0&, const K1&, const K2&) [with T = long int; K0 = char [26]; K1 = char [7]; K2 = char [13]]	40	static
C:/Raspberrypi_Pico/GP2040-CE-0.7.11_8BitDo5/8BitDoArcadeStickUSBConverter2/src/webconfig.cpp:63:39:void readDoc(T&, const DynamicJsonDocument&, const K0&, const K1&, const K2&) [with T = long int; K0 = char [26]; K1 = char [12]; K2 = char [13]]	40	static
C:/Raspberrypi_Pico/GP2040-CE-0.7.11_8BitDo5/8BitDoArcadeStickUSBConverter2/src/webconfig.cpp:63:39:void readDoc(T&, const DynamicJsonDocument&, const K0&, const K1&, const K2&) [with T = long int; K0 = char [26]; K1 = char [12]; K2 = char [14]]	40	static
C:/Raspberrypi_Pico/GP2040-CE-0.7.11_8BitDo5/8BitDoArcadeStickUSBConverter2/src/webconfig.cpp:63:39:void readDoc(T&, const DynamicJsonDocument&, const K0&, const K1&, const K2&) [with T = long int; K0 = char [26]; K1 = char [7]; K2 = char [7]]	40	static
C:/Raspberrypi_Pico/GP2040-CE-0.7.11_8BitDo5/8BitDoArcadeStickUSBConverter2/src/webconfig.cpp:76:39:void docToValue(T&, const DynamicJsonDocument&, const char*) [with T = long int]	56	static
C:/Raspberrypi_Pico/GP2040-CE-0.7.11_8BitDo5/8BitDoArcadeStickUSBConverter2/src/webconfig.cpp:134:39:void docToPin(int32_t&, const DynamicJsonDocument&, const char*)	48	static
C:/Raspberrypi_Pico/GP2040-CE-0.7.11_8BitDo5/8BitDoArcadeStickUSBConverter2/src/webconfig.cpp:96:39:void docToValue(T&, const DynamicJsonDocument&, const char*, const char*, const char*) [with T = long int]	56	static
C:/Raspberrypi_Pico/GP2040-CE-0.7.11_8BitDo5/8BitDoArcadeStickUSBConverter2/build/_deps/arduinojson-src/src/ArduinoJson/Numbers/parseNumber.hpp:147:10:T ArduinoJson::V6212HB::detail::parseNumber(const char*) [with T = float]	24	static
C:/Raspberrypi_Pico/GP2040-CE-0.7.11_8BitDo5/8BitDoArcadeStickUSBConverter2/src/webconfig.cpp:76:39:void docToValue(T&, const DynamicJsonDocument&, const char*) [with T = float]	72	static
C:/Raspberrypi_Pico/GP2040-CE-0.7.11_8BitDo5/8BitDoArcadeStickUSBConverter2/build/_deps/arduinojson-src/src/ArduinoJson/Json/TextFormatter.hpp:68:8:void ArduinoJson::V6212HB::detail::TextFormatter<TWriter>::writeFloat(T) [with T = double; TWriter = ArduinoJson::V6212HB::detail::Writer<std::__cxx11::basic_string<char>, void>]	80	static
C:/Raspberrypi_Pico/GP2040-CE-0.7.11_8BitDo5/8BitDoArcadeStickUSBConverter2/build/_deps/arduinojson-src/src/ArduinoJson/Variant/VariantData.hpp:29:34:typename TVisitor::result_type ArduinoJson::V6212HB::detail::VariantData::accept(TVisitor&) const [with TVisitor = ArduinoJson::V6212HB::detail::JsonSerializer<ArduinoJson::V6212HB::detail::Writer<std::__cxx11::basic_string<char>, void> >]	64	static
C:/Raspberrypi_Pico/GP2040-CE-0.7.11_8BitDo5/8BitDoArcadeStickUSBConverter2/build/_deps/arduinojson-src/src/ArduinoJson/Serialization/serialize.hpp:13:8:size_t ArduinoJson::V6212HB::detail::doSerialize(ArduinoJson::V6212HB::JsonVariantConst, TWriter) [with TSerializer = ArduinoJson::V6212HB::detail::JsonSerializer; TWriter = ArduinoJson::V6212HB::detail::Writer<std::__cxx11::basic_string<char>, void>]	24	static
C:/Raspberrypi_Pico/GP2040-CE-0.7.11_8BitDo5/8BitDoArcadeStickUSBConverter2/build/_deps/arduinojson-src/src/ArduinoJson/Serialization/serialize.hpp:19:8:size_t ArduinoJson::V6212HB::detail::serialize(ArduinoJson::V6212HB::JsonVariantConst, TDestination&) [with TSerializer = ArduinoJson::V6212HB::detail::JsonSerializer; TDestination = std::__cxx11::basic_string<char>]	8	static
C:/Raspberrypi_Pico/GP2040-CE-0.7.11_8BitDo5/8BitDoArcadeStickUSBConverter2/build/_deps/arduinojson-src/src/ArduinoJson/Json/JsonSerializer.hpp:125:8:size_t ArduinoJson::V6212HB::serializeJson(ArduinoJson::V6212HB::JsonVariantConst, TDestination&) [with TDestination = std::__cxx11::basic_string<char>]	8	static
C:/Raspberrypi_Pico/GP2040-CE-0.7.11_8BitDo5/8BitDoArcadeStickUSBConverter2/src/webconfig.cpp:403:13:std::string serialize_json(ArduinoJson::V6212HB::DynamicJsonDocument&)	8	static
C:/Raspberrypi_Pico/GP2040-CE-0.7.11_8BitDo5/8BitDoArcadeStickUSBConverter2/build/_deps/arduinojson-src/src/ArduinoJson/Json/JsonSerializer.hpp:40:10:size_t ArduinoJson::V6212HB::detail::JsonSerializer<TWriter>::visitObject(const ArduinoJson::V6212HB::detail::CollectionData&) [with TWriter = ArduinoJson::V6212HB::detail::Writer<std::__cxx11::basic_string<char>, void>]	40	static
C:/Raspberrypi_Pico/GP2040-CE-0.7.11_8BitDo5/8BitDoArcadeStickUSBConverter2/build/_deps/arduinojson-src/src/ArduinoJson/Strings/StringAdapters.hpp:48:1:typename ArduinoJson::V6212HB::detail::enable_if<(TAdaptedString1::typeSortKey <= TAdaptedString2::typeSortKey), bool>::type ArduinoJson::V6212HB::detail::stringEquals(TAdaptedString1, TAdaptedString2) [with TAdaptedString1 = ArduinoJson::V6212HB::detail::JsonStringAdapter; TAdaptedString2 = ArduinoJson::V6212HB::detail::SizedRamString]	24	static
C:/Raspberrypi_Pico/GP2040-CE-0.7.11_8BitDo5/8BitDoArcadeStickUSBConverter2/build/_deps/arduinojson-src/src/ArduinoJson/Memory/MemoryPool.hpp:223:6:bool ArduinoJson::V6212HB::detail::storeString(ArduinoJson::V6212HB::detail::MemoryPool*, TAdaptedString, ArduinoJson::V6212HB::detail::StringStoragePolicy::Copy, TCallback) [with TAdaptedString = ArduinoJson::V6212HB::detail::JsonStringAdapter; TCallback = ArduinoJson::V6212HB::detail::VariantData::VariantStringSetter]	96	static
C:/Raspberrypi_Pico/GP2040-CE-0.7.11_8BitDo5/8BitDoArcadeStickUSBConverter2/build/_deps/arduinojson-src/src/ArduinoJson/Memory/MemoryPool.hpp:240:6:bool ArduinoJson::V6212HB::detail::storeString(ArduinoJson::V6212HB::detail::MemoryPool*, TAdaptedString, ArduinoJson::V6212HB::detail::StringStoragePolicy::LinkOrCopy, TCallback) [with TAdaptedString = ArduinoJson::V6212HB::detail::JsonStringAdapter; TCallback = ArduinoJson::V6212HB::detail::VariantData::VariantStringSetter]	32	static
C:/Raspberrypi_Pico/GP2040-CE-0.7.11_8BitDo5/8BitDoArcadeStickUSBConverter2/build/_deps/arduinojson-src/src/ArduinoJson/Memory/MemoryPool.hpp:249:6:bool ArduinoJson::V6212HB::detail::storeString(ArduinoJson::V6212HB::detail::MemoryPool*, TAdaptedString, TCallback) [with TAdaptedString = ArduinoJson::V6212HB::detail::JsonStringAdapter; TCallback = ArduinoJson::V6212HB::detail::VariantData::VariantStringSetter]	32	static
C:/Raspberrypi_Pico/GP2040-CE-0.7.11_8BitDo5/8BitDoArcadeStickUSBConverter2/build/_deps/arduinojson-src/src/ArduinoJson/Memory/MemoryPool.hpp:223:6:bool ArduinoJson::V6212HB::detail::storeString(ArduinoJson::V6212HB::detail::MemoryPool*, TAdaptedString, ArduinoJson::V6212HB::detail::StringStoragePolicy::Copy, TCallback) [with TAdaptedString = ArduinoJson::V6212HB::detail::JsonStringAdapter; TCallback = ArduinoJson::V6212HB::detail::SlotKeySetter]	96	static
C:/Raspberrypi_Pico/GP2040-CE-0.7.11_8BitDo5/8BitDoArcadeStickUSBConverter2/build/_deps/arduinojson-src/src/ArduinoJson/Memory/MemoryPool.hpp:240:6:bool ArduinoJson::V6212HB::detail::storeString(ArduinoJson::V6212HB::detail::MemoryPool*, TAdaptedString, ArduinoJson::V6212HB::detail::StringStoragePolicy::LinkOrCopy, TCallback) [with TAdaptedString = ArduinoJson::V6212HB::detail::JsonStringAdapter; TCallback = ArduinoJson::V6212HB::detail::SlotKeySetter]	32	static
C:/Raspberrypi_Pico/GP2040-CE-0.7.11_8BitDo5/8BitDoArcadeStickUSBConverter2/build/_deps/arduinojson-src/src/ArduinoJson/Memory/MemoryPool.hpp:249:6:bool ArduinoJson::V6212HB::detail::storeString(ArduinoJson::V6212HB::detail::MemoryPool*, TAdaptedString, TCallback) [with TAdaptedString = ArduinoJson::V6212HB::detail::JsonStringAdapter; TCallback = ArduinoJson::V6212HB::detail::SlotKeySetter]	32	static
C:/Raspberrypi_Pico/GP2040-CE-0.7.11_8BitDo5/8BitDoArcadeStickUSBConverter2/build/_deps/arduinojson-src/src/ArduinoJson/Collection/CollectionImpl.hpp:57:13:bool ArduinoJson::V6212HB::detail::CollectionData::copyFrom(const ArduinoJson::V6212HB::detail::CollectionData&, ArduinoJson::V6212HB::detail::MemoryPool*)	88	static
C:/Raspberrypi_Pico/GP2040-CE-0.7.11_8BitDo5/8BitDoArcadeStickUSBConverter2/build/_deps/arduinojson-src/src/ArduinoJson/Variant/VariantImpl.hpp:86:13:bool ArduinoJson::V6212HB::detail::VariantData::copyFrom(const ArduinoJson::V6212HB::detail::VariantData&, ArduinoJson::V6212HB::detail::MemoryPool*)	104	static
C:/Raspberrypi_Pico/GP2040-CE-0.7.11_8BitDo5/8BitDoArcadeStickUSBConverter2/build/_deps/arduinojson-src/src/ArduinoJson/Json/Latch.hpp:36:8:void ArduinoJson::V6212HB::detail::Latch<TReader>::load() [with TReader = ArduinoJson::V6212HB::detail::BoundedReader<char*, void>]	8	static
C:/Raspberrypi_Pico/GP2040-CE-0.7.11_8BitDo5/8BitDoArcadeStickUSBConverter2/build/_deps/arduinojson-src/src/ArduinoJson/Json/JsonDeserializer.hpp:402:30:ArduinoJson::V6212HB::DeserializationError::Code ArduinoJson::V6212HB::detail::JsonDeserializer<TReader, TStringStorage>::parseQuotedString() [with TReader = ArduinoJson::V6212HB::detail::BoundedReader<char*, void>; TStringStorage = ArduinoJson::V6212HB::detail::StringMover]	40	static
C:/Raspberrypi_Pico/GP2040-CE-0.7.11_8BitDo5/8BitDoArcadeStickUSBConverter2/build/_deps/arduinojson-src/src/ArduinoJson/Json/JsonDeserializer.hpp:235:30:ArduinoJson::V6212HB::DeserializationError::Code ArduinoJson::V6212HB::detail::JsonDeserializer<TReader, TStringStorage>::parseObject(ArduinoJson::V6212HB::detail::CollectionData&, TFilter, ArduinoJson::V6212HB::DeserializationOption::NestingLimit) [with TFilter = ArduinoJson::V6212HB::detail::AllowAllFilter; TReader = ArduinoJson::V6212HB::detail::BoundedReader<char*, void>; TStringStorage = ArduinoJson::V6212HB::detail::StringMover]	80	static
C:/Raspberrypi_Pico/GP2040-CE-0.7.11_8BitDo5/8BitDoArcadeStickUSBConverter2/build/_deps/arduinojson-src/src/ArduinoJson/Json/JsonDeserializer.hpp:63:30:ArduinoJson::V6212HB::DeserializationError::Code ArduinoJson::V6212HB::detail::JsonDeserializer<TReader, TStringStorage>::parseVariant(ArduinoJson::V6212HB::detail::VariantData&, TFilter, ArduinoJson::V6212HB::DeserializationOption::NestingLimit) [with TFilter = ArduinoJson::V6212HB::detail::AllowAllFilter; TReader = ArduinoJson::V6212HB::detail::BoundedReader<char*, void>; TStringStorage = ArduinoJson::V6212HB::detail::StringMover]	48	static
C:/Raspberrypi_Pico/GP2040-CE-0.7.11_8BitDo5/8BitDoArcadeStickUSBConverter2/build/_deps/arduinojson-src/src/ArduinoJson/Deserialization/deserialize.hpp:54:22:) [with TDeserializer = ArduinoJson::V6212HB::detail::JsonDeserializer; TChar = char; Size = short unsigned int; Args = {}; <template-parameter-1-5> = void]	152	static
C:/Raspberrypi_Pico/GP2040-CE-0.7.11_8BitDo5/8BitDoArcadeStickUSBConverter2/build/_deps/arduinojson-src/src/ArduinoJson/Json/JsonDeserializer.hpp:686:22:) [with TChar = char; Args = {short unsigned int&}]	16	static
C:/Raspberrypi_Pico/GP2040-CE-0.7.11_8BitDo5/8BitDoArcadeStickUSBConverter2/src/webconfig.cpp:272:21:ArduinoJson::V6212HB::DynamicJsonDocument get_post_data()	56	static
C:/Raspberrypi_Pico/GP2040-CE-0.7.11_8BitDo5/8BitDoArcadeStickUSBConverter2/src/webconfig.cpp:1683:13:std::string setPS4Options()	152	static
C:/Raspberrypi_Pico/GP2040-CE-0.7.11_8BitDo5/8BitDoArcadeStickUSBConverter2/src/webconfig.cpp:1756:13:std::string setWiiControls()	64	static
C:/Raspberrypi_Pico/GP2040-CE-0.7.11_8BitDo5/8BitDoArcadeStickUSBConverter2/src/webconfig.cpp:418:13:std::string setDisplayOptions(DisplayOptions&)	104	static
C:/Raspberrypi_Pico/GP2040-CE-0.7.11_8BitDo5/8BitDoArcadeStickUSBConverter2/src/webconfig.cpp:459:13:std::string setDisplayOptions()	8	static
C:/Raspberrypi_Pico/GP2040-CE-0.7.11_8BitDo5/8BitDoArcadeStickUSBConverter2/src/webconfig.cpp:466:13:std::string setPreviewDisplayOptions()	8	static
C:/Raspberrypi_Pico/GP2040-CE-0.7.11_8BitDo5/8BitDoArcadeStickUSBConverter2/src/webconfig.cpp:525:13:std::string setSplashImage()	160	static
C:/Raspberrypi_Pico/GP2040-CE-0.7.11_8BitDo5/8BitDoArcadeStickUSBConverter2/src/webconfig.cpp:648:13:std::string setGamepadOptions()	512	static
C:/Raspberrypi_Pico/GP2040-CE-0.7.11_8BitDo5/8BitDoArcadeStickUSBConverter2/src/webconfig.cpp:787:13:std::string setLedOptions()	80	static
C:/Raspberrypi_Pico/GP2040-CE-0.7.11_8BitDo5/8BitDoArcadeStickUSBConverter2/src/webconfig.cpp:996:13:std::string setCustomTheme()	96	static
C:/Raspberrypi_Pico/GP2040-CE-0.7.11_8BitDo5/8BitDoArcadeStickUSBConverter2/src/webconfig.cpp:1186:13:std::string setKeyMappings()	64	static
C:/Raspberrypi_Pico/GP2040-CE-0.7.11_8BitDo5/8BitDoArcadeStickUSBConverter2/src/webconfig.cpp:1332:13:std::string setPeripheralOptions()	104	static
C:/Raspberrypi_Pico/GP2040-CE-0.7.11_8BitDo5/8BitDoArcadeStickUSBConverter2/src/webconfig.cpp:1476:13:std::string setReactiveLEDs()	400	static
C:/Raspberrypi_Pico/GP2040-CE-0.7.11_8BitDo5/8BitDoArcadeStickUSBConverter2/src/webconfig.cpp:1495:13:std::string setAddonOptions()	64	static
C:/Raspberrypi_Pico/GP2040-CE-0.7.11_8BitDo5/8BitDoArcadeStickUSBConverter2/src/webconfig.cpp:2106:13:std::string setMacroAddonOptions()	488	static
C:/Raspberrypi_Pico/GP2040-CE-0.7.11_8BitDo5/8BitDoArcadeStickUSBConverter2/src/webconfig.cpp:2324:13:std::string echo()	56	static
C:/Raspberrypi_Pico/GP2040-CE-0.7.11_8BitDo5/8BitDoArcadeStickUSBConverter2/build/_deps/arduinojson-src/src/ArduinoJson/Json/JsonDeserializer.hpp:149:30:ArduinoJson::V6212HB::DeserializationError::Code ArduinoJson::V6212HB::detail::JsonDeserializer<TReader, TStringStorage>::parseArray(ArduinoJson::V6212HB::detail::CollectionData&, TFilter, ArduinoJson::V6212HB::DeserializationOption::NestingLimit) [with TFilter = ArduinoJson::V6212HB::detail::AllowAllFilter; TReader = ArduinoJson::V6212HB::detail::BoundedReader<char*, void>; TStringStorage = ArduinoJson::V6212HB::detail::StringMover]	32	static
C:/Raspberrypi_Pico/GP2040-CE-0.7.11_8BitDo5/8BitDoArcadeStickUSBConverter2/build/_deps/arduinojson-src/src/ArduinoJson/Memory/MemoryPool.hpp:232:6:bool ArduinoJson::V6212HB::detail::storeString(ArduinoJson::V6212HB::detail::MemoryPool*, TAdaptedString, ArduinoJson::V6212HB::detail::StringStoragePolicy::Link, TCallback) [with TAdaptedString = ArduinoJson::V6212HB::detail::StaticStringAdapter; TCallback = ArduinoJson::V6212HB::detail::SlotKeySetter]	56	static
C:/Raspberrypi_Pico/GP2040-CE-0.7.11_8BitDo5/8BitDoArcadeStickUSBConverter2/build/_deps/arduinojson-src/src/ArduinoJson/Memory/MemoryPool.hpp:249:6:bool ArduinoJson::V6212HB::detail::storeString(ArduinoJson::V6212HB::detail::MemoryPool*, TAdaptedString, TCallback) [with TAdaptedString = ArduinoJson::V6212HB::detail::StaticStringAdapter; TCallback = ArduinoJson::V6212HB::detail::SlotKeySetter]	8	static
C:/Raspberrypi_Pico/GP2040-CE-0.7.11_8BitDo5/8BitDoArcadeStickUSBConverter2/build/_deps/arduinojson-src/src/ArduinoJson/Variant/VariantFunctions.hpp:85:14:ArduinoJson::V6212HB::detail::VariantData* ArduinoJson::V6212HB::detail::variantGetOrAddMember(ArduinoJson::V6212HB::detail::VariantData*, TAdaptedString, ArduinoJson::V6212HB::detail::MemoryPool*) [with TAdaptedString = ArduinoJson::V6212HB::detail::StaticStringAdapter]	32	static
C:/Raspberrypi_Pico/GP2040-CE-0.7.11_8BitDo5/8BitDoArcadeStickUSBConverter2/src/webconfig.cpp:168:39:void writeDoc(ArduinoJson::V6212HB::DynamicJsonDocument&, const K&, const T&) [with T = int; K = char [8]]	40	static
C:/Raspberrypi_Pico/GP2040-CE-0.7.11_8BitDo5/8BitDoArcadeStickUSBConverter2/src/webconfig.cpp:168:39:void writeDoc(ArduinoJson::V6212HB::DynamicJsonDocument&, const K&, const T&) [with T = int; K = char [14]]	40	static
C:/Raspberrypi_Pico/GP2040-CE-0.7.11_8BitDo5/8BitDoArcadeStickUSBConverter2/src/webconfig.cpp:176:39:void writeDoc(ArduinoJson::V6212HB::DynamicJsonDocument&, const K&, const bool&) [with K = char [21]]	40	static
C:/Raspberrypi_Pico/GP2040-CE-0.7.11_8BitDo5/8BitDoArcadeStickUSBConverter2/src/webconfig.cpp:176:39:void writeDoc(ArduinoJson::V6212HB::DynamicJsonDocument&, const K&, const bool&) [with K = char [9]]	40	static
C:/Raspberrypi_Pico/GP2040-CE-0.7.11_8BitDo5/8BitDoArcadeStickUSBConverter2/src/webconfig.cpp:176:39:void writeDoc(ArduinoJson::V6212HB::DynamicJsonDocument&, const K&, const bool&) [with K = char [10]]	40	static
C:/Raspberrypi_Pico/GP2040-CE-0.7.11_8BitDo5/8BitDoArcadeStickUSBConverter2/src/webconfig.cpp:176:39:void writeDoc(ArduinoJson::V6212HB::DynamicJsonDocument&, const K&, const bool&) [with K = char [12]]	40	static
C:/Raspberrypi_Pico/GP2040-CE-0.7.11_8BitDo5/8BitDoArcadeStickUSBConverter2/src/webconfig.cpp:176:39:void writeDoc(ArduinoJson::V6212HB::DynamicJsonDocument&, const K&, const bool&) [with K = char [20]]	40	static
C:/Raspberrypi_Pico/GP2040-CE-0.7.11_8BitDo5/8BitDoArcadeStickUSBConverter2/src/webconfig.cpp:168:39:void writeDoc(ArduinoJson::V6212HB::DynamicJsonDocument&, const K&, const T&) [with T = int; K = char [20]]	40	static
C:/Raspberrypi_Pico/GP2040-CE-0.7.11_8BitDo5/8BitDoArcadeStickUSBConverter2/src/webconfig.cpp:176:39:void writeDoc(ArduinoJson::V6212HB::DynamicJsonDocument&, const K&, const bool&) [with K = char [16]]	40	static
C:/Raspberrypi_Pico/GP2040-CE-0.7.11_8BitDo5/8BitDoArcadeStickUSBConverter2/src/webconfig.cpp:176:39:void writeDoc(ArduinoJson::V6212HB::DynamicJsonDocument&, const K&, const bool&) [with K = char [14]]	40	static
C:/Raspberrypi_Pico/GP2040-CE-0.7.11_8BitDo5/8BitDoArcadeStickUSBConverter2/src/webconfig.cpp:168:39:void writeDoc(ArduinoJson::V6212HB::DynamicJsonDocument&, const K&, const T&) [with T = int; K = char [12]]	40	static
C:/Raspberrypi_Pico/GP2040-CE-0.7.11_8BitDo5/8BitDoArcadeStickUSBConverter2/src/webconfig.cpp:176:39:void writeDoc(ArduinoJson::V6212HB::DynamicJsonDocument&, const K&, const bool&) [with K = char [8]]	40	static
C:/Raspberrypi_Pico/GP2040-CE-0.7.11_8BitDo5/8BitDoArcadeStickUSBConverter2/src/webconfig.cpp:176:39:void writeDoc(ArduinoJson::V6212HB::DynamicJsonDocument&, const K&, const bool&) [with K = char [15]]	40	static
C:/Raspberrypi_Pico/GP2040-CE-0.7.11_8BitDo5/8BitDoArcadeStickUSBConverter2/src/webconfig.cpp:176:39:void writeDoc(ArduinoJson::V6212HB::DynamicJsonDocument&, const K&, const bool&) [with K = char [28]]	40	static
C:/Raspberrypi_Pico/GP2040-CE-0.7.11_8BitDo5/8BitDoArcadeStickUSBConverter2/src/webconfig.cpp:176:39:void writeDoc(ArduinoJson::V6212HB::DynamicJsonDocument&, const K&, const bool&) [with K = char [17]]	40	static
C:/Raspberrypi_Pico/GP2040-CE-0.7.11_8BitDo5/8BitDoArcadeStickUSBConverter2/src/webconfig.cpp:176:39:void writeDoc(ArduinoJson::V6212HB::DynamicJsonDocument&, const K&, const bool&) [with K = char [23]]	40	static
C:/Raspberrypi_Pico/GP2040-CE-0.7.11_8BitDo5/8BitDoArcadeStickUSBConverter2/src/webconfig.cpp:176:39:void writeDoc(ArduinoJson::V6212HB::DynamicJsonDocument&, const K&, const bool&) [with K = char [25]]	40	static
C:/Raspberrypi_Pico/GP2040-CE-0.7.11_8BitDo5/8BitDoArcadeStickUSBConverter2/src/webconfig.cpp:176:39:void writeDoc(ArduinoJson::V6212HB::DynamicJsonDocument&, const K&, const bool&) [with K = char [27]]	40	static
C:/Raspberrypi_Pico/GP2040-CE-0.7.11_8BitDo5/8BitDoArcadeStickUSBConverter2/src/webconfig.cpp:176:39:void writeDoc(ArduinoJson::V6212HB::DynamicJsonDocument&, const K&, const bool&) [with K = char [22]]	40	static
C:/Raspberrypi_Pico/GP2040-CE-0.7.11_8BitDo5/8BitDoArcadeStickUSBConverter2/src/webconfig.cpp:176:39:void writeDoc(ArduinoJson::V6212HB::DynamicJsonDocument&, const K&, const bool&) [with K = char [19]]	40	static
C:/Raspberrypi_Pico/GP2040-CE-0.7.11_8BitDo5/8BitDoArcadeStickUSBConverter2/src/webconfig.cpp:176:39:void writeDoc(ArduinoJson::V6212HB::DynamicJsonDocument&, const K&, const bool&) [with K = char [18]]	40	static
C:/Raspberrypi_Pico/GP2040-CE-0.7.11_8BitDo5/8BitDoArcadeStickUSBConverter2/src/webconfig.cpp:176:39:void writeDoc(ArduinoJson::V6212HB::DynamicJsonDocument&, const K&, const bool&) [with K = char [24]]	40	static
C:/Raspberrypi_Pico/GP2040-CE-0.7.11_8BitDo5/8BitDoArcadeStickUSBConverter2/src/webconfig.cpp:176:39:void writeDoc(ArduinoJson::V6212HB::DynamicJsonDocument&, const K&, const bool&) [with K = char [26]]	40	static
C:/Raspberrypi_Pico/GP2040-CE-0.7.11_8BitDo5/8BitDoArcadeStickUSBConverter2/src/webconfig.cpp:168:39:void writeDoc(ArduinoJson::V6212HB::DynamicJsonDocument&, const K&, const T&) [with T = long int; K = char [12]]	40	static
C:/Raspberrypi_Pico/GP2040-CE-0.7.11_8BitDo5/8BitDoArcadeStickUSBConverter2/src/webconfig.cpp:168:39:void writeDoc(ArduinoJson::V6212HB::DynamicJsonDocument&, const K&, const T&) [with T = long int; K = char [15]]	40	static
C:/Raspberrypi_Pico/GP2040-CE-0.7.11_8BitDo5/8BitDoArcadeStickUSBConverter2/src/webconfig.cpp:168:39:void writeDoc(ArduinoJson::V6212HB::DynamicJsonDocument&, const K&, const T&) [with T = long int; K = char [20]]	40	static
C:/Raspberrypi_Pico/GP2040-CE-0.7.11_8BitDo5/8BitDoArcadeStickUSBConverter2/src/webconfig.cpp:168:39:void writeDoc(ArduinoJson::V6212HB::DynamicJsonDocument&, const K&, const T&) [with T = long int; K = char [8]]	40	static
C:/Raspberrypi_Pico/GP2040-CE-0.7.11_8BitDo5/8BitDoArcadeStickUSBConverter2/src/webconfig.cpp:168:39:void writeDoc(ArduinoJson::V6212HB::DynamicJsonDocument&, const K&, const T&) [with T = long int; K = char [9]]	40	static
C:/Raspberrypi_Pico/GP2040-CE-0.7.11_8BitDo5/8BitDoArcadeStickUSBConverter2/src/webconfig.cpp:168:39:void writeDoc(ArduinoJson::V6212HB::DynamicJsonDocument&, const K&, const T&) [with T = long int; K = char [11]]	40	static
C:/Raspberrypi_Pico/GP2040-CE-0.7.11_8BitDo5/8BitDoArcadeStickUSBConverter2/src/webconfig.cpp:168:39:void writeDoc(ArduinoJson::V6212HB::DynamicJsonDocument&, const K&, const T&) [with T = long int; K = char [13]]	40	static
C:/Raspberrypi_Pico/GP2040-CE-0.7.11_8BitDo5/8BitDoArcadeStickUSBConverter2/src/webconfig.cpp:168:39:void writeDoc(ArduinoJson::V6212HB::DynamicJsonDocument&, const K&, const T&) [with T = long int; K = char [35]]	40	static
C:/Raspberrypi_Pico/GP2040-CE-0.7.11_8BitDo5/8BitDoArcadeStickUSBConverter2/src/webconfig.cpp:168:39:void writeDoc(ArduinoJson::V6212HB::DynamicJsonDocument&, const K&, const T&) [with T = long int; K = char [36]]	40	static
C:/Raspberrypi_Pico/GP2040-CE-0.7.11_8BitDo5/8BitDoArcadeStickUSBConverter2/src/webconfig.cpp:168:39:void writeDoc(ArduinoJson::V6212HB::DynamicJsonDocument&, const K&, const T&) [with T = long int; K = char [19]]	40	static
C:/Raspberrypi_Pico/GP2040-CE-0.7.11_8BitDo5/8BitDoArcadeStickUSBConverter2/src/webconfig.cpp:168:39:void writeDoc(ArduinoJson::V6212HB::DynamicJsonDocument&, const K&, const T&) [with T = long int; K = char [23]]	40	static
C:/Raspberrypi_Pico/GP2040-CE-0.7.11_8BitDo5/8BitDoArcadeStickUSBConverter2/src/webconfig.cpp:168:39:void writeDoc(ArduinoJson::V6212HB::DynamicJsonDocument&, const K&, const T&) [with T = long int; K = char [30]]	40	static
C:/Raspberrypi_Pico/GP2040-CE-0.7.11_8BitDo5/8BitDoArcadeStickUSBConverter2/src/webconfig.cpp:168:39:void writeDoc(ArduinoJson::V6212HB::DynamicJsonDocument&, const K&, const T&) [with T = long int; K = char [32]]	40	static
C:/Raspberrypi_Pico/GP2040-CE-0.7.11_8BitDo5/8BitDoArcadeStickUSBConverter2/src/webconfig.cpp:168:39:void writeDoc(ArduinoJson::V6212HB::DynamicJsonDocument&, const K&, const T&) [with T = long int; K = char [18]]	40	static
C:/Raspberrypi_Pico/GP2040-CE-0.7.11_8BitDo5/8BitDoArcadeStickUSBConverter2/src/webconfig.cpp:168:39:void writeDoc(ArduinoJson::V6212HB::DynamicJsonDocument&, const K&, const T&) [with T = long int; K = char [17]]	40	static
C:/Raspberrypi_Pico/GP2040-CE-0.7.11_8BitDo5/8BitDoArcadeStickUSBConverter2/src/webconfig.cpp:168:39:void writeDoc(ArduinoJson::V6212HB::DynamicJsonDocument&, const K&, const T&) [with T = long int; K = char [16]]	40	static
C:/Raspberrypi_Pico/GP2040-CE-0.7.11_8BitDo5/8BitDoArcadeStickUSBConverter2/src/webconfig.cpp:168:39:void writeDoc(ArduinoJson::V6212HB::DynamicJsonDocument&, const K&, const T&) [with T = long int; K = char [28]]	40	static
C:/Raspberrypi_Pico/GP2040-CE-0.7.11_8BitDo5/8BitDoArcadeStickUSBConverter2/src/webconfig.cpp:168:39:void writeDoc(ArduinoJson::V6212HB::DynamicJsonDocument&, const K&, const T&) [with T = long int; K = char [24]]	40	static
C:/Raspberrypi_Pico/GP2040-CE-0.7.11_8BitDo5/8BitDoArcadeStickUSBConverter2/src/webconfig.cpp:168:39:void writeDoc(ArduinoJson::V6212HB::DynamicJsonDocument&, const K&, const T&) [with T = long int; K = char [27]]	40	static
C:/Raspberrypi_Pico/GP2040-CE-0.7.11_8BitDo5/8BitDoArcadeStickUSBConverter2/src/webconfig.cpp:168:39:void writeDoc(ArduinoJson::V6212HB::DynamicJsonDocument&, const K&, const T&) [with T = long int; K = char [26]]	40	static
C:/Raspberrypi_Pico/GP2040-CE-0.7.11_8BitDo5/8BitDoArcadeStickUSBConverter2/src/webconfig.cpp:168:39:void writeDoc(ArduinoJson::V6212HB::DynamicJsonDocument&, const K&, const T&) [with T = long int; K = char [22]]	40	static
C:/Raspberrypi_Pico/GP2040-CE-0.7.11_8BitDo5/8BitDoArcadeStickUSBConverter2/src/webconfig.cpp:168:39:void writeDoc(ArduinoJson::V6212HB::DynamicJsonDocument&, const K&, const T&) [with T = long int; K = char [21]]	40	static
C:/Raspberrypi_Pico/GP2040-CE-0.7.11_8BitDo5/8BitDoArcadeStickUSBConverter2/src/webconfig.cpp:168:39:void writeDoc(ArduinoJson::V6212HB::DynamicJsonDocument&, const K&, const T&) [with T = long int; K = char [25]]	40	static
C:/Raspberrypi_Pico/GP2040-CE-0.7.11_8BitDo5/8BitDoArcadeStickUSBConverter2/src/webconfig.cpp:168:39:void writeDoc(ArduinoJson::V6212HB::DynamicJsonDocument&, const K&, const T&) [with T = long int; K = char [39]]	40	static
C:/Raspberrypi_Pico/GP2040-CE-0.7.11_8BitDo5/8BitDoArcadeStickUSBConverter2/src/webconfig.cpp:168:39:void writeDoc(ArduinoJson::V6212HB::DynamicJsonDocument&, const K&, const T&) [with T = long int; K = char [40]]	40	static
C:/Raspberrypi_Pico/GP2040-CE-0.7.11_8BitDo5/8BitDoArcadeStickUSBConverter2/src/webconfig.cpp:168:39:void writeDoc(ArduinoJson::V6212HB::DynamicJsonDocument&, const K&, const T&) [with T = long int; K = char [33]]	40	static
C:/Raspberrypi_Pico/GP2040-CE-0.7.11_8BitDo5/8BitDoArcadeStickUSBConverter2/src/webconfig.cpp:168:39:void writeDoc(ArduinoJson::V6212HB::DynamicJsonDocument&, const K&, const T&) [with T = long int; K = char [31]]	40	static
C:/Raspberrypi_Pico/GP2040-CE-0.7.11_8BitDo5/8BitDoArcadeStickUSBConverter2/src/webconfig.cpp:1839:13:std::string getWiiControls()	64	static
C:/Raspberrypi_Pico/GP2040-CE-0.7.11_8BitDo5/8BitDoArcadeStickUSBConverter2/src/webconfig.cpp:168:39:void writeDoc(ArduinoJson::V6212HB::DynamicJsonDocument&, const K&, const T&) [with T = long int; K = char [10]]	40	static
C:/Raspberrypi_Pico/GP2040-CE-0.7.11_8BitDo5/8BitDoArcadeStickUSBConverter2/src/webconfig.cpp:168:39:void writeDoc(ArduinoJson::V6212HB::DynamicJsonDocument&, const K&, const T&) [with T = long int; K = char [14]]	40	static
C:/Raspberrypi_Pico/GP2040-CE-0.7.11_8BitDo5/8BitDoArcadeStickUSBConverter2/src/webconfig.cpp:168:39:void writeDoc(ArduinoJson::V6212HB::DynamicJsonDocument&, const K&, const T&) [with T = _ButtonLayout; K = char [13]]	56	static
C:/Raspberrypi_Pico/GP2040-CE-0.7.11_8BitDo5/8BitDoArcadeStickUSBConverter2/src/webconfig.cpp:168:39:void writeDoc(ArduinoJson::V6212HB::DynamicJsonDocument&, const K&, const T&) [with T = _ButtonLayout; K = char [10]]	56	static
C:/Raspberrypi_Pico/GP2040-CE-0.7.11_8BitDo5/8BitDoArcadeStickUSBConverter2/src/webconfig.cpp:168:39:void writeDoc(ArduinoJson::V6212HB::DynamicJsonDocument&, const K&, const T&) [with T = _ButtonLayoutRight; K = char [18]]	56	static
C:/Raspberrypi_Pico/GP2040-CE-0.7.11_8BitDo5/8BitDoArcadeStickUSBConverter2/src/webconfig.cpp:168:39:void writeDoc(ArduinoJson::V6212HB::DynamicJsonDocument&, const K&, const T&) [with T = _SplashMode; K = char [11]]	56	static
C:/Raspberrypi_Pico/GP2040-CE-0.7.11_8BitDo5/8BitDoArcadeStickUSBConverter2/src/webconfig.cpp:168:39:void writeDoc(ArduinoJson::V6212HB::DynamicJsonDocument&, const K&, const T&) [with T = _SplashChoice; K = char [13]]	56	static
C:/Raspberrypi_Pico/GP2040-CE-0.7.11_8BitDo5/8BitDoArcadeStickUSBConverter2/src/webconfig.cpp:168:39:void writeDoc(ArduinoJson::V6212HB::DynamicJsonDocument&, const K&, const T&) [with T = _DisplaySaverMode; K = char [17]]	56	static
C:/Raspberrypi_Pico/GP2040-CE-0.7.11_8BitDo5/8BitDoArcadeStickUSBConverter2/src/webconfig.cpp:168:39:void writeDoc(ArduinoJson::V6212HB::DynamicJsonDocument&, const K&, const T&) [with T = _ButtonLayoutOrientation; K = char [24]]	56	static
C:/Raspberrypi_Pico/GP2040-CE-0.7.11_8BitDo5/8BitDoArcadeStickUSBConverter2/src/webconfig.cpp:168:39:void writeDoc(ArduinoJson::V6212HB::DynamicJsonDocument&, const K&, const T&) [with T = long unsigned int; K = char [19]]	40	static
C:/Raspberrypi_Pico/GP2040-CE-0.7.11_8BitDo5/8BitDoArcadeStickUSBConverter2/src/webconfig.cpp:168:39:void writeDoc(ArduinoJson::V6212HB::DynamicJsonDocument&, const K&, const T&) [with T = long unsigned int; K = char [16]]	40	static
C:/Raspberrypi_Pico/GP2040-CE-0.7.11_8BitDo5/8BitDoArcadeStickUSBConverter2/src/webconfig.cpp:168:39:void writeDoc(ArduinoJson::V6212HB::DynamicJsonDocument&, const K&, const T&) [with T = long unsigned int; K = char [14]]	40	static
C:/Raspberrypi_Pico/GP2040-CE-0.7.11_8BitDo5/8BitDoArcadeStickUSBConverter2/src/webconfig.cpp:168:39:void writeDoc(ArduinoJson::V6212HB::DynamicJsonDocument&, const K&, const T&) [with T = long unsigned int; K = char [21]]	40	static
C:/Raspberrypi_Pico/GP2040-CE-0.7.11_8BitDo5/8BitDoArcadeStickUSBConverter2/src/webconfig.cpp:168:39:void writeDoc(ArduinoJson::V6212HB::DynamicJsonDocument&, const K&, const T&) [with T = long unsigned int; K = char [18]]	40	static
C:/Raspberrypi_Pico/GP2040-CE-0.7.11_8BitDo5/8BitDoArcadeStickUSBConverter2/src/webconfig.cpp:168:39:void writeDoc(ArduinoJson::V6212HB::DynamicJsonDocument&, const K&, const T&) [with T = long unsigned int; K = char [10]]	40	static
C:/Raspberrypi_Pico/GP2040-CE-0.7.11_8BitDo5/8BitDoArcadeStickUSBConverter2/src/webconfig.cpp:168:39:void writeDoc(ArduinoJson::V6212HB::DynamicJsonDocument&, const K&, const T&) [with T = long unsigned int; K = char [13]]	40	static
C:/Raspberrypi_Pico/GP2040-CE-0.7.11_8BitDo5/8BitDoArcadeStickUSBConverter2/src/webconfig.cpp:168:39:void writeDoc(ArduinoJson::V6212HB::DynamicJsonDocument&, const K&, const T&) [with T = long unsigned int; K = char [33]]	40	static
C:/Raspberrypi_Pico/GP2040-CE-0.7.11_8BitDo5/8BitDoArcadeStickUSBConverter2/src/webconfig.cpp:168:39:void writeDoc(ArduinoJson::V6212HB::DynamicJsonDocument&, const K&, const T&) [with T = long unsigned int; K = char [5]]	40	static
C:/Raspberrypi_Pico/GP2040-CE-0.7.11_8BitDo5/8BitDoArcadeStickUSBConverter2/src/webconfig.cpp:168:39:void writeDoc(ArduinoJson::V6212HB::DynamicJsonDocument&, const K&, const T&) [with T = long unsigned int; K = char [6]]	40	static
C:/Raspberrypi_Pico/GP2040-CE-0.7.11_8BitDo5/8BitDoArcadeStickUSBConverter2/src/webconfig.cpp:168:39:void writeDoc(ArduinoJson::V6212HB::DynamicJsonDocument&, const K&, const T&) [with T = long unsigned int; K = char [3]]	40	static
C:/Raspberrypi_Pico/GP2040-CE-0.7.11_8BitDo5/8BitDoArcadeStickUSBConverter2/src/webconfig.cpp:168:39:void writeDoc(ArduinoJson::V6212HB::DynamicJsonDocument&, const K&, const T&) [with T = long unsigned int; K = char [4]]	40	static
C:/Raspberrypi_Pico/GP2040-CE-0.7.11_8BitDo5/8BitDoArcadeStickUSBConverter2/src/webconfig.cpp:1230:13:std::string getKeyMappings()	64	static
C:/Raspberrypi_Pico/GP2040-CE-0.7.11_8BitDo5/8BitDoArcadeStickUSBConverter2/src/webconfig.cpp:168:39:void writeDoc(ArduinoJson::V6212HB::DynamicJsonDocument&, const K&, const T&) [with T = long unsigned int; K = char [17]]	40	static
[...]
C:/Raspberrypi_Pico/GP2040-CE-0.7.11_8BitDo5/8BitDoArcadeStickUSBConverter2/src/webconfig.cpp:190:39:void writeDoc(ArduinoJson::V6212HB::DynamicJsonDocument&, const K0&, const K1&, const K2&, const T&) [with T = bool; K0 = char [11]; K1 = char [5]; K2 = char [8]]	112	static
C:/Raspberrypi_Pico/GP2040-CE-0.7.11_8BitDo5/8BitDoArcadeStickUSBConverter2/src/webconfig.cpp:190:39:void writeDoc(ArduinoJson::V6212HB::DynamicJsonDocument&, const K0&, const K1&, const K2&, const T&) [with T = long unsigned int; K0 = char [11]; K1 = char [5]; K2 = char [6]]	112	static
C:/Raspberrypi_Pico/GP2040-CE-0.7.11_8BitDo5/8BitDoArcadeStickUSBConverter2/src/webconfig.cpp:1272:13:std::string getPeripheralOptions()	104	static
C:/Raspberrypi_Pico/GP2040-CE-0.7.11_8BitDo5/8BitDoArcadeStickUSBConverter2/src/webconfig.cpp:183:39:void writeDoc(ArduinoJson::V6212HB::DynamicJsonDocument&, const K0&, const K1&, const T&) [with T = std::nullptr_t; K0 = const char*; K1 = const char*]	64	static
C:/Raspberrypi_Pico/GP2040-CE-0.7.11_8BitDo5/8BitDoArcadeStickUSBConverter2/src/webconfig.cpp:183:39:void writeDoc(ArduinoJson::V6212HB::DynamicJsonDocument&, const K0&, const K1&, const T&) [with T = int; K0 = const char*; K1 = const char*]	72	static
C:/Raspberrypi_Pico/GP2040-CE-0.7.11_8BitDo5/8BitDoArcadeStickUSBConverter2/src/webconfig.cpp:844:13:std::string getLedOptions()	176	static
C:/Raspberrypi_Pico/GP2040-CE-0.7.11_8BitDo5/8BitDoArcadeStickUSBConverter2/src/webconfig.cpp:183:39:void writeDoc(ArduinoJson::V6212HB::DynamicJsonDocument&, const K0&, const K1&, const T&) [with T = _ButtonLayout; K0 = char [10]; K1 = char [3]]	88	static
C:/Raspberrypi_Pico/GP2040-CE-0.7.11_8BitDo5/8BitDoArcadeStickUSBConverter2/src/webconfig.cpp:183:39:void writeDoc(ArduinoJson::V6212HB::DynamicJsonDocument&, const K0&, const K1&, const T&) [with T = _ButtonLayout; K0 = char [15]; K1 = char [15]]	88	static
C:/Raspberrypi_Pico/GP2040-CE-0.7.11_8BitDo5/8BitDoArcadeStickUSBConverter2/src/webconfig.cpp:183:39:void writeDoc(ArduinoJson::V6212HB::DynamicJsonDocument&, const K0&, const K1&, const T&) [with T = long int; K0 = char [10]; K1 = char [10]]	72	static
C:/Raspberrypi_Pico/GP2040-CE-0.7.11_8BitDo5/8BitDoArcadeStickUSBConverter2/src/webconfig.cpp:183:39:void writeDoc(ArduinoJson::V6212HB::DynamicJsonDocument&, const K0&, const K1&, const T&) [with T = long int; K0 = char [10]; K1 = char [11]]	72	static
C:/Raspberrypi_Pico/GP2040-CE-0.7.11_8BitDo5/8BitDoArcadeStickUSBConverter2/src/webconfig.cpp:183:39:void writeDoc(ArduinoJson::V6212HB::DynamicJsonDocument&, const K0&, const K1&, const T&) [with T = long int; K0 = char [10]; K1 = char [8]]	72	static
C:/Raspberrypi_Pico/GP2040-CE-0.7.11_8BitDo5/8BitDoArcadeStickUSBConverter2/src/webconfig.cpp:183:39:void writeDoc(ArduinoJson::V6212HB::DynamicJsonDocument&, const K0&, const K1&, const T&) [with T = _ButtonLayoutRight; K0 = char [15]; K1 = char [20]]	88	static
C:/Raspberrypi_Pico/GP2040-CE-0.7.11_8BitDo5/8BitDoArcadeStickUSBConverter2/src/webconfig.cpp:183:39:void writeDoc(ArduinoJson::V6212HB::DynamicJsonDocument&, const K0&, const K1&, const T&) [with T = short unsigned int; K0 = char [11]; K1 = char [3]]	72	static
C:/Raspberrypi_Pico/GP2040-CE-0.7.11_8BitDo5/8BitDoArcadeStickUSBConverter2/src/webconfig.cpp:183:39:void writeDoc(ArduinoJson::V6212HB::DynamicJsonDocument&, const K0&, const K1&, const T&) [with T = short unsigned int; K0 = char [11]; K1 = char [5]]	72	static
C:/Raspberrypi_Pico/GP2040-CE-0.7.11_8BitDo5/8BitDoArcadeStickUSBConverter2/src/webconfig.cpp:183:39:void writeDoc(ArduinoJson::V6212HB::DynamicJsonDocument&, const K0&, const K1&, const T&) [with T = short unsigned int; K0 = char [11]; K1 = char [6]]	72	static
C:/Raspberrypi_Pico/GP2040-CE-0.7.11_8BitDo5/8BitDoArcadeStickUSBConverter2/src/webconfig.cpp:183:39:void writeDoc(ArduinoJson::V6212HB::DynamicJsonDocument&, const K0&, const K1&, const T&) [with T = short unsigned int; K0 = char [11]; K1 = char [11]]	72	static
C:/Raspberrypi_Pico/GP2040-CE-0.7.11_8BitDo5/8BitDoArcadeStickUSBConverter2/src/webconfig.cpp:183:39:void writeDoc(ArduinoJson::V6212HB::DynamicJsonDocument&, const K0&, const K1&, const T&) [with T = short unsigned int; K0 = char [11]; K1 = char [9]]	72	static
C:/Raspberrypi_Pico/GP2040-CE-0.7.11_8BitDo5/8BitDoArcadeStickUSBConverter2/src/webconfig.cpp:183:39:void writeDoc(ArduinoJson::V6212HB::DynamicJsonDocument&, const K0&, const K1&, const T&) [with T = short unsigned int; K0 = char [11]; K1 = char [7]]	72	static
C:/Raspberrypi_Pico/GP2040-CE-0.7.11_8BitDo5/8BitDoArcadeStickUSBConverter2/src/webconfig.cpp:183:39:void writeDoc(ArduinoJson::V6212HB::DynamicJsonDocument&, const K0&, const K1&, const T&) [with T = long unsigned int; K0 = char [5]; K1 = char [2]]	72	static
C:/Raspberrypi_Pico/GP2040-CE-0.7.11_8BitDo5/8BitDoArcadeStickUSBConverter2/src/webconfig.cpp:183:39:void writeDoc(ArduinoJson::V6212HB::DynamicJsonDocument&, const K0&, const K1&, const T&) [with T = long unsigned int; K0 = char [6]; K1 = char [2]]	72	static
C:/Raspberrypi_Pico/GP2040-CE-0.7.11_8BitDo5/8BitDoArcadeStickUSBConverter2/src/webconfig.cpp:183:39:void writeDoc(ArduinoJson::V6212HB::DynamicJsonDocument&, const K0&, const K1&, const T&) [with T = long unsigned int; K0 = char [3]; K1 = char [2]]	72	static
C:/Raspberrypi_Pico/GP2040-CE-0.7.11_8BitDo5/8BitDoArcadeStickUSBConverter2/src/webconfig.cpp:1058:13:std::string getCustomTheme()	72	static
C:/Raspberrypi_Pico/GP2040-CE-0.7.11_8BitDo5/8BitDoArcadeStickUSBConverter2/src/webconfig.cpp:183:39:void writeDoc(ArduinoJson::V6212HB::DynamicJsonDocument&, const K0&, const K1&, const T&) [with T = long unsigned int; K0 = const char*; K1 = char [17]]	72	static
C:/Raspberrypi_Pico/GP2040-CE-0.7.11_8BitDo5/8BitDoArcadeStickUSBConverter2/src/webconfig.cpp:183:39:void writeDoc(ArduinoJson::V6212HB::DynamicJsonDocument&, const K0&, const K1&, const T&) [with T = long unsigned int; K0 = const char*; K1 = char [15]]	72	static
C:/Raspberrypi_Pico/GP2040-CE-0.7.11_8BitDo5/8BitDoArcadeStickUSBConverter2/src/webconfig.cpp:183:39:void writeDoc(ArduinoJson::V6212HB::DynamicJsonDocument&, const K0&, const K1&, const T&) [with T = long unsigned int; K0 = char [16]; K1 = char [5]]	72	static
C:/Raspberrypi_Pico/GP2040-CE-0.7.11_8BitDo5/8BitDoArcadeStickUSBConverter2/src/webconfig.cpp:183:39:void writeDoc(ArduinoJson::V6212HB::DynamicJsonDocument&, const K0&, const K1&, const T&) [with T = long unsigned int; K0 = char [16]; K1 = char [6]]	72	static
C:/Raspberrypi_Pico/GP2040-CE-0.7.11_8BitDo5/8BitDoArcadeStickUSBConverter2/src/webconfig.cpp:183:39:void writeDoc(ArduinoJson::V6212HB::DynamicJsonDocument&, const K0&, const K1&, const T&) [with T = long unsigned int; K0 = char [16]; K1 = char [3]]	72	static
C:/Raspberrypi_Pico/GP2040-CE-0.7.11_8BitDo5/8BitDoArcadeStickUSBConverter2/src/webconfig.cpp:1921:13:std::string getAddonOptions()	152	static
C:/Raspberrypi_Pico/GP2040-CE-0.7.11_8BitDo5/8BitDoArcadeStickUSBConverter2/src/webconfig.cpp:183:39:void writeDoc(ArduinoJson::V6212HB::DynamicJsonDocument&, const K0&, const K1&, const T&) [with T = _GpioAction; K0 = const char*; K1 = char [7]]	88	static
C:/Raspberrypi_Pico/GP2040-CE-0.7.11_8BitDo5/8BitDoArcadeStickUSBConverter2/src/webconfig.cpp:1142:30:getPinMappings()::<lambda(const char*, const GpioMappingInfo&)>	24	static
C:/Raspberrypi_Pico/GP2040-CE-0.7.11_8BitDo5/8BitDoArcadeStickUSBConverter2/src/webconfig.cpp:197:39:void writeDoc(ArduinoJson::V6212HB::DynamicJsonDocument&, const K0&, const K1&, const K2&, const K3&, const T&) [with T = _GpioAction; K0 = char [23]; K1 = int; K2 = const char*; K3 = char [7]]	184	static
C:/Raspberrypi_Pico/GP2040-CE-0.7.11_8BitDo5/8BitDoArcadeStickUSBConverter2/src/webconfig.cpp:197:39:void writeDoc(ArduinoJson::V6212HB::DynamicJsonDocument&, const K0&, const K1&, const K2&, const K3&, const T&) [with T = long unsigned int; K0 = char [23]; K1 = int; K2 = const char*; K3 = char [17]]	168	static
C:/Raspberrypi_Pico/GP2040-CE-0.7.11_8BitDo5/8BitDoArcadeStickUSBConverter2/src/webconfig.cpp:197:39:void writeDoc(ArduinoJson::V6212HB::DynamicJsonDocument&, const K0&, const K1&, const K2&, const K3&, const T&) [with T = long unsigned int; K0 = char [23]; K1 = int; K2 = const char*; K3 = char [15]]	168	static
C:/Raspberrypi_Pico/GP2040-CE-0.7.11_8BitDo5/8BitDoArcadeStickUSBConverter2/src/webconfig.cpp:190:39:void writeDoc(ArduinoJson::V6212HB::DynamicJsonDocument&, const K0&, const K1&, const K2&, const T&) [with T = char [17]; K0 = char [23]; K1 = int; K2 = char [13]]	112	static
C:/Raspberrypi_Pico/GP2040-CE-0.7.11_8BitDo5/8BitDoArcadeStickUSBConverter2/src/webconfig.cpp:190:39:void writeDoc(ArduinoJson::V6212HB::DynamicJsonDocument&, const K0&, const K1&, const K2&, const T&) [with T = long int; K0 = char [5]; K1 = short unsigned int; K2 = char [4]]	112	static
C:/Raspberrypi_Pico/GP2040-CE-0.7.11_8BitDo5/8BitDoArcadeStickUSBConverter2/src/webconfig.cpp:190:39:void writeDoc(ArduinoJson::V6212HB::DynamicJsonDocument&, const K0&, const K1&, const K2&, const T&) [with T = _GpioAction; K0 = char [5]; K1 = short unsigned int; K2 = char [7]]	128	static
C:/Raspberrypi_Pico/GP2040-CE-0.7.11_8BitDo5/8BitDoArcadeStickUSBConverter2/src/webconfig.cpp:190:39:void writeDoc(ArduinoJson::V6212HB::DynamicJsonDocument&, const K0&, const K1&, const K2&, const T&) [with T = _ReactiveLEDMode; K0 = char [5]; K1 = short unsigned int; K2 = char [9]]	128	static
C:/Raspberrypi_Pico/GP2040-CE-0.7.11_8BitDo5/8BitDoArcadeStickUSBConverter2/src/webconfig.cpp:190:39:void writeDoc(ArduinoJson::V6212HB::DynamicJsonDocument&, const K0&, const K1&, const K2&, const T&) [with T = _ReactiveLEDMode; K0 = char [5]; K1 = short unsigned int; K2 = char [7]]	128	static
C:/Raspberrypi_Pico/GP2040-CE-0.7.11_8BitDo5/8BitDoArcadeStickUSBConverter2/src/webconfig.cpp:1460:13:std::string getReactiveLEDs()	128	static
C:/Raspberrypi_Pico/GP2040-CE-0.7.11_8BitDo5/8BitDoArcadeStickUSBConverter2/src/webconfig.cpp:588:13:std::string getProfileOptions()	216	static
C:/Raspberrypi_Pico/GP2040-CE-0.7.11_8BitDo5/8BitDoArcadeStickUSBConverter2/src/webconfig.cpp:1135:13:std::string getPinMappings()	112	static
C:/Raspberrypi_Pico/GP2040-CE-0.7.11_8BitDo5/8BitDoArcadeStickUSBConverter2/src/webconfig.cpp:2314:13:std::string resetSettings()	128	static
C:/Raspberrypi_Pico/GP2040-CE-0.7.11_8BitDo5/8BitDoArcadeStickUSBConverter2/src/webconfig.cpp:2338:13:std::string reboot()	96	static
C:/Raspberrypi_Pico/GP2040-CE-0.7.11_8BitDo5/8BitDoArcadeStickUSBConverter2/src/webconfig.cpp:204:39:void writeDoc(ArduinoJson::V6212HB::DynamicJsonDocument&, const K0&, const K1&, const K2&, const K3&, const K4&, const T&) [with T = _GpioAction; K0 = char [5]; K1 = char [8]; K2 = int; K3 = char [6]; K4 = char [7]]	256	static
C:/Raspberrypi_Pico/GP2040-CE-0.7.11_8BitDo5/8BitDoArcadeStickUSBConverter2/src/webconfig.cpp:204:39:void writeDoc(ArduinoJson::V6212HB::DynamicJsonDocument&, const K0&, const K1&, const K2&, const K3&, const K4&, const T&) [with T = _GpioDirection; K0 = char [5]; K1 = char [8]; K2 = int; K3 = char [6]; K4 = char [10]]	256	static
C:/Raspberrypi_Pico/GP2040-CE-0.7.11_8BitDo5/8BitDoArcadeStickUSBConverter2/src/webconfig.cpp:1393:13:std::string getExpansionPins()	232	static
C:/Raspberrypi_Pico/GP2040-CE-0.7.11_8BitDo5/8BitDoArcadeStickUSBConverter2/src/webconfig.cpp:388:6:void addUsedPinsArray(ArduinoJson::V6212HB::DynamicJsonDocument&)	64	static
C:/Raspberrypi_Pico/GP2040-CE-0.7.11_8BitDo5/8BitDoArcadeStickUSBConverter2/src/webconfig.cpp:410:13:std::string getUsedPins()	112	static
C:/Raspberrypi_Pico/GP2040-CE-0.7.11_8BitDo5/8BitDoArcadeStickUSBConverter2/src/webconfig.cpp:515:13:std::string getSplashImage()	136	static
C:/Raspberrypi_Pico/GP2040-CE-0.7.11_8BitDo5/8BitDoArcadeStickUSBConverter2/src/webconfig.cpp:2208:13:std::string getHeldPins()	192	static
C:/Raspberrypi_Pico/GP2040-CE-0.7.11_8BitDo5/8BitDoArcadeStickUSBConverter2/build/_deps/arduinojson-src/src/ArduinoJson/Strings/StringAdapters.hpp:48:1:typename ArduinoJson::V6212HB::detail::enable_if<(TAdaptedString1::typeSortKey <= TAdaptedString2::typeSortKey), bool>::type ArduinoJson::V6212HB::detail::stringEquals(TAdaptedString1, TAdaptedString2) [with TAdaptedString1 = ArduinoJson::V6212HB::detail::SizedRamString; TAdaptedString2 = ArduinoJson::V6212HB::detail::ZeroTerminatedRamString]	32	static
C:/Raspberrypi_Pico/GP2040-CE-0.7.11_8BitDo5/8BitDoArcadeStickUSBConverter2/build/_deps/arduinojson-src/src/ArduinoJson/Strings/StringAdapters.hpp:65:1:typename ArduinoJson::V6212HB::detail::enable_if<(TAdaptedString1::typeSortKey > TAdaptedString2::typeSortKey), bool>::type ArduinoJson::V6212HB::detail::stringEquals(TAdaptedString1, TAdaptedString2) [with TAdaptedString1 = ArduinoJson::V6212HB::detail::ZeroTerminatedRamString; TAdaptedString2 = ArduinoJson::V6212HB::detail::SizedRamString]	16	static
C:/Raspberrypi_Pico/GP2040-CE-0.7.11_8BitDo5/8BitDoArcadeStickUSBConverter2/build/_deps/arduinojson-src/src/ArduinoJson/Memory/MemoryPool.hpp:223:6:bool ArduinoJson::V6212HB::detail::storeString(ArduinoJson::V6212HB::detail::MemoryPool*, TAdaptedString, ArduinoJson::V6212HB::detail::StringStoragePolicy::Copy, TCallback) [with TAdaptedString = ArduinoJson::V6212HB::detail::ZeroTerminatedRamString; TCallback = ArduinoJson::V6212HB::detail::VariantData::VariantStringSetter]	80	static
C:/Raspberrypi_Pico/GP2040-CE-0.7.11_8BitDo5/8BitDoArcadeStickUSBConverter2/build/_deps/arduinojson-src/src/ArduinoJson/Memory/MemoryPool.hpp:249:6:bool ArduinoJson::V6212HB::detail::storeString(ArduinoJson::V6212HB::detail::MemoryPool*, TAdaptedString, TCallback) [with TAdaptedString = ArduinoJson::V6212HB::detail::ZeroTerminatedRamString; TCallback = ArduinoJson::V6212HB::detail::VariantData::VariantStringSetter]	8	static
C:/Raspberrypi_Pico/GP2040-CE-0.7.11_8BitDo5/8BitDoArcadeStickUSBConverter2/src/webconfig.cpp:2149:13:std::string getMacroAddonOptions()	448	static
C:/Raspberrypi_Pico/GP2040-CE-0.7.11_8BitDo5/8BitDoArcadeStickUSBConverter2/build/_deps/arduinojson-src/src/ArduinoJson/Strings/StringAdapters.hpp:48:1:typename ArduinoJson::V6212HB::detail::enable_if<(TAdaptedString1::typeSortKey <= TAdaptedString2::typeSortKey), bool>::type ArduinoJson::V6212HB::detail::stringEquals(TAdaptedString1, TAdaptedString2) [with TAdaptedString1 = ArduinoJson::V6212HB::detail::ZeroTerminatedRamString; TAdaptedString2 = ArduinoJson::V6212HB::detail::StaticStringAdapter]	24	static
C:/Raspberrypi_Pico/GP2040-CE-0.7.11_8BitDo5/8BitDoArcadeStickUSBConverter2/build/_deps/arduinojson-src/src/ArduinoJson/Variant/VariantFunctions.hpp:78:14:ArduinoJson::V6212HB::detail::VariantData* ArduinoJson::V6212HB::detail::variantGetMember(const ArduinoJson::V6212HB::detail::VariantData*, TAdaptedString) [with TAdaptedString = ArduinoJson::V6212HB::detail::ZeroTerminatedRamString]	16	static
C:/Raspberrypi_Pico/GP2040-CE-0.7.11_8BitDo5/8BitDoArcadeStickUSBConverter2/src/webconfig.cpp:544:13:std::string setProfileOptions()	696	static
C:/Raspberrypi_Pico/GP2040-CE-0.7.11_8BitDo5/8BitDoArcadeStickUSBConverter2/src/webconfig.cpp:1106:13:std::string setPinMappings()	280	static
C:/Raspberrypi_Pico/GP2040-CE-0.7.11_8BitDo5/8BitDoArcadeStickUSBConverter2/src/webconfig.cpp:1435:13:std::string setExpansionPins()	656	static
C:/Raspberrypi_Pico/GP2040-CE-0.7.11_8BitDo5/8BitDoArcadeStickUSBConverter2/build/_deps/arduinojson-src/src/ArduinoJson/Memory/MemoryPool.hpp:223:6:bool ArduinoJson::V6212HB::detail::storeString(ArduinoJson::V6212HB::detail::MemoryPool*, TAdaptedString, ArduinoJson::V6212HB::detail::StringStoragePolicy::Copy, TCallback) [with TAdaptedString = ArduinoJson::V6212HB::detail::SizedRamString; TCallback = ArduinoJson::V6212HB::detail::SlotKeySetter]	80	static
C:/Raspberrypi_Pico/GP2040-CE-0.7.11_8BitDo5/8BitDoArcadeStickUSBConverter2/build/_deps/arduinojson-src/src/ArduinoJson/Memory/MemoryPool.hpp:249:6:bool ArduinoJson::V6212HB::detail::storeString(ArduinoJson::V6212HB::detail::MemoryPool*, TAdaptedString, TCallback) [with TAdaptedString = ArduinoJson::V6212HB::detail::SizedRamString; TCallback = ArduinoJson::V6212HB::detail::SlotKeySetter]	24	static
C:/Raspberrypi_Pico/GP2040-CE-0.7.11_8BitDo5/8BitDoArcadeStickUSBConverter2/build/_deps/arduinojson-src/src/ArduinoJson/Variant/VariantFunctions.hpp:85:14:ArduinoJson::V6212HB::detail::VariantData* ArduinoJson::V6212HB::detail::variantGetOrAddMember(ArduinoJson::V6212HB::detail::VariantData*, TAdaptedString, ArduinoJson::V6212HB::detail::MemoryPool*) [with TAdaptedString = ArduinoJson::V6212HB::detail::SizedRamString]	64	static
C:/Raspberrypi_Pico/GP2040-CE-0.7.11_8BitDo5/8BitDoArcadeStickUSBConverter2/src/webconfig.cpp:183:39:void writeDoc(ArduinoJson::V6212HB::DynamicJsonDocument&, const K0&, const K1&, const T&) [with T = short unsigned int; K0 = char [13]; K1 = std::__cxx11::basic_string<char>]	136	static
C:/Raspberrypi_Pico/GP2040-CE-0.7.11_8BitDo5/8BitDoArcadeStickUSBConverter2/src/webconfig.cpp:183:39:void writeDoc(ArduinoJson::V6212HB::DynamicJsonDocument&, const K0&, const K1&, const T&) [with T = short unsigned int; K0 = char [18]; K1 = std::__cxx11::basic_string<char>]	136	static
C:/Raspberrypi_Pico/GP2040-CE-0.7.11_8BitDo5/8BitDoArcadeStickUSBConverter2/src/webconfig.cpp:903:13:std::string getButtonLayoutDefs()	128	static
C:/Raspberrypi_Pico/GP2040-CE-0.7.11_8BitDo5/8BitDoArcadeStickUSBConverter2/src/webconfig.cpp:183:39:void writeDoc(ArduinoJson::V6212HB::DynamicJsonDocument&, const K0&, const K1&, const T&) [with T = bool; K0 = char [5]; K1 = std::__cxx11::basic_string<char>]	136	static
C:/Raspberrypi_Pico/GP2040-CE-0.7.11_8BitDo5/8BitDoArcadeStickUSBConverter2/src/webconfig.cpp:1308:13:std::string getI2CPeripheralMap()	160	static
C:/Raspberrypi_Pico/GP2040-CE-0.7.11_8BitDo5/8BitDoArcadeStickUSBConverter2/src/webconfig.cpp:190:39:void writeDoc(ArduinoJson::V6212HB::DynamicJsonDocument&, const K0&, const K1&, const K2&, const T&) [with T = ArduinoJson::V6212HB::BasicJsonDocument<ArduinoJson::V6212HB::DefaultAllocator>; K0 = char [15]; K1 = char [13]; K2 = std::__cxx11::basic_string<char>]	200	static
C:/Raspberrypi_Pico/GP2040-CE-0.7.11_8BitDo5/8BitDoArcadeStickUSBConverter2/src/webconfig.cpp:190:39:void writeDoc(ArduinoJson::V6212HB::DynamicJsonDocument&, const K0&, const K1&, const K2&, const T&) [with T = ArduinoJson::V6212HB::BasicJsonDocument<ArduinoJson::V6212HB::DefaultAllocator>; K0 = char [15]; K1 = char [18]; K2 = std::__cxx11::basic_string<char>]	200	static
C:/Raspberrypi_Pico/GP2040-CE-0.7.11_8BitDo5/8BitDoArcadeStickUSBConverter2/src/webconfig.cpp:922:13:std::string getButtonLayouts()	272	static
C:/Raspberrypi_Pico/GP2040-CE-0.7.11_8BitDo5/8BitDoArcadeStickUSBConverter2/src/webconfig.cpp:183:39:void writeDoc(ArduinoJson::V6212HB::DynamicJsonDocument&, const K0&, const K1&, const T&) [with T = long unsigned int; K0 = std::__cxx11::basic_string<char>; K1 = char [8]]	176	static
C:/Raspberrypi_Pico/GP2040-CE-0.7.11_8BitDo5/8BitDoArcadeStickUSBConverter2/src/webconfig.cpp:183:39:void writeDoc(ArduinoJson::V6212HB::DynamicJsonDocument&, const K0&, const K1&, const T&) [with T = long unsigned int; K0 = std::__cxx11::basic_string<char>; K1 = char [12]]	176	static
C:/Raspberrypi_Pico/GP2040-CE-0.7.11_8BitDo5/8BitDoArcadeStickUSBConverter2/src/webconfig.cpp:183:39:void writeDoc(ArduinoJson::V6212HB::DynamicJsonDocument&, const K0&, const K1&, const T&) [with T = _GamepadHotkey; K0 = std::__cxx11::basic_string<char>; K1 = char [7]]	192	static
C:/Raspberrypi_Pico/GP2040-CE-0.7.11_8BitDo5/8BitDoArcadeStickUSBConverter2/src/webconfig.cpp:302:6:void load_hotkey(const HotkeyEntry*, ArduinoJson::V6212HB::DynamicJsonDocument&, std::string)	24	static
C:/Raspberrypi_Pico/GP2040-CE-0.7.11_8BitDo5/8BitDoArcadeStickUSBConverter2/src/webconfig.cpp:717:13:std::string getGamepadOptions()	496	static
C:/Raspberrypi_Pico/GP2040-CE-0.7.11_8BitDo5/8BitDoArcadeStickUSBConverter2/src/webconfig.cpp:2455:1:cpp)	8	static
C:/Raspberrypi_Pico/GP2040-CE-0.7.11_8BitDo5/8BitDoArcadeStickUSBConverter2/src/webconfig.cpp:2455:1:cpp)	8	static
