C:/Raspberrypi_Pico/Pico/pico-sdk/lib/mbedtls/library/md.c:174:12:mbedtls_md_list	0	static
C:/Raspberrypi_Pico/Pico/pico-sdk/lib/mbedtls/library/md.c:222:26:mbedtls_md_info_from_type	0	static
C:/Raspberrypi_Pico/Pico/pico-sdk/lib/mbedtls/library/md.c:179:26:mbedtls_md_info_from_string	8	static
C:/Raspberrypi_Pico/Pico/pico-sdk/lib/mbedtls/library/md.c:265:6:mbedtls_md_init	8	static
C:/Raspberrypi_Pico/Pico/pico-sdk/lib/mbedtls/library/md.c:270:6:mbedtls_md_free	8	static
C:/Raspberrypi_Pico/Pico/pico-sdk/lib/mbedtls/library/md.c:335:5:mbedtls_md_clone	8	static
C:/Raspberrypi_Pico/Pico/pico-sdk/lib/mbedtls/library/md.c:409:5:mbedtls_md_setup	16	static
C:/Raspberrypi_Pico/Pico/pico-sdk/lib/mbedtls/library/md.c:394:5:mbedtls_md_init_ctx	8	static
C:/Raspberrypi_Pico/Pico/pico-sdk/lib/mbedtls/library/md.c:477:5:mbedtls_md_starts	8	static
C:/Raspberrypi_Pico/Pico/pico-sdk/lib/mbedtls/library/md.c:523:5:mbedtls_md_update	8	static
C:/Raspberrypi_Pico/Pico/pico-sdk/lib/mbedtls/library/md.c:567:5:mbedtls_md_finish	8	static
C:/Raspberrypi_Pico/Pico/pico-sdk/lib/mbedtls/library/md.c:611:5:mbedtls_md	8	static
C:/Raspberrypi_Pico/Pico/pico-sdk/lib/mbedtls/library/md.c:699:5:mbedtls_md_hmac_starts	64	static
C:/Raspberrypi_Pico/Pico/pico-sdk/lib/mbedtls/library/md.c:746:5:mbedtls_md_hmac_update	8	static
C:/Raspberrypi_Pico/Pico/pico-sdk/lib/mbedtls/library/md.c:754:5:mbedtls_md_hmac_finish	48	static
C:/Raspberrypi_Pico/Pico/pico-sdk/lib/mbedtls/library/md.c:778:5:mbedtls_md_hmac_reset	16	static
C:/Raspberrypi_Pico/Pico/pico-sdk/lib/mbedtls/library/md.c:793:5:mbedtls_md_hmac	40	static
C:/Raspberrypi_Pico/Pico/pico-sdk/lib/mbedtls/library/md.c:822:5:mbedtls_md_process	8	static
C:/Raspberrypi_Pico/Pico/pico-sdk/lib/mbedtls/library/md.c:866:15:mbedtls_md_get_size	0	static
C:/Raspberrypi_Pico/Pico/pico-sdk/lib/mbedtls/library/md.c:874:19:mbedtls_md_get_type	0	static
C:/Raspberrypi_Pico/Pico/pico-sdk/lib/mbedtls/library/md.c:882:13:mbedtls_md_get_name	0	static
