C:/Raspberrypi_Pico/GP2040-CE-0.7.11_8BitDo5/8BitDoArcadeStickUSBConverter2/src/display/GPGFX_UI.cpp:24:1:void __static_initialization_and_destruction_0(int, int)	112	static
C:/Raspberrypi_Pico/GP2040-CE-0.7.11_8BitDo5/8BitDoArcadeStickUSBConverter2/src/display/GPGFX_UI.cpp:7:1:GPGFX_UI::GPGFX_UI()	0	static
C:/Raspberrypi_Pico/GP2040-CE-0.7.11_8BitDo5/8BitDoArcadeStickUSBConverter2/src/display/GPGFX_UI.cpp:10:10:Gamepad* GPGFX_UI::getGamepad()	8	static
C:/Raspberrypi_Pico/GP2040-CE-0.7.11_8BitDo5/8BitDoArcadeStickUSBConverter2/src/display/GPGFX_UI.cpp:14:10:Gamepad* GPGFX_UI::getProcessedGamepad()	8	static
C:/Raspberrypi_Pico/GP2040-CE-0.7.11_8BitDo5/8BitDoArcadeStickUSBConverter2/src/display/GPGFX_UI.cpp:18:16:DisplayOptions GPGFX_UI::getDisplayOptions()	8	static
C:/Raspberrypi_Pico/GP2040-CE-0.7.11_8BitDo5/8BitDoArcadeStickUSBConverter2/src/display/GPGFX_UI.cpp:22:10:uint16_t GPGFX_UI::map(uint16_t, uint16_t, uint16_t, uint16_t, uint16_t)	8	static
C:/Raspberrypi_Pico/GP2040-CE-0.7.11_8BitDo5/8BitDoArcadeStickUSBConverter2/src/display/GPGFX_UI.cpp:24:1:cpp)	8	static
C:/Raspberrypi_Pico/GP2040-CE-0.7.11_8BitDo5/8BitDoArcadeStickUSBConverter2/src/display/GPGFX_UI.cpp:24:1:cpp)	8	static
