C:/Raspberrypi_Pico/Pico/pico-sdk/lib/lwip/src/core/memp.c:137:1:memp_overflow_init_element	8	static
C:/Raspberrypi_Pico/Pico/pico-sdk/lib/lwip/src/core/memp.c:247:1:do_memp_malloc_pool_fn	24	static
C:/Raspberrypi_Pico/Pico/pico-sdk/lib/lwip/src/core/memp.c:359:1:do_memp_free_pool	16	static
C:/Raspberrypi_Pico/Pico/pico-sdk/lib/lwip/src/core/memp.c:128:1:memp_overflow_check_element	8	static
C:/Raspberrypi_Pico/Pico/pico-sdk/lib/lwip/src/core/memp.c:149:1:memp_overflow_check_all	24	static
C:/Raspberrypi_Pico/Pico/pico-sdk/lib/lwip/src/core/memp.c:175:1:memp_init_pool	16	static
C:/Raspberrypi_Pico/Pico/pico-sdk/lib/lwip/src/core/memp.c:224:1:memp_init	16	static
C:/Raspberrypi_Pico/Pico/pico-sdk/lib/lwip/src/core/memp.c:313:1:memp_malloc_pool_fn	8	static
C:/Raspberrypi_Pico/Pico/pico-sdk/lib/lwip/src/core/memp.c:339:1:memp_malloc_fn	16	static
C:/Raspberrypi_Pico/Pico/pico-sdk/lib/lwip/src/core/memp.c:403:1:memp_free_pool	8	static
C:/Raspberrypi_Pico/Pico/pico-sdk/lib/lwip/src/core/memp.c:420:1:memp_free	16	static
