C:/Raspberrypi_Pico/GP2040-CE-0.7.11_8BitDo5/8BitDoArcadeStickUSBConverter2/headers/gpaddon.h:28:27:virtual USBListener* GPAddon::getListener()	0	static
C:/Raspberrypi_Pico/GP2040-CE-0.7.11_8BitDo5/8BitDoArcadeStickUSBConverter2/headers/addons/buzzerspeaker.h:134:18:virtual void BuzzerSpeakerAddon::preprocess()	0	static
C:/Raspberrypi_Pico/GP2040-CE-0.7.11_8BitDo5/8BitDoArcadeStickUSBConverter2/headers/addons/buzzerspeaker.h:136:18:virtual void BuzzerSpeakerAddon::postprocess(bool)	0	static
C:/Raspberrypi_Pico/GP2040-CE-0.7.11_8BitDo5/8BitDoArcadeStickUSBConverter2/headers/addons/buzzerspeaker.h:137:18:virtual void BuzzerSpeakerAddon::reinit()	0	static
C:/Raspberrypi_Pico/GP2040-CE-0.7.11_8BitDo5/8BitDoArcadeStickUSBConverter2/headers/addons/buzzerspeaker.h:129:7:BuzzerSpeakerAddon::~BuzzerSpeakerAddon()	0	static
C:/Raspberrypi_Pico/GP2040-CE-0.7.11_8BitDo5/8BitDoArcadeStickUSBConverter2/src/addons/buzzerspeaker.cpp:16:6:virtual void BuzzerSpeakerAddon::setup()	16	static
C:/Raspberrypi_Pico/GP2040-CE-0.7.11_8BitDo5/8BitDoArcadeStickUSBConverter2/headers/addons/buzzerspeaker.h:129:7:virtual BuzzerSpeakerAddon::~BuzzerSpeakerAddon()	8	static
C:/Raspberrypi_Pico/GP2040-CE-0.7.11_8BitDo5/8BitDoArcadeStickUSBConverter2/src/addons/buzzerspeaker.cpp:11:6:virtual bool BuzzerSpeakerAddon::available()	8	static
C:/Raspberrypi_Pico/GP2040-CE-0.7.11_8BitDo5/8BitDoArcadeStickUSBConverter2/src/addons/buzzerspeaker.cpp:83:6:void BuzzerSpeakerAddon::play(Song*)	16	static
C:/Raspberrypi_Pico/GP2040-CE-0.7.11_8BitDo5/8BitDoArcadeStickUSBConverter2/src/addons/buzzerspeaker.cpp:44:6:void BuzzerSpeakerAddon::playIntro()	16	static
C:/Raspberrypi_Pico/GP2040-CE-0.7.11_8BitDo5/8BitDoArcadeStickUSBConverter2/src/addons/buzzerspeaker.cpp:88:6:void BuzzerSpeakerAddon::stop()	0	static
C:/Raspberrypi_Pico/GP2040-CE-0.7.11_8BitDo5/8BitDoArcadeStickUSBConverter2/src/addons/buzzerspeaker.cpp:93:10:uint32_t BuzzerSpeakerAddon::pwmSetFreqDuty(uint, uint, uint32_t, float)	24	static
C:/Raspberrypi_Pico/GP2040-CE-0.7.11_8BitDo5/8BitDoArcadeStickUSBConverter2/src/addons/buzzerspeaker.cpp:59:6:void BuzzerSpeakerAddon::processBuzzer()	32	static
C:/Raspberrypi_Pico/GP2040-CE-0.7.11_8BitDo5/8BitDoArcadeStickUSBConverter2/src/addons/buzzerspeaker.cpp:36:6:virtual void BuzzerSpeakerAddon::process()	8	static
c:\progra~2\gnuarm~1\102021~1.10\arm-none-eabi\include\c++\10.3.1\bits\stl_vector.h:333:7:std::_Vector_base<_Tp, _Alloc>::~_Vector_base() [with _Tp = Tone; _Alloc = std::allocator<Tone>]	8	static
c:\progra~2\gnuarm~1\102021~1.10\arm-none-eabi\include\c++\10.3.1\bits\stl_vector.h:625:7:std::vector<_Tp, _Alloc>::vector(std::initializer_list<_Tp>, const allocator_type&) [with _Tp = Tone; _Alloc = std::allocator<Tone>]	32	static
c:\progra~2\gnuarm~1\102021~1.10\arm-none-eabi\include\c++\10.3.1\bits\basic_string.tcc:206:7:void std::__cxx11::basic_string<_CharT, _Traits, _Alloc>::_M_construct(_InIterator, _InIterator, std::forward_iterator_tag) [with _FwdIterator = const char*; _CharT = char; _Traits = std::char_traits<char>; _Alloc = std::allocator<char>]	24	static
C:/Raspberrypi_Pico/GP2040-CE-0.7.11_8BitDo5/8BitDoArcadeStickUSBConverter2/headers/addons/buzzerspeaker.h:138:25:virtual std::string BuzzerSpeakerAddon::name()	8	static
c:\progra~2\gnuarm~1\102021~1.10\arm-none-eabi\include\c++\10.3.1\bits\stl_iterator.h:1225:5:_Iterator std::__niter_base(__gnu_cxx::__normal_iterator<_Iterator, _Container>) [with _Iterator = const Tone*; _Container = std::vector<Tone>]	0	static
c:\progra~2\gnuarm~1\102021~1.10\arm-none-eabi\include\c++\10.3.1\bits\stl_iterator.h:1225:5:_Iterator std::__niter_base(__gnu_cxx::__normal_iterator<_Iterator, _Container>) [with _Iterator = Tone*; _Container = std::vector<Tone>]	0	static
c:\progra~2\gnuarm~1\102021~1.10\arm-none-eabi\include\c++\10.3.1\bits\vector.tcc:198:5:std::vector<_Tp, _Alloc>& std::vector<_Tp, _Alloc>::operator=(const std::vector<_Tp, _Alloc>&) [with _Tp = Tone; _Alloc = std::allocator<Tone>]	32	static
C:/Raspberrypi_Pico/GP2040-CE-0.7.11_8BitDo5/8BitDoArcadeStickUSBConverter2/src/addons/buzzerspeaker.cpp:105:1:void __static_initialization_and_destruction_0(int, int)	168	static
C:/Raspberrypi_Pico/GP2040-CE-0.7.11_8BitDo5/8BitDoArcadeStickUSBConverter2/src/addons/buzzerspeaker.cpp:105:1:cpp)	8	static
C:/Raspberrypi_Pico/GP2040-CE-0.7.11_8BitDo5/8BitDoArcadeStickUSBConverter2/src/addons/buzzerspeaker.cpp:105:1:cpp)	8	static
