C:/Raspberrypi_Pico/GP2040-CE-0.7.11_8BitDo5/8BitDoArcadeStickUSBConverter2/headers/gpaddon.h:28:27:virtual USBListener* GPAddon::getListener()	0	static
C:/Raspberrypi_Pico/GP2040-CE-0.7.11_8BitDo5/8BitDoArcadeStickUSBConverter2/headers/addons/drv8833_rumble.h:52:18:virtual void DRV8833RumbleAddon::preprocess()	0	static
C:/Raspberrypi_Pico/GP2040-CE-0.7.11_8BitDo5/8BitDoArcadeStickUSBConverter2/headers/addons/drv8833_rumble.h:54:18:virtual void DRV8833RumbleAddon::postprocess(bool)	0	static
C:/Raspberrypi_Pico/GP2040-CE-0.7.11_8BitDo5/8BitDoArcadeStickUSBConverter2/headers/addons/drv8833_rumble.h:55:18:virtual void DRV8833RumbleAddon::reinit()	0	static
C:/Raspberrypi_Pico/GP2040-CE-0.7.11_8BitDo5/8BitDoArcadeStickUSBConverter2/headers/addons/drv8833_rumble.h:47:7:DRV8833RumbleAddon::~DRV8833RumbleAddon()	0	static
C:/Raspberrypi_Pico/GP2040-CE-0.7.11_8BitDo5/8BitDoArcadeStickUSBConverter2/headers/peripheralmanager.h:22:28:void __tcf_1()	8	static
C:/Raspberrypi_Pico/GP2040-CE-0.7.11_8BitDo5/8BitDoArcadeStickUSBConverter2/headers/addons/drv8833_rumble.h:47:7:virtual DRV8833RumbleAddon::~DRV8833RumbleAddon()	8	static
C:/Raspberrypi_Pico/GP2040-CE-0.7.11_8BitDo5/8BitDoArcadeStickUSBConverter2/src/addons/drv8833_rumble.cpp:123:1:void __static_initialization_and_destruction_0(int, int)	112	static
C:/Raspberrypi_Pico/GP2040-CE-0.7.11_8BitDo5/8BitDoArcadeStickUSBConverter2/src/addons/drv8833_rumble.cpp:13:6:virtual bool DRV8833RumbleAddon::available()	8	static
C:/Raspberrypi_Pico/GP2040-CE-0.7.11_8BitDo5/8BitDoArcadeStickUSBConverter2/src/addons/drv8833_rumble.cpp:63:6:bool DRV8833RumbleAddon::compareRumbleState(Gamepad*)	0	static
C:/Raspberrypi_Pico/GP2040-CE-0.7.11_8BitDo5/8BitDoArcadeStickUSBConverter2/src/addons/drv8833_rumble.cpp:74:6:void DRV8833RumbleAddon::setRumbleState(Gamepad*)	0	static
C:/Raspberrypi_Pico/GP2040-CE-0.7.11_8BitDo5/8BitDoArcadeStickUSBConverter2/src/addons/drv8833_rumble.cpp:112:10:uint32_t DRV8833RumbleAddon::pwmSetFreqDuty(uint, uint, uint32_t, float)	24	static
C:/Raspberrypi_Pico/GP2040-CE-0.7.11_8BitDo5/8BitDoArcadeStickUSBConverter2/src/addons/drv8833_rumble.cpp:18:6:virtual void DRV8833RumbleAddon::setup()	24	static
C:/Raspberrypi_Pico/GP2040-CE-0.7.11_8BitDo5/8BitDoArcadeStickUSBConverter2/src/addons/drv8833_rumble.cpp:81:6:void DRV8833RumbleAddon::disableMotors()	24	static
C:/Raspberrypi_Pico/GP2040-CE-0.7.11_8BitDo5/8BitDoArcadeStickUSBConverter2/src/addons/drv8833_rumble.cpp:90:6:void DRV8833RumbleAddon::enableMotors(Gamepad*)	40	static
C:/Raspberrypi_Pico/GP2040-CE-0.7.11_8BitDo5/8BitDoArcadeStickUSBConverter2/src/addons/drv8833_rumble.cpp:99:6:virtual void DRV8833RumbleAddon::process()	16	static
c:\progra~2\gnuarm~1\102021~1.10\arm-none-eabi\include\c++\10.3.1\bits\basic_string.tcc:206:7:void std::__cxx11::basic_string<_CharT, _Traits, _Alloc>::_M_construct(_InIterator, _InIterator, std::forward_iterator_tag) [with _FwdIterator = const char*; _CharT = char; _Traits = std::char_traits<char>; _Alloc = std::allocator<char>]	24	static
C:/Raspberrypi_Pico/GP2040-CE-0.7.11_8BitDo5/8BitDoArcadeStickUSBConverter2/headers/addons/drv8833_rumble.h:56:25:virtual std::string DRV8833RumbleAddon::name()	8	static
C:/Raspberrypi_Pico/GP2040-CE-0.7.11_8BitDo5/8BitDoArcadeStickUSBConverter2/src/addons/drv8833_rumble.cpp:123:1:cpp)	8	static
C:/Raspberrypi_Pico/GP2040-CE-0.7.11_8BitDo5/8BitDoArcadeStickUSBConverter2/src/addons/drv8833_rumble.cpp:123:1:cpp)	8	static
