C:/Raspberrypi_Pico/GP2040-CE-0.7.11_8BitDo5/8BitDoArcadeStickUSBConverter2/headers/gpaddon.h:28:27:virtual USBListener* GPAddon::getListener()	0	static
C:/Raspberrypi_Pico/GP2040-CE-0.7.11_8BitDo5/8BitDoArcadeStickUSBConverter2/headers/addons/i2c_gpio_pcf8575.h:143:18:virtual void PCF8575Addon::preprocess()	0	static
C:/Raspberrypi_Pico/GP2040-CE-0.7.11_8BitDo5/8BitDoArcadeStickUSBConverter2/headers/addons/i2c_gpio_pcf8575.h:145:18:virtual void PCF8575Addon::postprocess(bool)	0	static
C:/Raspberrypi_Pico/GP2040-CE-0.7.11_8BitDo5/8BitDoArcadeStickUSBConverter2/headers/addons/i2c_gpio_pcf8575.h:146:18:virtual void PCF8575Addon::reinit()	0	static
C:/Raspberrypi_Pico/GP2040-CE-0.7.11_8BitDo5/8BitDoArcadeStickUSBConverter2/headers/interfaces/i2c/pcf8575/pcf8575.h:23:30:virtual std::vector<unsigned char> PCF8575::getDeviceAddresses() const	40	static
C:/Raspberrypi_Pico/GP2040-CE-0.7.11_8BitDo5/8BitDoArcadeStickUSBConverter2/headers/peripheralmanager.h:22:28:void __tcf_0()	8	static
C:/Raspberrypi_Pico/GP2040-CE-0.7.11_8BitDo5/8BitDoArcadeStickUSBConverter2/src/addons/i2c_gpio_pcf8575.cpp:44:6:virtual void PCF8575Addon::process()	16	static
C:/Raspberrypi_Pico/GP2040-CE-0.7.11_8BitDo5/8BitDoArcadeStickUSBConverter2/src/addons/i2c_gpio_pcf8575.cpp:6:6:virtual bool PCF8575Addon::available()	32	static
c:\progra~2\gnuarm~1\102021~1.10\arm-none-eabi\include\c++\10.3.1\bits\stl_vector.h:333:7:std::_Vector_base<_Tp, _Alloc>::~_Vector_base() [with _Tp = unsigned char; _Alloc = std::allocator<unsigned char>]	8	static
C:/Raspberrypi_Pico/GP2040-CE-0.7.11_8BitDo5/8BitDoArcadeStickUSBConverter2/src/addons/i2c_gpio_pcf8575.cpp:119:1:void __static_initialization_and_destruction_0(int, int)	112	static
c:\progra~2\gnuarm~1\102021~1.10\arm-none-eabi\include\c++\10.3.1\bits\basic_string.tcc:206:7:void std::__cxx11::basic_string<_CharT, _Traits, _Alloc>::_M_construct(_InIterator, _InIterator, std::forward_iterator_tag) [with _FwdIterator = const char*; _CharT = char; _Traits = std::char_traits<char>; _Alloc = std::allocator<char>]	24	static
C:/Raspberrypi_Pico/GP2040-CE-0.7.11_8BitDo5/8BitDoArcadeStickUSBConverter2/headers/addons/i2c_gpio_pcf8575.h:147:25:virtual std::string PCF8575Addon::name()	8	static
c:\progra~2\gnuarm~1\102021~1.10\arm-none-eabi\include\c++\10.3.1\bits\stl_tree.h:2093:5:std::pair<std::_Rb_tree_node_base*, std::_Rb_tree_node_base*> std::_Rb_tree<_Key, _Val, _KeyOfValue, _Compare, _Alloc>::_M_get_insert_unique_pos(const key_type&) [with _Key = unsigned char; _Val = std::pair<const unsigned char, _GpioMappingInfo>; _KeyOfValue = std::_Select1st<std::pair<const unsigned char, _GpioMappingInfo> >; _Compare = std::less<unsigned char>; _Alloc = std::allocator<std::pair<const unsigned char, _GpioMappingInfo> >]	24	static
c:\progra~2\gnuarm~1\102021~1.10\arm-none-eabi\include\c++\10.3.1\bits\stl_tree.h:1805:7:std::_Rb_tree<_Key, _Val, _KeyOfValue, _Compare, _Alloc>::iterator std::_Rb_tree<_Key, _Val, _KeyOfValue, _Compare, _Alloc>::_M_insert_(std::_Rb_tree<_Key, _Val, _KeyOfValue, _Compare, _Alloc>::_Base_ptr, std::_Rb_tree<_Key, _Val, _KeyOfValue, _Compare, _Alloc>::_Base_ptr, _Arg&&, _NodeGen&) [with _Arg = std::pair<const unsigned char, _GpioMappingInfo>; _NodeGen = std::_Rb_tree<unsigned char, std::pair<const unsigned char, _GpioMappingInfo>, std::_Select1st<std::pair<const unsigned char, _GpioMappingInfo> >, std::less<unsigned char>, std::allocator<std::pair<const unsigned char, _GpioMappingInfo> > >::_Alloc_node; _Key = unsigned char; _Val = std::pair<const unsigned char, _GpioMappingInfo>; _KeyOfValue = std::_Select1st<std::pair<const unsigned char, _GpioMappingInfo> >; _Compare = std::less<unsigned char>; _Alloc = std::allocator<std::pair<const unsigned char, _GpioMappingInfo> >]	32	static
c:\progra~2\gnuarm~1\102021~1.10\arm-none-eabi\include\c++\10.3.1\bits\stl_tree.h:2147:5:std::pair<std::_Rb_tree_iterator<_Val>, bool> std::_Rb_tree<_Key, _Val, _KeyOfValue, _Compare, _Alloc>::_M_insert_unique(_Arg&&) [with _Arg = std::pair<const unsigned char, _GpioMappingInfo>; _Key = unsigned char; _Val = std::pair<const unsigned char, _GpioMappingInfo>; _KeyOfValue = std::_Select1st<std::pair<const unsigned char, _GpioMappingInfo> >; _Compare = std::less<unsigned char>; _Alloc = std::allocator<std::pair<const unsigned char, _GpioMappingInfo> >]	40	static
C:/Raspberrypi_Pico/GP2040-CE-0.7.11_8BitDo5/8BitDoArcadeStickUSBConverter2/src/addons/i2c_gpio_pcf8575.cpp:23:6:virtual void PCF8575Addon::setup()	80	static
c:\progra~2\gnuarm~1\102021~1.10\arm-none-eabi\include\c++\10.3.1\bits\stl_tree.h:1915:5:void std::_Rb_tree<_Key, _Val, _KeyOfValue, _Compare, _Alloc>::_M_erase(std::_Rb_tree<_Key, _Val, _KeyOfValue, _Compare, _Alloc>::_Link_type) [with _Key = unsigned char; _Val = std::pair<const unsigned char, _GpioMappingInfo>; _KeyOfValue = std::_Select1st<std::pair<const unsigned char, _GpioMappingInfo> >; _Compare = std::less<unsigned char>; _Alloc = std::allocator<std::pair<const unsigned char, _GpioMappingInfo> >]	16	static
C:/Raspberrypi_Pico/GP2040-CE-0.7.11_8BitDo5/8BitDoArcadeStickUSBConverter2/headers/addons/i2c_gpio_pcf8575.h:139:7:PCF8575Addon::~PCF8575Addon()	8	static
C:/Raspberrypi_Pico/GP2040-CE-0.7.11_8BitDo5/8BitDoArcadeStickUSBConverter2/headers/addons/i2c_gpio_pcf8575.h:139:7:virtual PCF8575Addon::~PCF8575Addon()	8	static
C:/Raspberrypi_Pico/GP2040-CE-0.7.11_8BitDo5/8BitDoArcadeStickUSBConverter2/src/addons/i2c_gpio_pcf8575.cpp:119:1:cpp)	8	static
C:/Raspberrypi_Pico/GP2040-CE-0.7.11_8BitDo5/8BitDoArcadeStickUSBConverter2/src/addons/i2c_gpio_pcf8575.cpp:119:1:cpp)	8	static
