C:/Raspberrypi_Pico/GP2040-CE-0.7.11_8BitDo5/8BitDoArcadeStickUSBConverter2/headers/gpaddon.h:28:27:virtual USBListener* GPAddon::getListener()	0	static
C:/Raspberrypi_Pico/GP2040-CE-0.7.11_8BitDo5/8BitDoArcadeStickUSBConverter2/headers/addons/rotaryencoder.h:88:18:virtual void RotaryEncoderInput::preprocess()	0	static
C:/Raspberrypi_Pico/GP2040-CE-0.7.11_8BitDo5/8BitDoArcadeStickUSBConverter2/headers/addons/rotaryencoder.h:90:18:virtual void RotaryEncoderInput::postprocess(bool)	0	static
C:/Raspberrypi_Pico/GP2040-CE-0.7.11_8BitDo5/8BitDoArcadeStickUSBConverter2/headers/addons/rotaryencoder.h:91:18:virtual void RotaryEncoderInput::reinit()	0	static
C:/Raspberrypi_Pico/GP2040-CE-0.7.11_8BitDo5/8BitDoArcadeStickUSBConverter2/headers/events/GPEvent.h:9:17:GPEvent::~GPEvent()	0	static
C:/Raspberrypi_Pico/GP2040-CE-0.7.11_8BitDo5/8BitDoArcadeStickUSBConverter2/headers/events/GPEvent.h:11:29:virtual GPEventType GPEvent::eventType()	0	static
C:/Raspberrypi_Pico/GP2040-CE-0.7.11_8BitDo5/8BitDoArcadeStickUSBConverter2/headers/events/GPEncoderEvent.h:11:17:GPEncoderChangeEvent::~GPEncoderChangeEvent()	0	static
C:/Raspberrypi_Pico/GP2040-CE-0.7.11_8BitDo5/8BitDoArcadeStickUSBConverter2/headers/events/GPEncoderEvent.h:16:21:virtual GPEventType GPEncoderChangeEvent::eventType()	0	static
C:/Raspberrypi_Pico/GP2040-CE-0.7.11_8BitDo5/8BitDoArcadeStickUSBConverter2/headers/addons/rotaryencoder.h:84:7:RotaryEncoderInput::~RotaryEncoderInput()	0	static
C:/Raspberrypi_Pico/GP2040-CE-0.7.11_8BitDo5/8BitDoArcadeStickUSBConverter2/headers/events/GPEncoderEvent.h:11:17:virtual GPEncoderChangeEvent::~GPEncoderChangeEvent()	8	static
C:/Raspberrypi_Pico/GP2040-CE-0.7.11_8BitDo5/8BitDoArcadeStickUSBConverter2/headers/events/GPEvent.h:9:17:virtual GPEvent::~GPEvent()	8	static
C:/Raspberrypi_Pico/GP2040-CE-0.7.11_8BitDo5/8BitDoArcadeStickUSBConverter2/headers/addons/rotaryencoder.h:84:7:virtual RotaryEncoderInput::~RotaryEncoderInput()	8	static
C:/Raspberrypi_Pico/GP2040-CE-0.7.11_8BitDo5/8BitDoArcadeStickUSBConverter2/headers/eventmanager.h:35:33:void __tcf_0()	24	static
C:/Raspberrypi_Pico/GP2040-CE-0.7.11_8BitDo5/8BitDoArcadeStickUSBConverter2/src/addons/rotaryencoder.cpp:231:1:void __static_initialization_and_destruction_0(int, int)	112	static
C:/Raspberrypi_Pico/GP2040-CE-0.7.11_8BitDo5/8BitDoArcadeStickUSBConverter2/src/addons/rotaryencoder.cpp:12:6:virtual bool RotaryEncoderInput::available()	8	static
C:/Raspberrypi_Pico/GP2040-CE-0.7.11_8BitDo5/8BitDoArcadeStickUSBConverter2/src/addons/rotaryencoder.cpp:17:6:virtual void RotaryEncoderInput::setup()	40	static
C:/Raspberrypi_Pico/GP2040-CE-0.7.11_8BitDo5/8BitDoArcadeStickUSBConverter2/src/addons/rotaryencoder.cpp:195:8:int8_t RotaryEncoderInput::mapEncoderValueDPad(int8_t, int32_t, uint16_t)	24	static
C:/Raspberrypi_Pico/GP2040-CE-0.7.11_8BitDo5/8BitDoArcadeStickUSBConverter2/src/addons/rotaryencoder.cpp:216:9:int32_t RotaryEncoderInput::map(int32_t, int32_t, int32_t, int32_t, int32_t)	8	static
C:/Raspberrypi_Pico/GP2040-CE-0.7.11_8BitDo5/8BitDoArcadeStickUSBConverter2/src/addons/rotaryencoder.cpp:156:10:uint16_t RotaryEncoderInput::mapEncoderValueStick(int8_t, int32_t, uint16_t)	48	static
C:/Raspberrypi_Pico/GP2040-CE-0.7.11_8BitDo5/8BitDoArcadeStickUSBConverter2/src/addons/rotaryencoder.cpp:220:9:int32_t RotaryEncoderInput::bounds(int32_t, int32_t, int32_t)	0	static
C:/Raspberrypi_Pico/GP2040-CE-0.7.11_8BitDo5/8BitDoArcadeStickUSBConverter2/src/addons/rotaryencoder.cpp:177:10:uint16_t RotaryEncoderInput::mapEncoderValueTrigger(int8_t, int32_t, uint16_t)	48	static
C:/Raspberrypi_Pico/GP2040-CE-0.7.11_8BitDo5/8BitDoArcadeStickUSBConverter2/src/addons/rotaryencoder.cpp:68:6:virtual void RotaryEncoderInput::process()	56	static
C:/Raspberrypi_Pico/GP2040-CE-0.7.11_8BitDo5/8BitDoArcadeStickUSBConverter2/src/addons/rotaryencoder.cpp:224:8:int8_t RotaryEncoderInput::getEncoderIndexByPin(uint8_t)	12	static
c:\progra~2\gnuarm~1\102021~1.10\arm-none-eabi\include\c++\10.3.1\bits\basic_string.tcc:206:7:void std::__cxx11::basic_string<_CharT, _Traits, _Alloc>::_M_construct(_InIterator, _InIterator, std::forward_iterator_tag) [with _FwdIterator = const char*; _CharT = char; _Traits = std::char_traits<char>; _Alloc = std::allocator<char>]	24	static
C:/Raspberrypi_Pico/GP2040-CE-0.7.11_8BitDo5/8BitDoArcadeStickUSBConverter2/headers/addons/rotaryencoder.h:92:25:virtual std::string RotaryEncoderInput::name()	8	static
C:/Raspberrypi_Pico/GP2040-CE-0.7.11_8BitDo5/8BitDoArcadeStickUSBConverter2/src/addons/rotaryencoder.cpp:231:1:cpp)	8	static
C:/Raspberrypi_Pico/GP2040-CE-0.7.11_8BitDo5/8BitDoArcadeStickUSBConverter2/src/addons/rotaryencoder.cpp:231:1:cpp)	8	static
