C:/Raspberrypi_Pico/GP2040-CE-0.7.11_8BitDo5/8BitDoArcadeStickUSBConverter2/headers/drivers/astro/AstroDriver.h:16:18:virtual void AstroDriver::initializeAux()	0	static
C:/Raspberrypi_Pico/GP2040-CE-0.7.11_8BitDo5/8BitDoArcadeStickUSBConverter2/headers/drivers/astro/AstroDriver.h:17:18:virtual void AstroDriver::processAux()	0	static
C:/Raspberrypi_Pico/GP2040-CE-0.7.11_8BitDo5/8BitDoArcadeStickUSBConverter2/headers/drivers/astro/AstroDriver.h:27:27:virtual USBListener* AstroDriver::get_usb_auth_listener()	0	static
C:/Raspberrypi_Pico/GP2040-CE-0.7.11_8BitDo5/8BitDoArcadeStickUSBConverter2/src/drivers/astro/AstroDriver.cpp:4:6:virtual void AstroDriver::initialize()	8	static
C:/Raspberrypi_Pico/GP2040-CE-0.7.11_8BitDo5/8BitDoArcadeStickUSBConverter2/src/drivers/astro/AstroDriver.cpp:81:6:virtual void AstroDriver::set_report(uint8_t, hid_report_type_t, const uint8_t*, uint16_t)	0	static
C:/Raspberrypi_Pico/GP2040-CE-0.7.11_8BitDo5/8BitDoArcadeStickUSBConverter2/src/drivers/astro/AstroDriver.cpp:84:6:virtual bool AstroDriver::vendor_control_xfer_cb(uint8_t, uint8_t, const tusb_control_request_t*)	0	static
C:/Raspberrypi_Pico/GP2040-CE-0.7.11_8BitDo5/8BitDoArcadeStickUSBConverter2/src/drivers/astro/AstroDriver.cpp:93:17:virtual const uint8_t* AstroDriver::get_descriptor_device_cb()	0	static
C:/Raspberrypi_Pico/GP2040-CE-0.7.11_8BitDo5/8BitDoArcadeStickUSBConverter2/src/drivers/astro/AstroDriver.cpp:97:17:virtual const uint8_t* AstroDriver::get_hid_descriptor_report_cb(uint8_t)	0	static
C:/Raspberrypi_Pico/GP2040-CE-0.7.11_8BitDo5/8BitDoArcadeStickUSBConverter2/src/drivers/astro/AstroDriver.cpp:101:17:virtual const uint8_t* AstroDriver::get_descriptor_configuration_cb(uint8_t)	0	static
C:/Raspberrypi_Pico/GP2040-CE-0.7.11_8BitDo5/8BitDoArcadeStickUSBConverter2/src/drivers/astro/AstroDriver.cpp:105:17:virtual const uint8_t* AstroDriver::get_descriptor_device_qualifier_cb()	0	static
C:/Raspberrypi_Pico/GP2040-CE-0.7.11_8BitDo5/8BitDoArcadeStickUSBConverter2/src/drivers/astro/AstroDriver.cpp:109:10:virtual uint16_t AstroDriver::GetJoystickMidValue()	0	static
C:/Raspberrypi_Pico/GP2040-CE-0.7.11_8BitDo5/8BitDoArcadeStickUSBConverter2/src/drivers/astro/AstroDriver.cpp:75:10:virtual uint16_t AstroDriver::get_report(uint8_t, hid_report_type_t, uint8_t*, uint16_t)	8	static
C:/Raspberrypi_Pico/GP2040-CE-0.7.11_8BitDo5/8BitDoArcadeStickUSBConverter2/src/drivers/astro/AstroDriver.cpp:28:6:virtual bool AstroDriver::process(Gamepad*)	16	static
C:/Raspberrypi_Pico/GP2040-CE-0.7.11_8BitDo5/8BitDoArcadeStickUSBConverter2/headers/drivers/shared/driverhelper.h:4:19:uint16_t* getStringDescriptor(const char*, uint8_t)	16	static
C:/Raspberrypi_Pico/GP2040-CE-0.7.11_8BitDo5/8BitDoArcadeStickUSBConverter2/src/drivers/astro/AstroDriver.cpp:88:18:virtual const uint16_t* AstroDriver::get_descriptor_string_cb(uint8_t, uint16_t)	8	static
