C:/Raspberrypi_Pico/GP2040-CE-0.7.11_8BitDo5/8BitDoArcadeStickUSBConverter2/headers/animationstation/effects/rainbow.h:14:3:virtual Rainbow::~Rainbow()	24	static
C:/Raspberrypi_Pico/GP2040-CE-0.7.11_8BitDo5/8BitDoArcadeStickUSBConverter2/headers/animationstation/effects/rainbow.h:14:3:Rainbow::~Rainbow()	24	static
C:/Raspberrypi_Pico/GP2040-CE-0.7.11_8BitDo5/8BitDoArcadeStickUSBConverter2/src/animationstation/effects/rainbow.cpp:65:6:virtual void Rainbow::ParameterDown()	8	static
C:/Raspberrypi_Pico/GP2040-CE-0.7.11_8BitDo5/8BitDoArcadeStickUSBConverter2/src/animationstation/effects/rainbow.cpp:56:6:virtual void Rainbow::ParameterUp()	8	static
C:/Raspberrypi_Pico/GP2040-CE-0.7.11_8BitDo5/8BitDoArcadeStickUSBConverter2/src/animationstation/effects/rainbow.cpp:4:1:Rainbow::Rainbow(PixelMatrix&)	8	static
c:\progra~2\gnuarm~1\102021~1.10\arm-none-eabi\include\c++\10.3.1\bits\stl_vector.h:333:7:std::_Vector_base<_Tp, _Alloc>::~_Vector_base() [with _Tp = unsigned char; _Alloc = std::allocator<unsigned char>]	8	static
C:/Raspberrypi_Pico/GP2040-CE-0.7.11_8BitDo5/8BitDoArcadeStickUSBConverter2/src/animationstation/effects/rainbow.cpp:72:1:void __static_initialization_and_destruction_0(int, int)	112	static
c:\progra~2\gnuarm~1\102021~1.10\arm-none-eabi\include\c++\10.3.1\bits\stl_tree.h:2362:5:std::_Rb_tree<_Key, _Val, _KeyOfValue, _Compare, _Alloc>::iterator std::_Rb_tree<_Key, _Val, _KeyOfValue, _Compare, _Alloc>::_M_insert_node(std::_Rb_tree<_Key, _Val, _KeyOfValue, _Compare, _Alloc>::_Base_ptr, std::_Rb_tree<_Key, _Val, _KeyOfValue, _Compare, _Alloc>::_Base_ptr, std::_Rb_tree<_Key, _Val, _KeyOfValue, _Compare, _Alloc>::_Link_type) [with _Key = long unsigned int; _Val = std::pair<const long unsigned int, RGB>; _KeyOfValue = std::_Select1st<std::pair<const long unsigned int, RGB> >; _Compare = std::less<long unsigned int>; _Alloc = std::allocator<std::pair<const long unsigned int, RGB> >]	16	static
c:\progra~2\gnuarm~1\102021~1.10\arm-none-eabi\include\c++\10.3.1\bits\stl_tree.h:2362:5:std::_Rb_tree<_Key, _Val, _KeyOfValue, _Compare, _Alloc>::iterator std::_Rb_tree<_Key, _Val, _KeyOfValue, _Compare, _Alloc>::_M_insert_node(std::_Rb_tree<_Key, _Val, _KeyOfValue, _Compare, _Alloc>::_Base_ptr, std::_Rb_tree<_Key, _Val, _KeyOfValue, _Compare, _Alloc>::_Base_ptr, std::_Rb_tree<_Key, _Val, _KeyOfValue, _Compare, _Alloc>::_Link_type) [with _Key = long unsigned int; _Val = std::pair<const long unsigned int, long int>; _KeyOfValue = std::_Select1st<std::pair<const long unsigned int, long int> >; _Compare = std::less<long unsigned int>; _Alloc = std::allocator<std::pair<const long unsigned int, long int> >]	16	static
c:\progra~2\gnuarm~1\102021~1.10\arm-none-eabi\include\c++\10.3.1\bits\stl_tree.h:1932:5:std::_Rb_tree<_Key, _Val, _KeyOfValue, _Compare, _Alloc>::iterator std::_Rb_tree<_Key, _Val, _KeyOfValue, _Compare, _Alloc>::_M_lower_bound(std::_Rb_tree<_Key, _Val, _KeyOfValue, _Compare, _Alloc>::_Link_type, std::_Rb_tree<_Key, _Val, _KeyOfValue, _Compare, _Alloc>::_Base_ptr, const _Key&) [with _Key = long unsigned int; _Val = std::pair<const long unsigned int, RGB>; _KeyOfValue = std::_Select1st<std::pair<const long unsigned int, RGB> >; _Compare = std::less<long unsigned int>; _Alloc = std::allocator<std::pair<const long unsigned int, RGB> >]	8	static
c:\progra~2\gnuarm~1\102021~1.10\arm-none-eabi\include\c++\10.3.1\bits\stl_tree.h:2093:5:std::pair<std::_Rb_tree_node_base*, std::_Rb_tree_node_base*> std::_Rb_tree<_Key, _Val, _KeyOfValue, _Compare, _Alloc>::_M_get_insert_unique_pos(const key_type&) [with _Key = long unsigned int; _Val = std::pair<const long unsigned int, RGB>; _KeyOfValue = std::_Select1st<std::pair<const long unsigned int, RGB> >; _Compare = std::less<long unsigned int>; _Alloc = std::allocator<std::pair<const long unsigned int, RGB> >]	24	static
c:\progra~2\gnuarm~1\102021~1.10\arm-none-eabi\include\c++\10.3.1\bits\stl_tree.h:2195:5:std::pair<std::_Rb_tree_node_base*, std::_Rb_tree_node_base*> std::_Rb_tree<_Key, _Val, _KeyOfValue, _Compare, _Alloc>::_M_get_insert_hint_unique_pos(std::_Rb_tree<_Key, _Val, _KeyOfValue, _Compare, _Alloc>::const_iterator, const key_type&) [with _Key = long unsigned int; _Val = std::pair<const long unsigned int, RGB>; _KeyOfValue = std::_Select1st<std::pair<const long unsigned int, RGB> >; _Compare = std::less<long unsigned int>; _Alloc = std::allocator<std::pair<const long unsigned int, RGB> >]	24	static
c:\progra~2\gnuarm~1\102021~1.10\arm-none-eabi\include\c++\10.3.1\bits\stl_tree.h:2460:7:) [with _Args = {const std::piecewise_construct_t&, std::tuple<long unsigned int&&>, std::tuple<>}; _Key = long unsigned int; _Val = std::pair<const long unsigned int, RGB>; _KeyOfValue = std::_Select1st<std::pair<const long unsigned int, RGB> >; _Compare = std::less<long unsigned int>; _Alloc = std::allocator<std::pair<const long unsigned int, RGB> >]	40	static
c:\progra~2\gnuarm~1\102021~1.10\arm-none-eabi\include\c++\10.3.1\bits\stl_tree.h:1932:5:std::_Rb_tree<_Key, _Val, _KeyOfValue, _Compare, _Alloc>::iterator std::_Rb_tree<_Key, _Val, _KeyOfValue, _Compare, _Alloc>::_M_lower_bound(std::_Rb_tree<_Key, _Val, _KeyOfValue, _Compare, _Alloc>::_Link_type, std::_Rb_tree<_Key, _Val, _KeyOfValue, _Compare, _Alloc>::_Base_ptr, const _Key&) [with _Key = long unsigned int; _Val = std::pair<const long unsigned int, long int>; _KeyOfValue = std::_Select1st<std::pair<const long unsigned int, long int> >; _Compare = std::less<long unsigned int>; _Alloc = std::allocator<std::pair<const long unsigned int, long int> >]	8	static
c:\progra~2\gnuarm~1\102021~1.10\arm-none-eabi\include\c++\10.3.1\bits\stl_tree.h:2093:5:std::pair<std::_Rb_tree_node_base*, std::_Rb_tree_node_base*> std::_Rb_tree<_Key, _Val, _KeyOfValue, _Compare, _Alloc>::_M_get_insert_unique_pos(const key_type&) [with _Key = long unsigned int; _Val = std::pair<const long unsigned int, long int>; _KeyOfValue = std::_Select1st<std::pair<const long unsigned int, long int> >; _Compare = std::less<long unsigned int>; _Alloc = std::allocator<std::pair<const long unsigned int, long int> >]	24	static
c:\progra~2\gnuarm~1\102021~1.10\arm-none-eabi\include\c++\10.3.1\bits\stl_tree.h:2195:5:std::pair<std::_Rb_tree_node_base*, std::_Rb_tree_node_base*> std::_Rb_tree<_Key, _Val, _KeyOfValue, _Compare, _Alloc>::_M_get_insert_hint_unique_pos(std::_Rb_tree<_Key, _Val, _KeyOfValue, _Compare, _Alloc>::const_iterator, const key_type&) [with _Key = long unsigned int; _Val = std::pair<const long unsigned int, long int>; _KeyOfValue = std::_Select1st<std::pair<const long unsigned int, long int> >; _Compare = std::less<long unsigned int>; _Alloc = std::allocator<std::pair<const long unsigned int, long int> >]	24	static
c:\progra~2\gnuarm~1\102021~1.10\arm-none-eabi\include\c++\10.3.1\bits\stl_tree.h:2460:7:) [with _Args = {const std::piecewise_construct_t&, std::tuple<long unsigned int&&>, std::tuple<>}; _Key = long unsigned int; _Val = std::pair<const long unsigned int, long int>; _KeyOfValue = std::_Select1st<std::pair<const long unsigned int, long int> >; _Compare = std::less<long unsigned int>; _Alloc = std::allocator<std::pair<const long unsigned int, long int> >]	40	static
C:/Raspberrypi_Pico/GP2040-CE-0.7.11_8BitDo5/8BitDoArcadeStickUSBConverter2/src/animationstation/effects/rainbow.cpp:7:6:virtual bool Rainbow::Animate(RGB (&)[100])	112	static
C:/Raspberrypi_Pico/GP2040-CE-0.7.11_8BitDo5/8BitDoArcadeStickUSBConverter2/src/animationstation/effects/rainbow.cpp:72:1:cpp)	8	static
C:/Raspberrypi_Pico/GP2040-CE-0.7.11_8BitDo5/8BitDoArcadeStickUSBConverter2/src/animationstation/effects/rainbow.cpp:72:1:cpp)	8	static
