C:/Raspberrypi_Pico/GP2040-CE-0.7.11_8BitDo5/8BitDoArcadeStickUSBConverter2/lib/tinyusb/src/device/usbd_control.c:93:13:_data_stage_xact	24	static
C:/Raspberrypi_Pico/GP2040-CE-0.7.11_8BitDo5/8BitDoArcadeStickUSBConverter2/lib/tinyusb/src/device/usbd_control.c:38:19:dcd_edpt0_status_complete	0	static
C:/Raspberrypi_Pico/GP2040-CE-0.7.11_8BitDo5/8BitDoArcadeStickUSBConverter2/lib/tinyusb/src/device/usbd_control.c:81:6:tud_control_status	16	static
C:/Raspberrypi_Pico/GP2040-CE-0.7.11_8BitDo5/8BitDoArcadeStickUSBConverter2/lib/tinyusb/src/device/usbd_control.c:111:6:tud_control_xfer	24	static
C:/Raspberrypi_Pico/GP2040-CE-0.7.11_8BitDo5/8BitDoArcadeStickUSBConverter2/lib/tinyusb/src/device/usbd_control.c:142:6:usbd_control_reset	8	static
C:/Raspberrypi_Pico/GP2040-CE-0.7.11_8BitDo5/8BitDoArcadeStickUSBConverter2/lib/tinyusb/src/device/usbd_control.c:147:6:usbd_control_set_complete_callback	0	static
C:/Raspberrypi_Pico/GP2040-CE-0.7.11_8BitDo5/8BitDoArcadeStickUSBConverter2/lib/tinyusb/src/device/usbd_control.c:152:6:usbd_control_set_request	8	static
C:/Raspberrypi_Pico/GP2040-CE-0.7.11_8BitDo5/8BitDoArcadeStickUSBConverter2/lib/tinyusb/src/device/usbd_control.c:162:6:usbd_control_xfer_cb	16	static
