C:/Raspberrypi_Pico/GP2040-CE-0.7.11_8BitDo5/8BitDoArcadeStickUSBConverter2/headers/display/ui/elements/GPWidget.h:11:17:GPWidget::~GPWidget()	0	static
C:/Raspberrypi_Pico/GP2040-CE-0.7.11_8BitDo5/8BitDoArcadeStickUSBConverter2/headers/display/ui/elements/GPWidget.h:12:22:virtual void GPWidget::draw()	0	static
C:/Raspberrypi_Pico/GP2040-CE-0.7.11_8BitDo5/8BitDoArcadeStickUSBConverter2/headers/display/ui/elements/GPWidget.h:13:24:virtual int8_t GPWidget::update()	0	static
c:\progra~2\gnuarm~1\102021~1.10\arm-none-eabi\include\c++\10.3.1\bits\std_function.h:601:7:)>::function(_Functor) [with _Functor = ButtonLayoutScreen::init()::<lambda(GPEvent*)>; <template-parameter-2-2> = void; <template-parameter-2-3> = void; _Res = void; _ArgTypes = {GPEvent*}]	0	static
c:\progra~2\gnuarm~1\102021~1.10\arm-none-eabi\include\c++\10.3.1\bits\std_function.h:601:7:)>::function(_Functor) [with _Functor = ButtonLayoutScreen::init()::<lambda(GPEvent*)>; <template-parameter-2-2> = void; <template-parameter-2-3> = void; _Res = void; _ArgTypes = {GPEvent*}]	0	static
c:\progra~2\gnuarm~1\102021~1.10\arm-none-eabi\include\c++\10.3.1\bits\std_function.h:601:7:)>::function(_Functor) [with _Functor = ButtonLayoutScreen::init()::<lambda(GPEvent*)>; <template-parameter-2-2> = void; <template-parameter-2-3> = void; _Res = void; _ArgTypes = {GPEvent*}]	0	static
c:\progra~2\gnuarm~1\102021~1.10\arm-none-eabi\include\c++\10.3.1\bits\std_function.h:601:7:)>::function(_Functor) [with _Functor = ButtonLayoutScreen::shutdown()::<lambda(GPEvent*)>; <template-parameter-2-2> = void; <template-parameter-2-3> = void; _Res = void; _ArgTypes = {GPEvent*}]	0	static
c:\progra~2\gnuarm~1\102021~1.10\arm-none-eabi\include\c++\10.3.1\bits\std_function.h:601:7:)>::function(_Functor) [with _Functor = ButtonLayoutScreen::shutdown()::<lambda(GPEvent*)>; <template-parameter-2-2> = void; <template-parameter-2-3> = void; _Res = void; _ArgTypes = {GPEvent*}]	0	static
c:\progra~2\gnuarm~1\102021~1.10\arm-none-eabi\include\c++\10.3.1\bits\std_function.h:601:7:)>::function(_Functor) [with _Functor = ButtonLayoutScreen::shutdown()::<lambda(GPEvent*)>; <template-parameter-2-2> = void; <template-parameter-2-3> = void; _Res = void; _ArgTypes = {GPEvent*}]	0	static
c:\progra~2\gnuarm~1\102021~1.10\arm-none-eabi\include\c++\10.3.1\bits\std_function.h:268:7:), _Functor>::_M_manager(std::_Any_data&, const std::_Any_data&, std::_Manager_operation) [with _Res = void; _Functor = ButtonLayoutScreen::init()::<lambda(GPEvent*)>; _ArgTypes = {GPEvent*}]	0	static
c:\progra~2\gnuarm~1\102021~1.10\arm-none-eabi\include\c++\10.3.1\bits\std_function.h:268:7:), _Functor>::_M_manager(std::_Any_data&, const std::_Any_data&, std::_Manager_operation) [with _Res = void; _Functor = ButtonLayoutScreen::init()::<lambda(GPEvent*)>; _ArgTypes = {GPEvent*}]	0	static
c:\progra~2\gnuarm~1\102021~1.10\arm-none-eabi\include\c++\10.3.1\bits\std_function.h:268:7:), _Functor>::_M_manager(std::_Any_data&, const std::_Any_data&, std::_Manager_operation) [with _Res = void; _Functor = ButtonLayoutScreen::init()::<lambda(GPEvent*)>; _ArgTypes = {GPEvent*}]	0	static
c:\progra~2\gnuarm~1\102021~1.10\arm-none-eabi\include\c++\10.3.1\bits\std_function.h:268:7:), _Functor>::_M_manager(std::_Any_data&, const std::_Any_data&, std::_Manager_operation) [with _Res = void; _Functor = ButtonLayoutScreen::shutdown()::<lambda(GPEvent*)>; _ArgTypes = {GPEvent*}]	0	static
c:\progra~2\gnuarm~1\102021~1.10\arm-none-eabi\include\c++\10.3.1\bits\std_function.h:268:7:), _Functor>::_M_manager(std::_Any_data&, const std::_Any_data&, std::_Manager_operation) [with _Res = void; _Functor = ButtonLayoutScreen::shutdown()::<lambda(GPEvent*)>; _ArgTypes = {GPEvent*}]	0	static
c:\progra~2\gnuarm~1\102021~1.10\arm-none-eabi\include\c++\10.3.1\bits\std_function.h:268:7:), _Functor>::_M_manager(std::_Any_data&, const std::_Any_data&, std::_Manager_operation) [with _Res = void; _Functor = ButtonLayoutScreen::shutdown()::<lambda(GPEvent*)>; _ArgTypes = {GPEvent*}]	0	static
C:/Raspberrypi_Pico/GP2040-CE-0.7.11_8BitDo5/8BitDoArcadeStickUSBConverter2/headers/display/ui/elements/GPWidget.h:11:17:virtual GPWidget::~GPWidget()	8	static
C:/Raspberrypi_Pico/GP2040-CE-0.7.11_8BitDo5/8BitDoArcadeStickUSBConverter2/src/display/ui/screens/ButtonLayoutScreen.cpp:560:1:void __static_initialization_and_destruction_0(int, int)	112	static
C:/Raspberrypi_Pico/GP2040-CE-0.7.11_8BitDo5/8BitDoArcadeStickUSBConverter2/headers/eventmanager.h:35:33:void __tcf_0()	24	static
C:/Raspberrypi_Pico/GP2040-CE-0.7.11_8BitDo5/8BitDoArcadeStickUSBConverter2/src/display/ui/screens/ButtonLayoutScreen.cpp:86:6:virtual void ButtonLayoutScreen::shutdown()	64	static
C:/Raspberrypi_Pico/GP2040-CE-0.7.11_8BitDo5/8BitDoArcadeStickUSBConverter2/src/display/ui/screens/ButtonLayoutScreen.cpp:430:6:bool ButtonLayoutScreen::compareCustomLayouts()	88	static
C:/Raspberrypi_Pico/GP2040-CE-0.7.11_8BitDo5/8BitDoArcadeStickUSBConverter2/src/display/ui/screens/ButtonLayoutScreen.cpp:441:6:bool ButtonLayoutScreen::pressedUp()	8	static
C:/Raspberrypi_Pico/GP2040-CE-0.7.11_8BitDo5/8BitDoArcadeStickUSBConverter2/src/display/ui/screens/ButtonLayoutScreen.cpp:453:6:bool ButtonLayoutScreen::pressedDown()	8	static
C:/Raspberrypi_Pico/GP2040-CE-0.7.11_8BitDo5/8BitDoArcadeStickUSBConverter2/src/display/ui/screens/ButtonLayoutScreen.cpp:465:6:bool ButtonLayoutScreen::pressedLeft()	8	static
C:/Raspberrypi_Pico/GP2040-CE-0.7.11_8BitDo5/8BitDoArcadeStickUSBConverter2/src/display/ui/screens/ButtonLayoutScreen.cpp:477:6:bool ButtonLayoutScreen::pressedRight()	8	static
C:/Raspberrypi_Pico/GP2040-CE-0.7.11_8BitDo5/8BitDoArcadeStickUSBConverter2/src/display/ui/screens/ButtonLayoutScreen.cpp:489:6:bool ButtonLayoutScreen::pressedUpLeft()	8	static
C:/Raspberrypi_Pico/GP2040-CE-0.7.11_8BitDo5/8BitDoArcadeStickUSBConverter2/src/display/ui/screens/ButtonLayoutScreen.cpp:501:6:bool ButtonLayoutScreen::pressedUpRight()	8	static
C:/Raspberrypi_Pico/GP2040-CE-0.7.11_8BitDo5/8BitDoArcadeStickUSBConverter2/src/display/ui/screens/ButtonLayoutScreen.cpp:513:6:bool ButtonLayoutScreen::pressedDownLeft()	8	static
C:/Raspberrypi_Pico/GP2040-CE-0.7.11_8BitDo5/8BitDoArcadeStickUSBConverter2/src/display/ui/screens/ButtonLayoutScreen.cpp:525:6:bool ButtonLayoutScreen::pressedDownRight()	8	static
C:/Raspberrypi_Pico/GP2040-CE-0.7.11_8BitDo5/8BitDoArcadeStickUSBConverter2/src/display/ui/screens/ButtonLayoutScreen.cpp:537:6:void ButtonLayoutScreen::handleProfileChange(GPEvent*)	0	static
c:\progra~2\gnuarm~1\102021~1.10\arm-none-eabi\include\c++\10.3.1\bits\std_function.h:289:7:) [with _Res = void; _Functor = ButtonLayoutScreen::init()::<lambda(GPEvent*)>; _ArgTypes = {GPEvent*}]	8	static
c:\progra~2\gnuarm~1\102021~1.10\arm-none-eabi\include\c++\10.3.1\bits\std_function.h:289:7:) [with _Res = void; _Functor = ButtonLayoutScreen::shutdown()::<lambda(GPEvent*)>; _ArgTypes = {GPEvent*}]	8	static
C:/Raspberrypi_Pico/GP2040-CE-0.7.11_8BitDo5/8BitDoArcadeStickUSBConverter2/src/display/ui/screens/ButtonLayoutScreen.cpp:544:6:void ButtonLayoutScreen::handleUSB(GPEvent*)	24	static
c:\progra~2\gnuarm~1\102021~1.10\arm-none-eabi\include\c++\10.3.1\bits\std_function.h:289:7:) [with _Res = void; _Functor = ButtonLayoutScreen::init()::<lambda(GPEvent*)>; _ArgTypes = {GPEvent*}]	8	static
c:\progra~2\gnuarm~1\102021~1.10\arm-none-eabi\include\c++\10.3.1\bits\std_function.h:289:7:) [with _Res = void; _Functor = ButtonLayoutScreen::init()::<lambda(GPEvent*)>; _ArgTypes = {GPEvent*}]	8	static
c:\progra~2\gnuarm~1\102021~1.10\arm-none-eabi\include\c++\10.3.1\bits\std_function.h:289:7:) [with _Res = void; _Functor = ButtonLayoutScreen::shutdown()::<lambda(GPEvent*)>; _ArgTypes = {GPEvent*}]	8	static
c:\progra~2\gnuarm~1\102021~1.10\arm-none-eabi\include\c++\10.3.1\bits\std_function.h:289:7:) [with _Res = void; _Functor = ButtonLayoutScreen::shutdown()::<lambda(GPEvent*)>; _ArgTypes = {GPEvent*}]	8	static
c:\progra~2\gnuarm~1\102021~1.10\arm-none-eabi\include\c++\10.3.1\bits\charconv.h:72:5:void std::__detail::__to_chars_10_impl(char*, unsigned int, _Tp) [with _Tp = long unsigned int]	24	static
c:\progra~2\gnuarm~1\102021~1.10\arm-none-eabi\include\c++\10.3.1\bits\basic_string.tcc:1152:5:std::__cxx11::basic_string<_CharT, _Traits, _Allocator> std::operator+(const _CharT*, const std::__cxx11::basic_string<_CharT, _Traits, _Allocator>&) [with _CharT = char; _Traits = std::char_traits<char>; _Alloc = std::allocator<char>]	24	static
c:\progra~2\gnuarm~1\102021~1.10\arm-none-eabi\include\c++\10.3.1\bits\vector.tcc:426:7:) [with _Args = {GPWidget* const&}; _Tp = GPWidget*; _Alloc = std::allocator<GPWidget*>]	48	static
C:/Raspberrypi_Pico/GP2040-CE-0.7.11_8BitDo5/8BitDoArcadeStickUSBConverter2/src/display/ui/screens/ButtonLayoutScreen.cpp:283:11:GPButton* ButtonLayoutScreen::addButton(uint16_t, uint16_t, uint16_t, uint16_t, uint16_t, uint16_t, int16_t)	88	static
C:/Raspberrypi_Pico/GP2040-CE-0.7.11_8BitDo5/8BitDoArcadeStickUSBConverter2/src/display/ui/screens/ButtonLayoutScreen.cpp:306:11:GPSprite* ButtonLayoutScreen::addSprite(uint16_t, uint16_t, uint16_t, uint16_t)	56	static
C:/Raspberrypi_Pico/GP2040-CE-0.7.11_8BitDo5/8BitDoArcadeStickUSBConverter2/src/display/ui/screens/ButtonLayoutScreen.cpp:295:10:GPShape* ButtonLayoutScreen::addShape(uint16_t, uint16_t, uint16_t, uint16_t, uint16_t, uint16_t)	80	static
C:/Raspberrypi_Pico/GP2040-CE-0.7.11_8BitDo5/8BitDoArcadeStickUSBConverter2/src/display/ui/screens/ButtonLayoutScreen.cpp:271:10:GPLever* ButtonLayoutScreen::addLever(uint16_t, uint16_t, uint16_t, uint16_t, uint16_t, uint16_t, uint16_t)	80	static
C:/Raspberrypi_Pico/GP2040-CE-0.7.11_8BitDo5/8BitDoArcadeStickUSBConverter2/src/display/ui/screens/ButtonLayoutScreen.cpp:315:11:GPWidget* ButtonLayoutScreen::pushElement(GPButtonLayout)	40	static
c:\progra~2\gnuarm~1\102021~1.10\arm-none-eabi\include\c++\10.3.1\bits\basic_string.tcc:206:7:void std::__cxx11::basic_string<_CharT, _Traits, _Alloc>::_M_construct(_InIterator, _InIterator, std::forward_iterator_tag) [with _FwdIterator = const char*; _CharT = char; _Traits = std::char_traits<char>; _Alloc = std::allocator<char>]	24	static
c:\progra~2\gnuarm~1\102021~1.10\arm-none-eabi\include\c++\10.3.1\bits\stl_tree.h:1915:5:void std::_Rb_tree<_Key, _Val, _KeyOfValue, _Compare, _Alloc>::_M_erase(std::_Rb_tree<_Key, _Val, _KeyOfValue, _Compare, _Alloc>::_Link_type) [with _Key = short unsigned int; _Val = std::pair<const short unsigned int, short unsigned int>; _KeyOfValue = std::_Select1st<std::pair<const short unsigned int, short unsigned int> >; _Compare = std::less<short unsigned int>; _Alloc = std::allocator<std::pair<const short unsigned int, short unsigned int> >]	16	static
c:\progra~2\gnuarm~1\102021~1.10\arm-none-eabi\include\c++\10.3.1\bits\stl_deque.h:671:5:void std::_Deque_base<_Tp, _Alloc>::_M_destroy_nodes(std::_Deque_base<_Tp, _Alloc>::_Map_pointer, std::_Deque_base<_Tp, _Alloc>::_Map_pointer) [with _Tp = std::__cxx11::basic_string<char>; _Alloc = std::allocator<std::__cxx11::basic_string<char> >]	16	static
c:\progra~2\gnuarm~1\102021~1.10\arm-none-eabi\include\c++\10.3.1\bits\stl_deque.h:593:5:std::_Deque_base<_Tp, _Alloc>::~_Deque_base() [with _Tp = std::__cxx11::basic_string<char>; _Alloc = std::allocator<std::__cxx11::basic_string<char> >]	8	static
c:\progra~2\gnuarm~1\102021~1.10\arm-none-eabi\include\c++\10.3.1\bits\deque.tcc:573:10:void std::deque<_Tp, _Alloc>::_M_pop_front_aux() [with _Tp = std::__cxx11::basic_string<char>; _Alloc = std::allocator<std::__cxx11::basic_string<char> >]	8	static
c:\progra~2\gnuarm~1\102021~1.10\arm-none-eabi\include\c++\10.3.1\bits\stl_deque.h:653:5:void std::_Deque_base<_Tp, _Alloc>::_M_create_nodes(std::_Deque_base<_Tp, _Alloc>::_Map_pointer, std::_Deque_base<_Tp, _Alloc>::_Map_pointer) [with _Tp = std::__cxx11::basic_string<char>; _Alloc = std::allocator<std::__cxx11::basic_string<char> >]	16	static
c:\progra~2\gnuarm~1\102021~1.10\arm-none-eabi\include\c++\10.3.1\bits\stl_deque.h:614:5:void std::_Deque_base<_Tp, _Alloc>::_M_initialize_map(std::size_t) [with _Tp = std::__cxx11::basic_string<char>; _Alloc = std::allocator<std::__cxx11::basic_string<char> >]	32	static
c:\progra~2\gnuarm~1\102021~1.10\arm-none-eabi\include\c++\10.3.1\bits\deque.tcc:856:6:void std::deque<_Tp, _Alloc>::_M_destroy_data_aux(std::deque<_Tp, _Alloc>::iterator, std::deque<_Tp, _Alloc>::iterator) [with _Tp = std::__cxx11::basic_string<char>; _Alloc = std::allocator<std::__cxx11::basic_string<char> >]	24	static
C:/Raspberrypi_Pico/GP2040-CE-0.7.11_8BitDo5/8BitDoArcadeStickUSBConverter2/src/display/ui/screens/ButtonLayoutScreen.cpp:8:6:virtual void ButtonLayoutScreen::init()	192	static
C:/Raspberrypi_Pico/GP2040-CE-0.7.11_8BitDo5/8BitDoArcadeStickUSBConverter2/headers/display/ui/screens/ButtonLayoutScreen.h:105:17:ButtonLayoutScreen::~ButtonLayoutScreen()	80	static
C:/Raspberrypi_Pico/GP2040-CE-0.7.11_8BitDo5/8BitDoArcadeStickUSBConverter2/headers/display/ui/screens/ButtonLayoutScreen.h:105:17:virtual ButtonLayoutScreen::~ButtonLayoutScreen()	80	static
c:\progra~2\gnuarm~1\102021~1.10\arm-none-eabi\include\c++\10.3.1\bits\stl_tree.h:1948:5:std::_Rb_tree<_Key, _Val, _KeyOfValue, _Compare, _Alloc>::const_iterator std::_Rb_tree<_Key, _Val, _KeyOfValue, _Compare, _Alloc>::_M_lower_bound(std::_Rb_tree<_Key, _Val, _KeyOfValue, _Compare, _Alloc>::_Const_Link_type, std::_Rb_tree<_Key, _Val, _KeyOfValue, _Compare, _Alloc>::_Const_Base_ptr, const _Key&) const [with _Key = short unsigned int; _Val = std::pair<const short unsigned int, short unsigned int>; _KeyOfValue = std::_Select1st<std::pair<const short unsigned int, short unsigned int> >; _Compare = std::less<short unsigned int>; _Alloc = std::allocator<std::pair<const short unsigned int, short unsigned int> >]	12	static
c:\progra~2\gnuarm~1\102021~1.10\arm-none-eabi\include\c++\10.3.1\bits\stl_tree.h:2565:5:std::_Rb_tree<_Key, _Val, _KeyOfValue, _Compare, _Alloc>::const_iterator std::_Rb_tree<_Key, _Val, _KeyOfValue, _Compare, _Alloc>::find(const _Key&) const [with _Key = short unsigned int; _Val = std::pair<const short unsigned int, short unsigned int>; _KeyOfValue = std::_Select1st<std::pair<const short unsigned int, short unsigned int> >; _Compare = std::less<short unsigned int>; _Alloc = std::allocator<std::pair<const short unsigned int, short unsigned int> >]	16	static
c:\progra~2\gnuarm~1\102021~1.10\arm-none-eabi\include\c++\10.3.1\bits\stl_algobase.h:1921:5:_RandomAccessIterator std::__find_if(_RandomAccessIterator, _RandomAccessIterator, _Predicate, std::random_access_iterator_tag) [with _RandomAccessIterator = __gnu_cxx::__normal_iterator<char*, std::__cxx11::basic_string<char> >; _Predicate = __gnu_cxx::__ops::_Iter_pred<std::unary_negate<std::pointer_to_unary_function<int, int> > >]	32	static
C:/Raspberrypi_Pico/GP2040-CE-0.7.11_8BitDo5/8BitDoArcadeStickUSBConverter2/src/display/ui/screens/ButtonLayoutScreen.cpp:557:6:void ButtonLayoutScreen::trim(std::string&)	16	static
C:/Raspberrypi_Pico/GP2040-CE-0.7.11_8BitDo5/8BitDoArcadeStickUSBConverter2/src/display/ui/screens/ButtonLayoutScreen.cpp:137:6:void ButtonLayoutScreen::generateHeader()	136	static
c:\progra~2\gnuarm~1\102021~1.10\arm-none-eabi\include\c++\10.3.1\bits\basic_string.tcc:206:7:void std::__cxx11::basic_string<_CharT, _Traits, _Alloc>::_M_construct(_InIterator, _InIterator, std::forward_iterator_tag) [with _FwdIterator = char*; _CharT = char; _Traits = std::char_traits<char>; _Alloc = std::allocator<char>]	24	static
c:\progra~2\gnuarm~1\102021~1.10\arm-none-eabi\include\c++\10.3.1\bits\basic_string.h:6044:5:std::__cxx11::basic_string<_CharT, _Traits, _Allocator> std::operator+(const std::__cxx11::basic_string<_CharT, _Traits, _Allocator>&, const std::__cxx11::basic_string<_CharT, _Traits, _Allocator>&) [with _CharT = char; _Traits = std::char_traits<char>; _Alloc = std::allocator<char>]	16	static
C:/Raspberrypi_Pico/GP2040-CE-0.7.11_8BitDo5/8BitDoArcadeStickUSBConverter2/src/display/ui/screens/ButtonLayoutScreen.cpp:261:6:virtual void ButtonLayoutScreen::drawScreen()	120	static
c:\progra~2\gnuarm~1\102021~1.10\arm-none-eabi\include\c++\10.3.1\bits\deque.tcc:928:5:void std::deque<_Tp, _Alloc>::_M_reallocate_map(std::deque<_Tp, _Alloc>::size_type, bool) [with _Tp = std::__cxx11::basic_string<char>; _Alloc = std::allocator<std::__cxx11::basic_string<char> >]	40	static
c:\progra~2\gnuarm~1\102021~1.10\arm-none-eabi\include\c++\10.3.1\bits\deque.tcc:481:7:) [with _Args = {const std::__cxx11::basic_string<char, std::char_traits<char>, std::allocator<char> >&}; _Tp = std::__cxx11::basic_string<char>; _Alloc = std::allocator<std::__cxx11::basic_string<char> >]	16	static
C:/Raspberrypi_Pico/GP2040-CE-0.7.11_8BitDo5/8BitDoArcadeStickUSBConverter2/src/display/ui/screens/ButtonLayoutScreen.cpp:345:6:void ButtonLayoutScreen::processInputHistory()	416	static
C:/Raspberrypi_Pico/GP2040-CE-0.7.11_8BitDo5/8BitDoArcadeStickUSBConverter2/src/display/ui/screens/ButtonLayoutScreen.cpp:94:8:virtual int8_t ButtonLayoutScreen::update()	32	static
C:/Raspberrypi_Pico/GP2040-CE-0.7.11_8BitDo5/8BitDoArcadeStickUSBConverter2/src/display/ui/screens/ButtonLayoutScreen.cpp:560:1:cpp)	8	static
C:/Raspberrypi_Pico/GP2040-CE-0.7.11_8BitDo5/8BitDoArcadeStickUSBConverter2/src/display/ui/screens/ButtonLayoutScreen.cpp:560:1:cpp)	8	static
